Archive member included to satisfy reference by file (symbol)

c:/st/stm32cubeide_1.7.0/stm32cubeide/plugins/com.st.stm32cube.ide.mcu.externaltools.gnu-tools-for-stm32.10.3-2021.10.win32_1.0.0.202111181127/tools/bin/../lib/gcc/arm-none-eabi/10.3.1/../../../../arm-none-eabi/lib/thumb/v7e-m+fp/hard\libc_nano.a(lib_a-errno.o)
                              ./Core/Src/syscalls.o (__errno)
c:/st/stm32cubeide_1.7.0/stm32cubeide/plugins/com.st.stm32cube.ide.mcu.externaltools.gnu-tools-for-stm32.10.3-2021.10.win32_1.0.0.202111181127/tools/bin/../lib/gcc/arm-none-eabi/10.3.1/../../../../arm-none-eabi/lib/thumb/v7e-m+fp/hard\libc_nano.a(lib_a-exit.o)
                              c:/st/stm32cubeide_1.7.0/stm32cubeide/plugins/com.st.stm32cube.ide.mcu.externaltools.gnu-tools-for-stm32.10.3-2021.10.win32_1.0.0.202111181127/tools/bin/../lib/gcc/arm-none-eabi/10.3.1/../../../../arm-none-eabi/lib/thumb/v7e-m+fp/hard/crt0.o (exit)
c:/st/stm32cubeide_1.7.0/stm32cubeide/plugins/com.st.stm32cube.ide.mcu.externaltools.gnu-tools-for-stm32.10.3-2021.10.win32_1.0.0.202111181127/tools/bin/../lib/gcc/arm-none-eabi/10.3.1/../../../../arm-none-eabi/lib/thumb/v7e-m+fp/hard\libc_nano.a(lib_a-impure.o)
                              c:/st/stm32cubeide_1.7.0/stm32cubeide/plugins/com.st.stm32cube.ide.mcu.externaltools.gnu-tools-for-stm32.10.3-2021.10.win32_1.0.0.202111181127/tools/bin/../lib/gcc/arm-none-eabi/10.3.1/../../../../arm-none-eabi/lib/thumb/v7e-m+fp/hard\libc_nano.a(lib_a-exit.o) (_global_impure_ptr)
c:/st/stm32cubeide_1.7.0/stm32cubeide/plugins/com.st.stm32cube.ide.mcu.externaltools.gnu-tools-for-stm32.10.3-2021.10.win32_1.0.0.202111181127/tools/bin/../lib/gcc/arm-none-eabi/10.3.1/../../../../arm-none-eabi/lib/thumb/v7e-m+fp/hard\libc_nano.a(lib_a-init.o)
                              c:/st/stm32cubeide_1.7.0/stm32cubeide/plugins/com.st.stm32cube.ide.mcu.externaltools.gnu-tools-for-stm32.10.3-2021.10.win32_1.0.0.202111181127/tools/bin/../lib/gcc/arm-none-eabi/10.3.1/../../../../arm-none-eabi/lib/thumb/v7e-m+fp/hard/crt0.o (__libc_init_array)
c:/st/stm32cubeide_1.7.0/stm32cubeide/plugins/com.st.stm32cube.ide.mcu.externaltools.gnu-tools-for-stm32.10.3-2021.10.win32_1.0.0.202111181127/tools/bin/../lib/gcc/arm-none-eabi/10.3.1/../../../../arm-none-eabi/lib/thumb/v7e-m+fp/hard\libc_nano.a(lib_a-memset.o)
                              c:/st/stm32cubeide_1.7.0/stm32cubeide/plugins/com.st.stm32cube.ide.mcu.externaltools.gnu-tools-for-stm32.10.3-2021.10.win32_1.0.0.202111181127/tools/bin/../lib/gcc/arm-none-eabi/10.3.1/../../../../arm-none-eabi/lib/thumb/v7e-m+fp/hard/crt0.o (memset)
c:/st/stm32cubeide_1.7.0/stm32cubeide/plugins/com.st.stm32cube.ide.mcu.externaltools.gnu-tools-for-stm32.10.3-2021.10.win32_1.0.0.202111181127/tools/bin/../lib/gcc/arm-none-eabi/10.3.1/thumb/v7e-m+fp/hard\libgcc.a(_arm_muldf3.o)
                              ./Core/Src/400WControl.o (__aeabi_dmul)
c:/st/stm32cubeide_1.7.0/stm32cubeide/plugins/com.st.stm32cube.ide.mcu.externaltools.gnu-tools-for-stm32.10.3-2021.10.win32_1.0.0.202111181127/tools/bin/../lib/gcc/arm-none-eabi/10.3.1/thumb/v7e-m+fp/hard\libgcc.a(_arm_addsubdf3.o)
                              ./Core/Src/DCDC_Converter.o (__aeabi_ui2d)
c:/st/stm32cubeide_1.7.0/stm32cubeide/plugins/com.st.stm32cube.ide.mcu.externaltools.gnu-tools-for-stm32.10.3-2021.10.win32_1.0.0.202111181127/tools/bin/../lib/gcc/arm-none-eabi/10.3.1/thumb/v7e-m+fp/hard\libgcc.a(_arm_cmpdf2.o)
                              ./Core/Src/DCDC_Converter.o (__aeabi_dcmple)
c:/st/stm32cubeide_1.7.0/stm32cubeide/plugins/com.st.stm32cube.ide.mcu.externaltools.gnu-tools-for-stm32.10.3-2021.10.win32_1.0.0.202111181127/tools/bin/../lib/gcc/arm-none-eabi/10.3.1/thumb/v7e-m+fp/hard\libgcc.a(_arm_fixdfsi.o)
                              ./Core/Src/400WControl.o (__aeabi_d2iz)
c:/st/stm32cubeide_1.7.0/stm32cubeide/plugins/com.st.stm32cube.ide.mcu.externaltools.gnu-tools-for-stm32.10.3-2021.10.win32_1.0.0.202111181127/tools/bin/../lib/gcc/arm-none-eabi/10.3.1/thumb/v7e-m+fp/hard\libgcc.a(_arm_fixunsdfsi.o)
                              ./Core/Src/DCDC_Converter.o (__aeabi_d2uiz)
c:/st/stm32cubeide_1.7.0/stm32cubeide/plugins/com.st.stm32cube.ide.mcu.externaltools.gnu-tools-for-stm32.10.3-2021.10.win32_1.0.0.202111181127/tools/bin/../lib/gcc/arm-none-eabi/10.3.1/thumb/v7e-m+fp/hard\libgcc.a(_aeabi_ldivmod.o)
                              ./Core/Src/DCDC_Converter.o (__aeabi_ldivmod)
c:/st/stm32cubeide_1.7.0/stm32cubeide/plugins/com.st.stm32cube.ide.mcu.externaltools.gnu-tools-for-stm32.10.3-2021.10.win32_1.0.0.202111181127/tools/bin/../lib/gcc/arm-none-eabi/10.3.1/thumb/v7e-m+fp/hard\libgcc.a(_aeabi_uldivmod.o)
                              ./Core/Src/DCDC_Converter.o (__aeabi_uldivmod)
c:/st/stm32cubeide_1.7.0/stm32cubeide/plugins/com.st.stm32cube.ide.mcu.externaltools.gnu-tools-for-stm32.10.3-2021.10.win32_1.0.0.202111181127/tools/bin/../lib/gcc/arm-none-eabi/10.3.1/thumb/v7e-m+fp/hard\libgcc.a(_udivmoddi4.o)
[...]
Memory Configuration

Name             Origin             Length             Attributes
RAM              0x0000000020000000 0x0000000000020000 xrw
FLASH            0x0000000008000000 0x0000000000080000 xr
*default*        0x0000000000000000 0xffffffffffffffff

Linker script and memory map

LOAD c:/st/stm32cubeide_1.7.0/stm32cubeide/plugins/com.st.stm32cube.ide.mcu.externaltools.gnu-tools-for-stm32.10.3-2021.10.win32_1.0.0.202111181127/tools/bin/../lib/gcc/arm-none-eabi/10.3.1/thumb/v7e-m+fp/hard/crti.o
LOAD c:/st/stm32cubeide_1.7.0/stm32cubeide/plugins/com.st.stm32cube.ide.mcu.externaltools.gnu-tools-for-stm32.10.3-2021.10.win32_1.0.0.202111181127/tools/bin/../lib/gcc/arm-none-eabi/10.3.1/thumb/v7e-m+fp/hard/crtbegin.o
LOAD c:/st/stm32cubeide_1.7.0/stm32cubeide/plugins/com.st.stm32cube.ide.mcu.externaltools.gnu-tools-for-stm32.10.3-2021.10.win32_1.0.0.202111181127/tools/bin/../lib/gcc/arm-none-eabi/10.3.1/../../../../arm-none-eabi/lib/thumb/v7e-m+fp/hard/crt0.o
LOAD ./Core/Src/400WControl.o
LOAD ./Core/Src/COM_Serial.o
LOAD ./Core/Src/DAC_Debug.o
LOAD ./Core/Src/DCAC_Inverter.o
LOAD ./Core/Src/DCDC_Converter.o
LOAD ./Core/Src/DQ_PhaseLockedLoop.o
LOAD ./Core/Src/DataSensing.o
LOAD ./Core/Src/FrameProtocol.o
LOAD ./Core/Src/PI_Regulator.o
LOAD ./Core/Src/PLL_Regulator.o
LOAD ./Core/Src/Solar_MPPT.o
LOAD ./Core/Src/Solar_Mul_Div.o
LOAD ./Core/Src/hw_config.o
LOAD ./Core/Src/main.o
LOAD ./Core/Src/photovSDK.o
LOAD ./Core/Src/stm32g4xx_hal_msp.o
LOAD ./Core/Src/stm32g4xx_it.o
LOAD ./Core/Src/syscalls.o
LOAD ./Core/Src/sysmem.o
LOAD ./Core/Src/system_stm32g4xx.o
LOAD ./Core/Startup/startup_stm32g474qetx.o
LOAD ./Drivers/STM32G4xx_HAL_Driver/Src/stm32g4xx_hal.o
LOAD ./Drivers/STM32G4xx_HAL_Driver/Src/stm32g4xx_hal_cortex.o
LOAD ./Drivers/STM32G4xx_HAL_Driver/Src/stm32g4xx_hal_dma.o
LOAD ./Drivers/STM32G4xx_HAL_Driver/Src/stm32g4xx_hal_dma_ex.o
LOAD ./Drivers/STM32G4xx_HAL_Driver/Src/stm32g4xx_hal_exti.o
LOAD ./Drivers/STM32G4xx_HAL_Driver/Src/stm32g4xx_hal_fdcan.o
LOAD ./Drivers/STM32G4xx_HAL_Driver/Src/stm32g4xx_hal_flash.o
LOAD ./Drivers/STM32G4xx_HAL_Driver/Src/stm32g4xx_hal_flash_ex.o
LOAD ./Drivers/STM32G4xx_HAL_Driver/Src/stm32g4xx_hal_flash_ramfunc.o
LOAD ./Drivers/STM32G4xx_HAL_Driver/Src/stm32g4xx_hal_gpio.o
LOAD ./Drivers/STM32G4xx_HAL_Driver/Src/stm32g4xx_hal_hrtim.o
LOAD ./Drivers/STM32G4xx_HAL_Driver/Src/stm32g4xx_hal_pwr.o
LOAD ./Drivers/STM32G4xx_HAL_Driver/Src/stm32g4xx_hal_pwr_ex.o
LOAD ./Drivers/STM32G4xx_HAL_Driver/Src/stm32g4xx_hal_rcc.o
LOAD ./Drivers/STM32G4xx_HAL_Driver/Src/stm32g4xx_hal_rcc_ex.o
LOAD ./Drivers/STM32G4xx_HAL_Driver/Src/stm32g4xx_hal_spi.o
LOAD ./Drivers/STM32G4xx_HAL_Driver/Src/stm32g4xx_hal_spi_ex.o
LOAD ./Drivers/STM32G4xx_HAL_Driver/Src/stm32g4xx_hal_tim.o
LOAD ./Drivers/STM32G4xx_HAL_Driver/Src/stm32g4xx_hal_tim_ex.o
LOAD ./Drivers/STM32G4xx_HAL_Driver/Src/stm32g4xx_hal_uart.o
LOAD ./Drivers/STM32G4xx_HAL_Driver/Src/stm32g4xx_hal_uart_ex.o
LOAD ./Drivers/STM32G4xx_HAL_Driver/Src/stm32g4xx_ll_adc.o
LOAD ./Drivers/STM32G4xx_HAL_Driver/Src/stm32g4xx_ll_comp.o
LOAD ./Drivers/STM32G4xx_HAL_Driver/Src/stm32g4xx_ll_dac.o
LOAD ./Drivers/STM32G4xx_HAL_Driver/Src/stm32g4xx_ll_dma.o
LOAD ./Drivers/STM32G4xx_HAL_Driver/Src/stm32g4xx_ll_exti.o
LOAD ./Drivers/STM32G4xx_HAL_Driver/Src/stm32g4xx_ll_gpio.o
LOAD ./Drivers/STM32G4xx_HAL_Driver/Src/stm32g4xx_ll_opamp.o
LOAD ./Drivers/STM32G4xx_HAL_Driver/Src/stm32g4xx_ll_rcc.o
LOAD ./Drivers/STM32G4xx_HAL_Driver/Src/stm32g4xx_ll_tim.o
LOAD ./Drivers/STM32G4xx_HAL_Driver/Src/stm32g4xx_ll_utils.o
LOAD ./FATFS/App/app_fatfs.o
LOAD ./FATFS/Target/user_diskio.o
LOAD ./FATFS/Target/user_diskio_spi.o
LOAD ./Middlewares/Third_Party/FatFs/src/diskio.o
LOAD ./Middlewares/Third_Party/FatFs/src/ff.o
LOAD ./Middlewares/Third_Party/FatFs/src/ff_gen_drv.o
LOAD ./Middlewares/Third_Party/FatFs/src/option/syscall.o
START GROUP
LOAD c:/st/stm32cubeide_1.7.0/stm32cubeide/plugins/com.st.stm32cube.ide.mcu.externaltools.gnu-tools-for-stm32.10.3-2021.10.win32_1.0.0.202111181127/tools/bin/../lib/gcc/arm-none-eabi/10.3.1/../../../../arm-none-eabi/lib/thumb/v7e-m+fp/hard\libc_nano.a
LOAD c:/st/stm32cubeide_1.7.0/stm32cubeide/plugins/com.st.stm32cube.ide.mcu.externaltools.gnu-tools-for-stm32.10.3-2021.10.win32_1.0.0.202111181127/tools/bin/../lib/gcc/arm-none-eabi/10.3.1/../../../../arm-none-eabi/lib/thumb/v7e-m+fp/hard\libm.a
END GROUP
START GROUP
LOAD c:/st/stm32cubeide_1.7.0/stm32cubeide/plugins/com.st.stm32cube.ide.mcu.externaltools.gnu-tools-for-stm32.10.3-2021.10.win32_1.0.0.202111181127/tools/bin/../lib/gcc/arm-none-eabi/10.3.1/thumb/v7e-m+fp/hard\libgcc.a
LOAD c:/st/stm32cubeide_1.7.0/stm32cubeide/plugins/com.st.stm32cube.ide.mcu.externaltools.gnu-tools-for-stm32.10.3-2021.10.win32_1.0.0.202111181127/tools/bin/../lib/gcc/arm-none-eabi/10.3.1/../../../../arm-none-eabi/lib/thumb/v7e-m+fp/hard\libc_nano.a
END GROUP
START GROUP
LOAD c:/st/stm32cubeide_1.7.0/stm32cubeide/plugins/com.st.stm32cube.ide.mcu.externaltools.gnu-tools-for-stm32.10.3-2021.10.win32_1.0.0.202111181127/tools/bin/../lib/gcc/arm-none-eabi/10.3.1/thumb/v7e-m+fp/hard\libgcc.a
LOAD c:/st/stm32cubeide_1.7.0/stm32cubeide/plugins/com.st.stm32cube.ide.mcu.externaltools.gnu-tools-for-stm32.10.3-2021.10.win32_1.0.0.202111181127/tools/bin/../lib/gcc/arm-none-eabi/10.3.1/../../../../arm-none-eabi/lib/thumb/v7e-m+fp/hard\libc_nano.a
LOAD c:/st/stm32cubeide_1.7.0/stm32cubeide/plugins/com.st.stm32cube.ide.mcu.externaltools.gnu-tools-for-stm32.10.3-2021.10.win32_1.0.0.202111181127/tools/bin/../lib/gcc/arm-none-eabi/10.3.1/../../../../arm-none-eabi/lib/thumb/v7e-m+fp/hard\libnosys.a
END GROUP
START GROUP
LOAD c:/st/stm32cubeide_1.7.0/stm32cubeide/plugins/com.st.stm32cube.ide.mcu.externaltools.gnu-tools-for-stm32.10.3-2021.10.win32_1.0.0.202111181127/tools/bin/../lib/gcc/arm-none-eabi/10.3.1/thumb/v7e-m+fp/hard\libgcc.a
LOAD c:/st/stm32cubeide_1.7.0/stm32cubeide/plugins/com.st.stm32cube.ide.mcu.externaltools.gnu-tools-for-stm32.10.3-2021.10.win32_1.0.0.202111181127/tools/bin/../lib/gcc/arm-none-eabi/10.3.1/../../../../arm-none-eabi/lib/thumb/v7e-m+fp/hard\libc_nano.a
LOAD c:/st/stm32cubeide_1.7.0/stm32cubeide/plugins/com.st.stm32cube.ide.mcu.externaltools.gnu-tools-for-stm32.10.3-2021.10.win32_1.0.0.202111181127/tools/bin/../lib/gcc/arm-none-eabi/10.3.1/../../../../arm-none-eabi/lib/thumb/v7e-m+fp/hard\libnosys.a
END GROUP
LOAD c:/st/stm32cubeide_1.7.0/stm32cubeide/plugins/com.st.stm32cube.ide.mcu.externaltools.gnu-tools-for-stm32.10.3-2021.10.win32_1.0.0.202111181127/tools/bin/../lib/gcc/arm-none-eabi/10.3.1/thumb/v7e-m+fp/hard/crtend.o
LOAD c:/st/stm32cubeide_1.7.0/stm32cubeide/plugins/com.st.stm32cube.ide.mcu.externaltools.gnu-tools-for-stm32.10.3-2021.10.win32_1.0.0.202111181127/tools/bin/../lib/gcc/arm-none-eabi/10.3.1/thumb/v7e-m+fp/hard/crtn.o
                0x0000000020020000                _estack = (ORIGIN (RAM) + LENGTH (RAM))
                0x0000000000000200                _Min_Heap_Size = 0x200
                0x0000000000000400                _Min_Stack_Size = 0x400

.isr_vector     0x0000000008000000      0x1d8
                0x0000000008000000                . = ALIGN (0x4)
 *(.isr_vector)
 .isr_vector    0x0000000008000000      0x1d8 ./Core/Startup/startup_stm32g474qetx.o
                0x0000000008000000                g_pfnVectors
                0x00000000080001d8                . = ALIGN (0x4)

.text           0x00000000080001d8     0xa6fc
                0x00000000080001d8                . = ALIGN (0x4)
 *(.text)
 .text          0x00000000080001d8       0x40 c:/st/stm32cubeide_1.7.0/stm32cubeide/plugins/com.st.stm32cube.ide.mcu.externaltools.gnu-tools-for-stm32.10.3-2021.10.win32_1.0.0.202111181127/tools/bin/../lib/gcc/arm-none-eabi/10.3.1/thumb/v7e-m+fp/hard/crtbegin.o
 .text          0x0000000008000218      0x254 c:/st/stm32cubeide_1.7.0/stm32cubeide/plugins/com.st.stm32cube.ide.mcu.externaltools.gnu-tools-for-stm32.10.3-2021.10.win32_1.0.0.202111181127/tools/bin/../lib/gcc/arm-none-eabi/10.3.1/thumb/v7e-m+fp/hard\libgcc.a(_arm_muldf3.o)
                0x0000000008000218                __muldf3
                0x0000000008000218                __aeabi_dmul
 .text          0x000000000800046c      0x378 c:/st/stm32cubeide_1.7.0/stm32cubeide/plugins/com.st.stm32cube.ide.mcu.externaltools.gnu-tools-for-stm32.10.3-2021.10.win32_1.0.0.202111181127/tools/bin/../lib/gcc/arm-none-eabi/10.3.1/thumb/v7e-m+fp/hard\libgcc.a(_arm_addsubdf3.o)
                0x000000000800046c                __aeabi_drsub
                0x0000000008000474                __aeabi_dsub
                0x0000000008000474                __subdf3
                0x0000000008000478                __aeabi_dadd
                0x0000000008000478                __adddf3
                0x00000000080006f0                __floatunsidf
                0x00000000080006f0                __aeabi_ui2d
                0x0000000008000710                __floatsidf
                0x0000000008000710                __aeabi_i2d
                0x0000000008000734                __aeabi_f2d
                0x0000000008000734                __extendsfdf2
                0x0000000008000778                __floatundidf
                0x0000000008000778                __aeabi_ul2d
                0x0000000008000788                __floatdidf
                0x0000000008000788                __aeabi_l2d
 .text          0x00000000080007e4      0x110 c:/st/stm32cubeide_1.7.0/stm32cubeide/plugins/com.st.stm32cube.ide.mcu.externaltools.gnu-tools-for-stm32.10.3-2021.10.win32_1.0.0.202111181127/tools/bin/../lib/gcc/arm-none-eabi/10.3.1/thumb/v7e-m+fp/hard\libgcc.a(_arm_cmpdf2.o)
                0x00000000080007e4                __gtdf2
                0x00000000080007e4                __gedf2
                0x00000000080007ec                __ltdf2
                0x00000000080007ec                __ledf2
                0x00000000080007f4                __nedf2
                0x00000000080007f4                __eqdf2
                0x00000000080007f4                __cmpdf2
                0x0000000008000870                __aeabi_cdrcmple
                0x0000000008000880                __aeabi_cdcmpeq
                0x0000000008000880                __aeabi_cdcmple
                0x0000000008000890                __aeabi_dcmpeq
                0x00000000080008a4                __aeabi_dcmplt
                0x00000000080008b8                __aeabi_dcmple
                0x00000000080008cc                __aeabi_dcmpge
                0x00000000080008e0                __aeabi_dcmpgt
 .text          0x00000000080008f4       0x50 c:/st/stm32cubeide_1.7.0/stm32cubeide/plugins/com.st.stm32cube.ide.mcu.externaltools.gnu-tools-for-stm32.10.3-2021.10.win32_1.0.0.202111181127/tools/bin/../lib/gcc/arm-none-eabi/10.3.1/thumb/v7e-m+fp/hard\libgcc.a(_arm_fixdfsi.o)
                0x00000000080008f4                __aeabi_d2iz
                0x00000000080008f4                __fixdfsi
 .text          0x0000000008000944       0x40 c:/st/stm32cubeide_1.7.0/stm32cubeide/plugins/com.st.stm32cube.ide.mcu.externaltools.gnu-tools-for-stm32.10.3-2021.10.win32_1.0.0.202111181127/tools/bin/../lib/gcc/arm-none-eabi/10.3.1/thumb/v7e-m+fp/hard\libgcc.a(_arm_fixunsdfsi.o)
                0x0000000008000944                __aeabi_d2uiz
                0x0000000008000944                __fixunsdfsi
 .text          0x0000000008000984       0x30 c:/st/stm32cubeide_1.7.0/stm32cubeide/plugins/com.st.stm32cube.ide.mcu.externaltools.gnu-tools-for-stm32.10.3-2021.10.win32_1.0.0.202111181127/tools/bin/../lib/gcc/arm-none-eabi/10.3.1/thumb/v7e-m+fp/hard\libgcc.a(_aeabi_uldivmod.o)
                0x0000000008000984                __aeabi_uldivmod
 .text          0x00000000080009b4      0x2d0 c:/st/stm32cubeide_1.7.0/stm32cubeide/plugins/com.st.stm32cube.ide.mcu.externaltools.gnu-tools-for-stm32.10.3-2021.10.win32_1.0.0.202111181127/tools/bin/../lib/gcc/arm-none-eabi/10.3.1/thumb/v7e-m+fp/hard\libgcc.a(_udivmoddi4.o)
                0x00000000080009b4                __udivmoddi4
 .text          0x0000000008000c84        0x4 c:/st/stm32cubeide_1.7.0/stm32cubeide/plugins/com.st.stm32cube.ide.mcu.externaltools.gnu-tools-for-stm32.10.3-2021.10.win32_1.0.0.202111181127/tools/bin/../lib/gcc/arm-none-eabi/10.3.1/thumb/v7e-m+fp/hard\libgcc.a(_dvmd_tls.o)
                0x0000000008000c84                __aeabi_idiv0
                0x0000000008000c84                __aeabi_ldiv0
 *(.text*)
 .text.delay_cycles
                0x0000000008000c88       0x2c ./Core/Src/400WControl.o
                0x0000000008000c88                delay_cycles
 .text.ExecControlInitParamOffSet
                0x0000000008000cb4       0xbc ./Core/Src/400WControl.o
                0x0000000008000cb4                ExecControlInitParamOffSet
 .text.ExecControlOpenLoop
                0x0000000008000d70      0x20c ./Core/Src/400WControl.o
                0x0000000008000d70                ExecControlOpenLoop
 .text.SetControlMode
                0x0000000008000f7c       0x50 ./Core/Src/400WControl.o
                0x0000000008000f7c                SetControlMode
 .text.CalibrationControl.part.0
                0x0000000008000fcc      0x124 ./Core/Src/400WControl.o
 .text.StartControl
                0x00000000080010f0       0xd8 ./Core/Src/400WControl.o
                0x00000000080010f0                StartControl
 .text.InitControl
                0x00000000080011c8      0x1b0 ./Core/Src/400WControl.o
                0x00000000080011c8                InitControl
 .text.CalcAndSetACComponents
                0x0000000008001378      0x1e8 ./Core/Src/400WControl.o
                0x0000000008001378                CalcAndSetACComponents
 .text.ExecControl
                0x0000000008001560      0x718 ./Core/Src/400WControl.o
                0x0000000008001560                ExecControl
 .text.DCAC_Init
                0x0000000008001c78       0x48 ./Core/Src/DCAC_Inverter.o
                0x0000000008001c78                DCAC_Init
 .text.DCAC_SendCommand
                0x0000000008001cc0       0x98 ./Core/Src/DCAC_Inverter.o
                0x0000000008001cc0                DCAC_SendCommand
 .text.DCAC_SetPulse
                0x0000000008001d58       0x5c ./Core/Src/DCAC_Inverter.o
                0x0000000008001d58                DCAC_SetPulse
 .text.DCAC_GetStatus
                0x0000000008001db4        0xc ./Core/Src/DCAC_Inverter.o
                0x0000000008001db4                DCAC_GetStatus
 .text.HRTIM_TIMD_DMA_START
                0x0000000008001dc0       0x10 ./Core/Src/DCDC_Converter.o
                0x0000000008001dc0                HRTIM_TIMD_DMA_START
 .text.HRTIM_TIMD_DMA_STOP
                0x0000000008001dd0        0x4 ./Core/Src/DCDC_Converter.o
                0x0000000008001dd0                HRTIM_TIMD_DMA_STOP
 .text.HRTIM_TIMF_DMA_START
                0x0000000008001dd4       0x10 ./Core/Src/DCDC_Converter.o
                0x0000000008001dd4                HRTIM_TIMF_DMA_START
 .text.DCDC_SendCommand
                0x0000000008001de4       0xc4 ./Core/Src/DCDC_Converter.o
                0x0000000008001de4                DCDC_SendCommand
 .text.DCDC_GetPeriod
                0x0000000008001ea8        0xc ./Core/Src/DCDC_Converter.o
                0x0000000008001ea8                DCDC_GetPeriod
 .text.DCDC_GetFrequency
                0x0000000008001eb4        0xc ./Core/Src/DCDC_Converter.o
                0x0000000008001eb4                DCDC_GetFrequency
 .text.DCDC_GetPhaseShift
                0x0000000008001ec0        0xc ./Core/Src/DCDC_Converter.o
                0x0000000008001ec0                DCDC_GetPhaseShift
 .text.DCDC_SetPhaseShift
                0x0000000008001ecc       0x28 ./Core/Src/DCDC_Converter.o
                0x0000000008001ecc                DCDC_SetPhaseShift
 *fill*         0x0000000008001ef4        0x4 
 .text.DCDC_SetFrequency
                0x0000000008001ef8      0x2ac ./Core/Src/DCDC_Converter.o
                0x0000000008001ef8                DCDC_SetFrequency
 .text.DCDC_TIMx_Configuration
                0x00000000080021a4      0x9ac ./Core/Src/DCDC_Converter.o
                0x00000000080021a4                DCDC_TIMx_Configuration
 .text.DCDC_Init
                0x0000000008002b50       0x34 ./Core/Src/DCDC_Converter.o
                0x0000000008002b50                DCDC_Init
 .text.DQ_PLL_Grid
                0x0000000008002b84      0x10c ./Core/Src/DQ_PhaseLockedLoop.o
                0x0000000008002b84                DQ_PLL_Grid
 .text.DQ_Current_Inverter
                0x0000000008002c90       0xa0 ./Core/Src/DQ_PhaseLockedLoop.o
                0x0000000008002c90                DQ_Current_Inverter
 .text.Rev_Park
                0x0000000008002d30       0x54 ./Core/Src/DQ_PhaseLockedLoop.o
                0x0000000008002d30                Rev_Park
 .text.Calc_Theta_Grid
                0x0000000008002d84      0x22c ./Core/Src/DQ_PhaseLockedLoop.o
                0x0000000008002d84                Calc_Theta_Grid
 .text.DQ_Power_Estimation
                0x0000000008002fb0       0x98 ./Core/Src/DQ_PhaseLockedLoop.o
                0x0000000008002fb0                DQ_Power_Estimation
 .text.CrossDecoupling_Control
                0x0000000008003048       0x64 ./Core/Src/DQ_PhaseLockedLoop.o
                0x0000000008003048                CrossDecoupling_Control
 .text.RevPark_Circle_Limitation
                0x00000000080030ac       0x6c ./Core/Src/DQ_PhaseLockedLoop.o
                0x00000000080030ac                RevPark_Circle_Limitation
 .text.DQ_Filtering
                0x0000000008003118       0x70 ./Core/Src/DQ_PhaseLockedLoop.o
                0x0000000008003118                DQ_Filtering
 .text.Generate_90Degrees_Delay
                0x0000000008003188       0x2c ./Core/Src/DQ_PhaseLockedLoop.o
                0x0000000008003188                Generate_90Degrees_Delay
 .text.DS_ADC_EnableAndCalibrate
                0x00000000080031b4       0xb4 ./Core/Src/DataSensing.o
 .text.DS_Init  0x0000000008003268       0xb4 ./Core/Src/DataSensing.o
                0x0000000008003268                DS_Init
 .text.DS_SetAcquistionEvent
                0x000000000800331c        0xc ./Core/Src/DataSensing.o
                0x000000000800331c                DS_SetAcquistionEvent
 .text.DS_SendCommand
                0x0000000008003328      0x434 ./Core/Src/DataSensing.o
                0x0000000008003328                DS_SendCommand
 .text.DMA1_Channel2_IRQHandler
                0x000000000800375c       0xfc ./Core/Src/DataSensing.o
                0x000000000800375c                DMA1_Channel2_IRQHandler
 .text.PID_Init
                0x0000000008003858       0x90 ./Core/Src/PI_Regulator.o
                0x0000000008003858                PID_Init
 .text.PID_DirectCurrent
                0x00000000080038e8       0x44 ./Core/Src/PI_Regulator.o
                0x00000000080038e8                PID_DirectCurrent
 .text.PID_QuadratureCurrent
                0x000000000800392c       0x44 ./Core/Src/PI_Regulator.o
                0x000000000800392c                PID_QuadratureCurrent
 .text.PID_Reactive_Power
                0x0000000008003970       0x48 ./Core/Src/PI_Regulator.o
                0x0000000008003970                PID_Reactive_Power
 .text.PID_Init_Integral_Part
                0x00000000080039b8       0x14 ./Core/Src/PLL_Regulator.o
                0x00000000080039b8                PID_Init_Integral_Part
 .text.PLL_PID_Regulator
                0x00000000080039cc      0x168 ./Core/Src/PLL_Regulator.o
                0x00000000080039cc                PLL_PID_Regulator
 .text.PID_Bus_Voltage
                0x0000000008003b34       0x94 ./Core/Src/PLL_Regulator.o
                0x0000000008003b34                PID_Bus_Voltage
 .text.mul_q15_q15_q31
                0x0000000008003bc8       0x14 ./Core/Src/Solar_Mul_Div.o
                0x0000000008003bc8                mul_q15_q15_q31
 .text.SystemClock_Config
                0x0000000008003bdc      0x108 ./Core/Src/main.o
                0x0000000008003bdc                SystemClock_Config
 .text.startup.main
                0x0000000008003ce4     0x13d4 ./Core/Src/main.o
                0x0000000008003ce4                main
 .text.delay_us
                0x00000000080050b8       0x30 ./Core/Src/main.o
                0x00000000080050b8                delay_us
 .text.Error_Handler
                0x00000000080050e8        0x4 ./Core/Src/main.o
                0x00000000080050e8                Error_Handler
 .text.HAL_MspInit
                0x00000000080050ec       0x34 ./Core/Src/stm32g4xx_hal_msp.o
                0x00000000080050ec                HAL_MspInit
 .text.HAL_FDCAN_MspInit
                0x0000000008005120       0x78 ./Core/Src/stm32g4xx_hal_msp.o
                0x0000000008005120                HAL_FDCAN_MspInit
 .text.HAL_HRTIM_MspInit
                0x0000000008005198       0xfc ./Core/Src/stm32g4xx_hal_msp.o
                0x0000000008005198                HAL_HRTIM_MspInit
 .text.HAL_HRTIM_MspPostInit
                0x0000000008005294       0xc4 ./Core/Src/stm32g4xx_hal_msp.o
                0x0000000008005294                HAL_HRTIM_MspPostInit
 .text.HAL_SPI_MspInit
                0x0000000008005358      0x21c ./Core/Src/stm32g4xx_hal_msp.o
                0x0000000008005358                HAL_SPI_MspInit
 .text.HAL_TIM_Base_MspInit
                0x0000000008005574       0x6c ./Core/Src/stm32g4xx_hal_msp.o
                0x0000000008005574                HAL_TIM_Base_MspInit
 .text.HAL_TIM_MspPostInit
                0x00000000080055e0       0x58 ./Core/Src/stm32g4xx_hal_msp.o
                0x00000000080055e0                HAL_TIM_MspPostInit
 .text.HAL_UART_MspInit
                0x0000000008005638       0x78 ./Core/Src/stm32g4xx_hal_msp.o
                0x0000000008005638                HAL_UART_MspInit
 .text.NMI_Handler
                0x00000000080056b0        0x4 ./Core/Src/stm32g4xx_it.o
                0x00000000080056b0                NMI_Handler
 .text.HardFault_Handler
                0x00000000080056b4        0x4 ./Core/Src/stm32g4xx_it.o
                0x00000000080056b4                HardFault_Handler
 .text.MemManage_Handler
                0x00000000080056b8        0x4 ./Core/Src/stm32g4xx_it.o
                0x00000000080056b8                MemManage_Handler
 .text.BusFault_Handler
                0x00000000080056bc        0x4 ./Core/Src/stm32g4xx_it.o
                0x00000000080056bc                BusFault_Handler
 .text.UsageFault_Handler
                0x00000000080056c0        0x4 ./Core/Src/stm32g4xx_it.o
                0x00000000080056c0                UsageFault_Handler
 .text.SVC_Handler
                0x00000000080056c4        0x4 ./Core/Src/stm32g4xx_it.o
                0x00000000080056c4                SVC_Handler
 .text.DebugMon_Handler
                0x00000000080056c8        0x4 ./Core/Src/stm32g4xx_it.o
                0x00000000080056c8                DebugMon_Handler
 .text.PendSV_Handler
                0x00000000080056cc        0x4 ./Core/Src/stm32g4xx_it.o
                0x00000000080056cc                PendSV_Handler
 .text.SysTick_Handler
                0x00000000080056d0        0x4 ./Core/Src/stm32g4xx_it.o
                0x00000000080056d0                SysTick_Handler
 .text.SystemInit
                0x00000000080056d4       0x14 ./Core/Src/system_stm32g4xx.o
                0x00000000080056d4                SystemInit
 .text.Reset_Handler
                0x00000000080056e8       0x50 ./Core/Startup/startup_stm32g474qetx.o
                0x00000000080056e8                Reset_Handler
 .text.Default_Handler
                0x0000000008005738        0x2 ./Core/Startup/startup_stm32g474qetx.o
                0x0000000008005738                RTC_Alarm_IRQHandler
                0x0000000008005738                EXTI2_IRQHandler
                0x0000000008005738                TIM8_TRG_COM_IRQHandler
                0x0000000008005738                TIM8_CC_IRQHandler
                0x0000000008005738                HRTIM1_Master_IRQHandler
                0x0000000008005738                SPI4_IRQHandler
                0x0000000008005738                FDCAN3_IT0_IRQHandler
                0x0000000008005738                TIM1_CC_IRQHandler
                0x0000000008005738                HRTIM1_FLT_IRQHandler
                0x0000000008005738                HRTIM1_TIMF_IRQHandler
                0x0000000008005738                USB_HP_IRQHandler
                0x0000000008005738                CORDIC_IRQHandler
                0x0000000008005738                HRTIM1_TIMD_IRQHandler
                0x0000000008005738                DMA2_Channel8_IRQHandler
                0x0000000008005738                EXTI3_IRQHandler
                0x0000000008005738                I2C3_ER_IRQHandler
                0x0000000008005738                EXTI0_IRQHandler
                0x0000000008005738                I2C2_EV_IRQHandler
                0x0000000008005738                FPU_IRQHandler
                0x0000000008005738                FDCAN1_IT1_IRQHandler
                0x0000000008005738                TIM1_UP_TIM16_IRQHandler
                0x0000000008005738                ADC1_2_IRQHandler
                0x0000000008005738                HRTIM1_TIME_IRQHandler
                0x0000000008005738                SPI1_IRQHandler
                0x0000000008005738                TIM6_DAC_IRQHandler
                0x0000000008005738                HRTIM1_TIMC_IRQHandler
                0x0000000008005738                TIM8_UP_IRQHandler
                0x0000000008005738                DMA2_Channel2_IRQHandler
                0x0000000008005738                DMA1_Channel4_IRQHandler
                0x0000000008005738                TIM20_TRG_COM_IRQHandler
                0x0000000008005738                USART3_IRQHandler
                0x0000000008005738                DMA1_Channel7_IRQHandler
                0x0000000008005738                UART5_IRQHandler
                0x0000000008005738                ADC3_IRQHandler
                0x0000000008005738                TIM4_IRQHandler
                0x0000000008005738                DMA2_Channel1_IRQHandler
                0x0000000008005738                QUADSPI_IRQHandler
                0x0000000008005738                I2C1_EV_IRQHandler
                0x0000000008005738                DMA1_Channel6_IRQHandler
                0x0000000008005738                UART4_IRQHandler
                0x0000000008005738                DMA2_Channel4_IRQHandler
                0x0000000008005738                TIM3_IRQHandler
                0x0000000008005738                RCC_IRQHandler
                0x0000000008005738                TIM20_UP_IRQHandler
                0x0000000008005738                DMA1_Channel1_IRQHandler
                0x0000000008005738                Default_Handler
                0x0000000008005738                DMA2_Channel7_IRQHandler
                0x0000000008005738                RTC_TAMP_LSECSS_IRQHandler
                0x0000000008005738                FMAC_IRQHandler
                0x0000000008005738                EXTI15_10_IRQHandler
                0x0000000008005738                DMA1_Channel8_IRQHandler
                0x0000000008005738                HRTIM1_TIMA_IRQHandler
                0x0000000008005738                TIM7_DAC_IRQHandler
                0x0000000008005738                FDCAN3_IT1_IRQHandler
                0x0000000008005738                TIM5_IRQHandler
                0x0000000008005738                UCPD1_IRQHandler
                0x0000000008005738                I2C3_EV_IRQHandler
                0x0000000008005738                EXTI9_5_IRQHandler
                0x0000000008005738                RTC_WKUP_IRQHandler
                0x0000000008005738                PVD_PVM_IRQHandler
                0x0000000008005738                SPI2_IRQHandler
                0x0000000008005738                ADC5_IRQHandler
                0x0000000008005738                DMA2_Channel5_IRQHandler
                0x0000000008005738                CRS_IRQHandler
                0x0000000008005738                DMA1_Channel5_IRQHandler
                0x0000000008005738                USB_LP_IRQHandler
                0x0000000008005738                EXTI4_IRQHandler
                0x0000000008005738                RNG_IRQHandler
                0x0000000008005738                HRTIM1_TIMB_IRQHandler
                0x0000000008005738                TIM1_TRG_COM_TIM17_IRQHandler
                0x0000000008005738                FDCAN2_IT1_IRQHandler
                0x0000000008005738                DMA1_Channel3_IRQHandler
                0x0000000008005738                ADC4_IRQHandler
                0x0000000008005738                WWDG_IRQHandler
                0x0000000008005738                I2C4_EV_IRQHandler
                0x0000000008005738                FDCAN2_IT0_IRQHandler
                0x0000000008005738                LPUART1_IRQHandler
                0x0000000008005738                DMA2_Channel6_IRQHandler
                0x0000000008005738                FDCAN1_IT0_IRQHandler
                0x0000000008005738                TIM2_IRQHandler
                0x0000000008005738                COMP7_IRQHandler
                0x0000000008005738                COMP1_2_3_IRQHandler
                0x0000000008005738                EXTI1_IRQHandler
                0x0000000008005738                USART2_IRQHandler
                0x0000000008005738                COMP4_5_6_IRQHandler
                0x0000000008005738                TIM20_BRK_IRQHandler
                0x0000000008005738                I2C2_ER_IRQHandler
                0x0000000008005738                TIM8_BRK_IRQHandler
                0x0000000008005738                FLASH_IRQHandler
                0x0000000008005738                TIM20_CC_IRQHandler
                0x0000000008005738                USART1_IRQHandler
                0x0000000008005738                SPI3_IRQHandler
                0x0000000008005738                I2C1_ER_IRQHandler
                0x0000000008005738                FMC_IRQHandler
                0x0000000008005738                LPTIM1_IRQHandler
                0x0000000008005738                DMAMUX_OVR_IRQHandler
                0x0000000008005738                I2C4_ER_IRQHandler
                0x0000000008005738                USBWakeUp_IRQHandler
                0x0000000008005738                SAI1_IRQHandler
                0x0000000008005738                DMA2_Channel3_IRQHandler
                0x0000000008005738                TIM1_BRK_TIM15_IRQHandler
 *fill*         0x000000000800573a        0x2 
 .text.HAL_InitTick
                0x000000000800573c       0x4c ./Drivers/STM32G4xx_HAL_Driver/Src/stm32g4xx_hal.o
                0x000000000800573c                HAL_InitTick
 .text.HAL_Init
                0x0000000008005788       0x20 ./Drivers/STM32G4xx_HAL_Driver/Src/stm32g4xx_hal.o
                0x0000000008005788                HAL_Init
 .text.HAL_IncTick
                0x00000000080057a8       0x18 ./Drivers/STM32G4xx_HAL_Driver/Src/stm32g4xx_hal.o
                0x00000000080057a8                HAL_IncTick
 .text.HAL_GetTick
                0x00000000080057c0        0xc ./Drivers/STM32G4xx_HAL_Driver/Src/stm32g4xx_hal.o
                0x00000000080057c0                HAL_GetTick
 .text.HAL_NVIC_SetPriorityGrouping
                0x00000000080057cc       0x24 ./Drivers/STM32G4xx_HAL_Driver/Src/stm32g4xx_hal_cortex.o
                0x00000000080057cc                HAL_NVIC_SetPriorityGrouping
 .text.HAL_NVIC_SetPriority
                0x00000000080057f0       0x7c ./Drivers/STM32G4xx_HAL_Driver/Src/stm32g4xx_hal_cortex.o
                0x00000000080057f0                HAL_NVIC_SetPriority
 .text.HAL_NVIC_EnableIRQ
                0x000000000800586c       0x1c ./Drivers/STM32G4xx_HAL_Driver/Src/stm32g4xx_hal_cortex.o
                0x000000000800586c                HAL_NVIC_EnableIRQ
 .text.HAL_SYSTICK_Config
                0x0000000008005888       0x34 ./Drivers/STM32G4xx_HAL_Driver/Src/stm32g4xx_hal_cortex.o
                0x0000000008005888                HAL_SYSTICK_Config
 .text.HAL_DMA_Init
                0x00000000080058bc      0x130 ./Drivers/STM32G4xx_HAL_Driver/Src/stm32g4xx_hal_dma.o
                0x00000000080058bc                HAL_DMA_Init
 .text.HAL_DMA_Start_IT
                0x00000000080059ec       0xb4 ./Drivers/STM32G4xx_HAL_Driver/Src/stm32g4xx_hal_dma.o
                0x00000000080059ec                HAL_DMA_Start_IT
 .text.HAL_DMA_Abort
                0x0000000008005aa0       0x74 ./Drivers/STM32G4xx_HAL_Driver/Src/stm32g4xx_hal_dma.o
                0x0000000008005aa0                HAL_DMA_Abort
 .text.HAL_FDCAN_Init
                0x0000000008005b14      0x274 ./Drivers/STM32G4xx_HAL_Driver/Src/stm32g4xx_hal_fdcan.o
                0x0000000008005b14                HAL_FDCAN_Init
 .text.HAL_GPIO_Init
                0x0000000008005d88      0x1f0 ./Drivers/STM32G4xx_HAL_Driver/Src/stm32g4xx_hal_gpio.o
                0x0000000008005d88                HAL_GPIO_Init
 .text.HAL_GPIO_WritePin
                0x0000000008005f78        0xc ./Drivers/STM32G4xx_HAL_Driver/Src/stm32g4xx_hal_gpio.o
                0x0000000008005f78                HAL_GPIO_WritePin
 .text.HRTIM_OutputConfig
                0x0000000008005f84       0xe4 ./Drivers/STM32G4xx_HAL_Driver/Src/stm32g4xx_hal_hrtim.o
 .text.HRTIM_EventConfig
                0x0000000008006068      0x264 ./Drivers/STM32G4xx_HAL_Driver/Src/stm32g4xx_hal_hrtim.o
 .text.HRTIM_GetDMAHandleFromTimerIdx
                0x00000000080062cc       0x40 ./Drivers/STM32G4xx_HAL_Driver/Src/stm32g4xx_hal_hrtim.o
 .text.HRTIM_ForceRegistersUpdate
                0x000000000800630c       0x80 ./Drivers/STM32G4xx_HAL_Driver/Src/stm32g4xx_hal_hrtim.o
 .text.HAL_HRTIM_Init
                0x000000000800638c       0xb4 ./Drivers/STM32G4xx_HAL_Driver/Src/stm32g4xx_hal_hrtim.o
                0x000000000800638c                HAL_HRTIM_Init
 .text.HAL_HRTIM_DLLCalibrationStart
                0x0000000008006440       0x70 ./Drivers/STM32G4xx_HAL_Driver/Src/stm32g4xx_hal_hrtim.o
                0x0000000008006440                HAL_HRTIM_DLLCalibrationStart
 .text.HAL_HRTIM_PollForDLLCalibration
                0x00000000080064b0       0x44 ./Drivers/STM32G4xx_HAL_Driver/Src/stm32g4xx_hal_hrtim.o
                0x00000000080064b0                HAL_HRTIM_PollForDLLCalibration
 .text.HAL_HRTIM_TimeBaseConfig
                0x00000000080064f4       0x78 ./Drivers/STM32G4xx_HAL_Driver/Src/stm32g4xx_hal_hrtim.o
                0x00000000080064f4                HAL_HRTIM_TimeBaseConfig
 .text.HAL_HRTIM_EventConfig
                0x000000000800656c       0x40 ./Drivers/STM32G4xx_HAL_Driver/Src/stm32g4xx_hal_hrtim.o
                0x000000000800656c                HAL_HRTIM_EventConfig
 .text.HAL_HRTIM_EventPrescalerConfig
                0x00000000080065ac       0x48 ./Drivers/STM32G4xx_HAL_Driver/Src/stm32g4xx_hal_hrtim.o
                0x00000000080065ac                HAL_HRTIM_EventPrescalerConfig
 .text.HAL_HRTIM_FaultConfig
                0x00000000080065f4      0x1f0 ./Drivers/STM32G4xx_HAL_Driver/Src/stm32g4xx_hal_hrtim.o
                0x00000000080065f4                HAL_HRTIM_FaultConfig
 .text.HAL_HRTIM_FaultPrescalerConfig
                0x00000000080067e4       0x48 ./Drivers/STM32G4xx_HAL_Driver/Src/stm32g4xx_hal_hrtim.o
                0x00000000080067e4                HAL_HRTIM_FaultPrescalerConfig
 .text.HAL_HRTIM_FaultBlankingConfigAndEnable
                0x000000000800682c      0x124 ./Drivers/STM32G4xx_HAL_Driver/Src/stm32g4xx_hal_hrtim.o
                0x000000000800682c                HAL_HRTIM_FaultBlankingConfigAndEnable
 .text.HAL_HRTIM_FaultCounterConfig
                0x0000000008006950      0x13c ./Drivers/STM32G4xx_HAL_Driver/Src/stm32g4xx_hal_hrtim.o
                0x0000000008006950                HAL_HRTIM_FaultCounterConfig
 .text.HAL_HRTIM_FaultModeCtl
                0x0000000008006a8c       0xac ./Drivers/STM32G4xx_HAL_Driver/Src/stm32g4xx_hal_hrtim.o
                0x0000000008006a8c                HAL_HRTIM_FaultModeCtl
 .text.HAL_HRTIM_ADCTriggerConfig
                0x0000000008006b38      0x24c ./Drivers/STM32G4xx_HAL_Driver/Src/stm32g4xx_hal_hrtim.o
                0x0000000008006b38                HAL_HRTIM_ADCTriggerConfig
 .text.HAL_HRTIM_ADCPostScalerConfig
                0x0000000008006d84      0x198 ./Drivers/STM32G4xx_HAL_Driver/Src/stm32g4xx_hal_hrtim.o
                0x0000000008006d84                HAL_HRTIM_ADCPostScalerConfig
 .text.HAL_HRTIM_RollOverModeConfig
                0x0000000008006f1c       0x5c ./Drivers/STM32G4xx_HAL_Driver/Src/stm32g4xx_hal_hrtim.o
                0x0000000008006f1c                HAL_HRTIM_RollOverModeConfig
 .text.HAL_HRTIM_WaveformTimerConfig
                0x0000000008006f78      0x2bc ./Drivers/STM32G4xx_HAL_Driver/Src/stm32g4xx_hal_hrtim.o
                0x0000000008006f78                HAL_HRTIM_WaveformTimerConfig
 .text.HAL_HRTIM_WaveformTimerControl
                0x0000000008007234       0x8c ./Drivers/STM32G4xx_HAL_Driver/Src/stm32g4xx_hal_hrtim.o
                0x0000000008007234                HAL_HRTIM_WaveformTimerControl
 .text.HAL_HRTIM_TimerEventFilteringConfig
                0x00000000080072c0      0x1b4 ./Drivers/STM32G4xx_HAL_Driver/Src/stm32g4xx_hal_hrtim.o
                0x00000000080072c0                HAL_HRTIM_TimerEventFilteringConfig
 .text.HAL_HRTIM_DeadTimeConfig
                0x0000000008007474       0xa8 ./Drivers/STM32G4xx_HAL_Driver/Src/stm32g4xx_hal_hrtim.o
                0x0000000008007474                HAL_HRTIM_DeadTimeConfig
 .text.HAL_HRTIM_WaveformCompareConfig
                0x000000000800751c      0x178 ./Drivers/STM32G4xx_HAL_Driver/Src/stm32g4xx_hal_hrtim.o
                0x000000000800751c                HAL_HRTIM_WaveformCompareConfig
 .text.HAL_HRTIM_WaveformOutputConfig
                0x0000000008007694       0x44 ./Drivers/STM32G4xx_HAL_Driver/Src/stm32g4xx_hal_hrtim.o
                0x0000000008007694                HAL_HRTIM_WaveformOutputConfig
 .text.HAL_HRTIM_WaveformCountStart_DMA
                0x00000000080076d8      0x110 ./Drivers/STM32G4xx_HAL_Driver/Src/stm32g4xx_hal_hrtim.o
                0x00000000080076d8                HAL_HRTIM_WaveformCountStart_DMA
 .text.HAL_HRTIM_SynchronizationEventCallback
                0x00000000080077e8        0x4 ./Drivers/STM32G4xx_HAL_Driver/Src/stm32g4xx_hal_hrtim.o
                0x00000000080077e8                HAL_HRTIM_SynchronizationEventCallback
 .text.HAL_HRTIM_RegistersUpdateCallback
                0x00000000080077ec        0x4 ./Drivers/STM32G4xx_HAL_Driver/Src/stm32g4xx_hal_hrtim.o
                0x00000000080077ec                HAL_HRTIM_RegistersUpdateCallback
 .text.HAL_HRTIM_RepetitionEventCallback
                0x00000000080077f0        0x4 ./Drivers/STM32G4xx_HAL_Driver/Src/stm32g4xx_hal_hrtim.o
                0x00000000080077f0                HAL_HRTIM_RepetitionEventCallback
 .text.HAL_HRTIM_Compare1EventCallback
                0x00000000080077f4        0x4 ./Drivers/STM32G4xx_HAL_Driver/Src/stm32g4xx_hal_hrtim.o
                0x00000000080077f4                HAL_HRTIM_Compare1EventCallback
 .text.HAL_HRTIM_Compare2EventCallback
                0x00000000080077f8        0x4 ./Drivers/STM32G4xx_HAL_Driver/Src/stm32g4xx_hal_hrtim.o
                0x00000000080077f8                HAL_HRTIM_Compare2EventCallback
 .text.HAL_HRTIM_Compare3EventCallback
                0x00000000080077fc        0x4 ./Drivers/STM32G4xx_HAL_Driver/Src/stm32g4xx_hal_hrtim.o
                0x00000000080077fc                HAL_HRTIM_Compare3EventCallback
 .text.HAL_HRTIM_Compare4EventCallback
                0x0000000008007800        0x4 ./Drivers/STM32G4xx_HAL_Driver/Src/stm32g4xx_hal_hrtim.o
                0x0000000008007800                HAL_HRTIM_Compare4EventCallback
 .text.HRTIM_DMAMasterCplt
                0x0000000008007804       0x68 ./Drivers/STM32G4xx_HAL_Driver/Src/stm32g4xx_hal_hrtim.o
 .text.HAL_HRTIM_Capture1EventCallback
                0x000000000800786c        0x4 ./Drivers/STM32G4xx_HAL_Driver/Src/stm32g4xx_hal_hrtim.o
                0x000000000800786c                HAL_HRTIM_Capture1EventCallback
 .text.HAL_HRTIM_Capture2EventCallback
                0x0000000008007870        0x4 ./Drivers/STM32G4xx_HAL_Driver/Src/stm32g4xx_hal_hrtim.o
                0x0000000008007870                HAL_HRTIM_Capture2EventCallback
 .text.HAL_HRTIM_DelayedProtectionCallback
                0x0000000008007874        0x4 ./Drivers/STM32G4xx_HAL_Driver/Src/stm32g4xx_hal_hrtim.o
                0x0000000008007874                HAL_HRTIM_DelayedProtectionCallback
 .text.HAL_HRTIM_CounterResetCallback
                0x0000000008007878        0x4 ./Drivers/STM32G4xx_HAL_Driver/Src/stm32g4xx_hal_hrtim.o
                0x0000000008007878                HAL_HRTIM_CounterResetCallback
 .text.HAL_HRTIM_Output1SetCallback
                0x000000000800787c        0x4 ./Drivers/STM32G4xx_HAL_Driver/Src/stm32g4xx_hal_hrtim.o
                0x000000000800787c                HAL_HRTIM_Output1SetCallback
 .text.HAL_HRTIM_Output1ResetCallback
                0x0000000008007880        0x4 ./Drivers/STM32G4xx_HAL_Driver/Src/stm32g4xx_hal_hrtim.o
                0x0000000008007880                HAL_HRTIM_Output1ResetCallback
 .text.HAL_HRTIM_Output2SetCallback
                0x0000000008007884        0x4 ./Drivers/STM32G4xx_HAL_Driver/Src/stm32g4xx_hal_hrtim.o
                0x0000000008007884                HAL_HRTIM_Output2SetCallback
 .text.HAL_HRTIM_Output2ResetCallback
                0x0000000008007888        0x4 ./Drivers/STM32G4xx_HAL_Driver/Src/stm32g4xx_hal_hrtim.o
                0x0000000008007888                HAL_HRTIM_Output2ResetCallback
 .text.HRTIM_DMATimerxCplt
                0x000000000800788c      0x14c ./Drivers/STM32G4xx_HAL_Driver/Src/stm32g4xx_hal_hrtim.o
 .text.HAL_HRTIM_ErrorCallback
                0x00000000080079d8        0x4 ./Drivers/STM32G4xx_HAL_Driver/Src/stm32g4xx_hal_hrtim.o
                0x00000000080079d8                HAL_HRTIM_ErrorCallback
 .text.HRTIM_DMAError
                0x00000000080079dc        0xc ./Drivers/STM32G4xx_HAL_Driver/Src/stm32g4xx_hal_hrtim.o
 .text.HAL_PWREx_DisableUCPDDeadBattery
                0x00000000080079e8       0x10 ./Drivers/STM32G4xx_HAL_Driver/Src/stm32g4xx_hal_pwr_ex.o
                0x00000000080079e8                HAL_PWREx_DisableUCPDDeadBattery
 .text.HAL_RCC_GetSysClockFreq
                0x00000000080079f8       0x70 ./Drivers/STM32G4xx_HAL_Driver/Src/stm32g4xx_hal_rcc.o
                0x00000000080079f8                HAL_RCC_GetSysClockFreq
 .text.HAL_RCC_GetPCLK1Freq
                0x0000000008007a68       0x24 ./Drivers/STM32G4xx_HAL_Driver/Src/stm32g4xx_hal_rcc.o
                0x0000000008007a68                HAL_RCC_GetPCLK1Freq
 .text.HAL_RCC_GetPCLK2Freq
                0x0000000008007a8c       0x24 ./Drivers/STM32G4xx_HAL_Driver/Src/stm32g4xx_hal_rcc.o
                0x0000000008007a8c                HAL_RCC_GetPCLK2Freq
 .text.SPI_WaitFifoStateUntilTimeout.constprop.0
                0x0000000008007ab0       0xe8 ./Drivers/STM32G4xx_HAL_Driver/Src/stm32g4xx_hal_spi.o
 .text.SPI_WaitFlagStateUntilTimeout.constprop.0
                0x0000000008007b98       0xb0 ./Drivers/STM32G4xx_HAL_Driver/Src/stm32g4xx_hal_spi.o
 .text.SPI_EndRxTxTransaction
                0x0000000008007c48       0x40 ./Drivers/STM32G4xx_HAL_Driver/Src/stm32g4xx_hal_spi.o
 .text.HAL_SPI_Init
                0x0000000008007c88       0xfc ./Drivers/STM32G4xx_HAL_Driver/Src/stm32g4xx_hal_spi.o
                0x0000000008007c88                HAL_SPI_Init
 .text.HAL_SPI_TransmitReceive
                0x0000000008007d84      0x2a0 ./Drivers/STM32G4xx_HAL_Driver/Src/stm32g4xx_hal_spi.o
                0x0000000008007d84                HAL_SPI_TransmitReceive
 .text.HAL_SPI_DMAStop
                0x0000000008008024       0x44 ./Drivers/STM32G4xx_HAL_Driver/Src/stm32g4xx_hal_spi.o
                0x0000000008008024                HAL_SPI_DMAStop
 .text.TIM_OC1_SetConfig
                0x0000000008008068       0x80 ./Drivers/STM32G4xx_HAL_Driver/Src/stm32g4xx_hal_tim.o
 .text.TIM_OC3_SetConfig
                0x00000000080080e8       0xa0 ./Drivers/STM32G4xx_HAL_Driver/Src/stm32g4xx_hal_tim.o
 .text.TIM_OC4_SetConfig
                0x0000000008008188       0xa4 ./Drivers/STM32G4xx_HAL_Driver/Src/stm32g4xx_hal_tim.o
 .text.TIM_OC5_SetConfig
                0x000000000800822c       0x70 ./Drivers/STM32G4xx_HAL_Driver/Src/stm32g4xx_hal_tim.o
 .text.TIM_OC6_SetConfig
                0x000000000800829c       0x74 ./Drivers/STM32G4xx_HAL_Driver/Src/stm32g4xx_hal_tim.o
 .text.HAL_TIM_PWM_MspInit
                0x0000000008008310        0x4 ./Drivers/STM32G4xx_HAL_Driver/Src/stm32g4xx_hal_tim.o
                0x0000000008008310                HAL_TIM_PWM_MspInit
 .text.HAL_TIM_OnePulse_MspInit
                0x0000000008008314        0x4 ./Drivers/STM32G4xx_HAL_Driver/Src/stm32g4xx_hal_tim.o
                0x0000000008008314                HAL_TIM_OnePulse_MspInit
 .text.HAL_TIM_OnePulse_Stop
                0x0000000008008318       0xa0 ./Drivers/STM32G4xx_HAL_Driver/Src/stm32g4xx_hal_tim.o
                0x0000000008008318                HAL_TIM_OnePulse_Stop
 .text.HAL_TIM_ConfigClockSource
                0x00000000080083b8      0x1c8 ./Drivers/STM32G4xx_HAL_Driver/Src/stm32g4xx_hal_tim.o
                0x00000000080083b8                HAL_TIM_ConfigClockSource
 .text.TIM_Base_SetConfig
                0x0000000008008580       0xf4 ./Drivers/STM32G4xx_HAL_Driver/Src/stm32g4xx_hal_tim.o
                0x0000000008008580                TIM_Base_SetConfig
 .text.HAL_TIM_Base_Init
                0x0000000008008674       0x64 ./Drivers/STM32G4xx_HAL_Driver/Src/stm32g4xx_hal_tim.o
                0x0000000008008674                HAL_TIM_Base_Init
 .text.HAL_TIM_PWM_Init
                0x00000000080086d8       0x64 ./Drivers/STM32G4xx_HAL_Driver/Src/stm32g4xx_hal_tim.o
                0x00000000080086d8                HAL_TIM_PWM_Init
 .text.HAL_TIM_OnePulse_Init
                0x000000000800873c       0x60 ./Drivers/STM32G4xx_HAL_Driver/Src/stm32g4xx_hal_tim.o
                0x000000000800873c                HAL_TIM_OnePulse_Init
 .text.TIM_OC2_SetConfig
                0x000000000800879c       0xa4 ./Drivers/STM32G4xx_HAL_Driver/Src/stm32g4xx_hal_tim.o
                0x000000000800879c                TIM_OC2_SetConfig
 .text.HAL_TIM_PWM_ConfigChannel
                0x0000000008008840      0x120 ./Drivers/STM32G4xx_HAL_Driver/Src/stm32g4xx_hal_tim.o
                0x0000000008008840                HAL_TIM_PWM_ConfigChannel
 .text.TIM_CCxChannelCmd
                0x0000000008008960       0x20 ./Drivers/STM32G4xx_HAL_Driver/Src/stm32g4xx_hal_tim.o
                0x0000000008008960                TIM_CCxChannelCmd
 .text.HAL_TIMEx_OnePulseN_Stop
                0x0000000008008980       0x80 ./Drivers/STM32G4xx_HAL_Driver/Src/stm32g4xx_hal_tim_ex.o
                0x0000000008008980                HAL_TIMEx_OnePulseN_Stop
 .text.HAL_TIMEx_MasterConfigSynchronization
                0x0000000008008a00       0xb8 ./Drivers/STM32G4xx_HAL_Driver/Src/stm32g4xx_hal_tim_ex.o
                0x0000000008008a00                HAL_TIMEx_MasterConfigSynchronization
 .text.HAL_TIMEx_ConfigBreakDeadTime
                0x0000000008008ab8       0xa4 ./Drivers/STM32G4xx_HAL_Driver/Src/stm32g4xx_hal_tim_ex.o
                0x0000000008008ab8                HAL_TIMEx_ConfigBreakDeadTime
 .text.HAL_TIMEx_ConfigBreakInput
                0x0000000008008b5c      0x134 ./Drivers/STM32G4xx_HAL_Driver/Src/stm32g4xx_hal_tim_ex.o
                0x0000000008008b5c                HAL_TIMEx_ConfigBreakInput
 .text.HAL_TIMEx_EnableDeadTimePreload
                0x0000000008008c90       0x10 ./Drivers/STM32G4xx_HAL_Driver/Src/stm32g4xx_hal_tim_ex.o
                0x0000000008008c90                HAL_TIMEx_EnableDeadTimePreload
 .text.UART_SetConfig
                0x0000000008008ca0      0x310 ./Drivers/STM32G4xx_HAL_Driver/Src/stm32g4xx_hal_uart.o
                0x0000000008008ca0                UART_SetConfig
 .text.UART_AdvFeatureConfig
                0x0000000008008fb0       0xb0 ./Drivers/STM32G4xx_HAL_Driver/Src/stm32g4xx_hal_uart.o
                0x0000000008008fb0                UART_AdvFeatureConfig
 .text.UART_WaitOnFlagUntilTimeout
                0x0000000008009060       0xdc ./Drivers/STM32G4xx_HAL_Driver/Src/stm32g4xx_hal_uart.o
                0x0000000008009060                UART_WaitOnFlagUntilTimeout
 .text.UART_CheckIdleState
                0x000000000800913c       0x74 ./Drivers/STM32G4xx_HAL_Driver/Src/stm32g4xx_hal_uart.o
                0x000000000800913c                UART_CheckIdleState
 .text.HAL_UART_Init
                0x00000000080091b0       0x68 ./Drivers/STM32G4xx_HAL_Driver/Src/stm32g4xx_hal_uart.o
                0x00000000080091b0                HAL_UART_Init
 .text.UARTEx_SetNbDataToProcess.part.0
                0x0000000008009218       0x40 ./Drivers/STM32G4xx_HAL_Driver/Src/stm32g4xx_hal_uart_ex.o
 .text.HAL_UARTEx_DisableFifoMode
                0x0000000008009258       0x3c ./Drivers/STM32G4xx_HAL_Driver/Src/stm32g4xx_hal_uart_ex.o
                0x0000000008009258                HAL_UARTEx_DisableFifoMode
 .text.HAL_UARTEx_SetTxFifoThreshold
                0x0000000008009294       0x54 ./Drivers/STM32G4xx_HAL_Driver/Src/stm32g4xx_hal_uart_ex.o
                0x0000000008009294                HAL_UARTEx_SetTxFifoThreshold
 .text.HAL_UARTEx_SetRxFifoThreshold
                0x00000000080092e8       0x54 ./Drivers/STM32G4xx_HAL_Driver/Src/stm32g4xx_hal_uart_ex.o
                0x00000000080092e8                HAL_UARTEx_SetRxFifoThreshold
 .text.LL_ADC_CommonInit
                0x000000000800933c       0x84 ./Drivers/STM32G4xx_HAL_Driver/Src/stm32g4xx_ll_adc.o
                0x000000000800933c                LL_ADC_CommonInit
 .text.LL_ADC_Init
                0x00000000080093c0       0x34 ./Drivers/STM32G4xx_HAL_Driver/Src/stm32g4xx_ll_adc.o
                0x00000000080093c0                LL_ADC_Init
 .text.LL_ADC_REG_Init
                0x00000000080093f4       0x60 ./Drivers/STM32G4xx_HAL_Driver/Src/stm32g4xx_ll_adc.o
                0x00000000080093f4                LL_ADC_REG_Init
 .text.LL_COMP_Init
                0x0000000008009454       0x34 ./Drivers/STM32G4xx_HAL_Driver/Src/stm32g4xx_ll_comp.o
                0x0000000008009454                LL_COMP_Init
 .text.LL_DAC_Init
                0x0000000008009488       0xb4 ./Drivers/STM32G4xx_HAL_Driver/Src/stm32g4xx_ll_dac.o
                0x0000000008009488                LL_DAC_Init
 .text.LL_GPIO_Init
                0x000000000800953c      0x1c0 ./Drivers/STM32G4xx_HAL_Driver/Src/stm32g4xx_ll_gpio.o
                0x000000000800953c                LL_GPIO_Init
 .text.LL_OPAMP_Init
                0x00000000080096fc       0x54 ./Drivers/STM32G4xx_HAL_Driver/Src/stm32g4xx_ll_opamp.o
                0x00000000080096fc                LL_OPAMP_Init
 .text.LL_TIM_Init
                0x0000000008009750       0xcc ./Drivers/STM32G4xx_HAL_Driver/Src/stm32g4xx_ll_tim.o
                0x0000000008009750                LL_TIM_Init
 .text.LL_TIM_OC_Init
                0x000000000800981c      0x388 ./Drivers/STM32G4xx_HAL_Driver/Src/stm32g4xx_ll_tim.o
                0x000000000800981c                LL_TIM_OC_Init
 .text.LL_TIM_BDTR_Init
                0x0000000008009ba4       0x84 ./Drivers/STM32G4xx_HAL_Driver/Src/stm32g4xx_ll_tim.o
                0x0000000008009ba4                LL_TIM_BDTR_Init
 .text.LL_SetSystemCoreClock
                0x0000000008009c28        0xc ./Drivers/STM32G4xx_HAL_Driver/Src/stm32g4xx_ll_utils.o
                0x0000000008009c28                LL_SetSystemCoreClock
 .text.MX_FATFS_Init
                0x0000000008009c34       0x28 ./FATFS/App/app_fatfs.o
                0x0000000008009c34                MX_FATFS_Init
 .text.USER_initialize
                0x0000000008009c5c        0x4 ./FATFS/Target/user_diskio.o
                0x0000000008009c5c                USER_initialize
 .text.USER_status
                0x0000000008009c60        0x4 ./FATFS/Target/user_diskio.o
                0x0000000008009c60                USER_status
 .text.USER_read
                0x0000000008009c64        0x4 ./FATFS/Target/user_diskio.o
                0x0000000008009c64                USER_read
 .text.USER_write
                0x0000000008009c68        0x4 ./FATFS/Target/user_diskio.o
                0x0000000008009c68                USER_write
 .text.USER_ioctl
                0x0000000008009c6c        0x4 ./FATFS/Target/user_diskio.o
                0x0000000008009c6c                USER_ioctl
 .text.rcvr_datablock
                0x0000000008009c70       0xcc ./FATFS/Target/user_diskio_spi.o
 .text.send_cmd
                0x0000000008009d3c      0x1dc ./FATFS/Target/user_diskio_spi.o
 .text.USER_SPI_initialize
                0x0000000008009f18      0x210 ./FATFS/Target/user_diskio_spi.o
                0x0000000008009f18                USER_SPI_initialize
 .text.USER_SPI_status
                0x000000000800a128       0x14 ./FATFS/Target/user_diskio_spi.o
                0x000000000800a128                USER_SPI_status
 .text.USER_SPI_read
                0x000000000800a13c       0xc0 ./FATFS/Target/user_diskio_spi.o
                0x000000000800a13c                USER_SPI_read
 .text.USER_SPI_write
                0x000000000800a1fc      0x2c8 ./FATFS/Target/user_diskio_spi.o
                0x000000000800a1fc                USER_SPI_write
 .text.USER_SPI_ioctl
                0x000000000800a4c4      0x358 ./FATFS/Target/user_diskio_spi.o
                0x000000000800a4c4                USER_SPI_ioctl
 .text.FATFS_LinkDriver
                0x000000000800a81c       0x48 ./Middlewares/Third_Party/FatFs/src/ff_gen_drv.o
                0x000000000800a81c                FATFS_LinkDriver
 .text.__libc_init_array
                0x000000000800a864       0x48 c:/st/stm32cubeide_1.7.0/stm32cubeide/plugins/com.st.stm32cube.ide.mcu.externaltools.gnu-tools-for-stm32.10.3-2021.10.win32_1.0.0.202111181127/tools/bin/../lib/gcc/arm-none-eabi/10.3.1/../../../../arm-none-eabi/lib/thumb/v7e-m+fp/hard\libc_nano.a(lib_a-init.o)
                0x000000000800a864                __libc_init_array
 .text.memset   0x000000000800a8ac       0x10 c:/st/stm32cubeide_1.7.0/stm32cubeide/plugins/com.st.stm32cube.ide.mcu.externaltools.gnu-tools-for-stm32.10.3-2021.10.win32_1.0.0.202111181127/tools/bin/../lib/gcc/arm-none-eabi/10.3.1/../../../../arm-none-eabi/lib/thumb/v7e-m+fp/hard\libc_nano.a(lib_a-memset.o)
                0x000000000800a8ac                memset
 *(.glue_7)
 .glue_7        0x000000000800a8bc        0x0 linker stubs
 *(.glue_7t)
 .glue_7t       0x000000000800a8bc        0x0 linker stubs
 *(.eh_frame)
 .eh_frame      0x000000000800a8bc        0x0 c:/st/stm32cubeide_1.7.0/stm32cubeide/plugins/com.st.stm32cube.ide.mcu.externaltools.gnu-tools-for-stm32.10.3-2021.10.win32_1.0.0.202111181127/tools/bin/../lib/gcc/arm-none-eabi/10.3.1/thumb/v7e-m+fp/hard/crtbegin.o
 *(.init)
 .init          0x000000000800a8bc        0x4 c:/st/stm32cubeide_1.7.0/stm32cubeide/plugins/com.st.stm32cube.ide.mcu.externaltools.gnu-tools-for-stm32.10.3-2021.10.win32_1.0.0.202111181127/tools/bin/../lib/gcc/arm-none-eabi/10.3.1/thumb/v7e-m+fp/hard/crti.o
                0x000000000800a8bc                _init
 .init          0x000000000800a8c0        0x8 c:/st/stm32cubeide_1.7.0/stm32cubeide/plugins/com.st.stm32cube.ide.mcu.externaltools.gnu-tools-for-stm32.10.3-2021.10.win32_1.0.0.202111181127/tools/bin/../lib/gcc/arm-none-eabi/10.3.1/thumb/v7e-m+fp/hard/crtn.o
 *(.fini)
 .fini          0x000000000800a8c8        0x4 c:/st/stm32cubeide_1.7.0/stm32cubeide/plugins/com.st.stm32cube.ide.mcu.externaltools.gnu-tools-for-stm32.10.3-2021.10.win32_1.0.0.202111181127/tools/bin/../lib/gcc/arm-none-eabi/10.3.1/thumb/v7e-m+fp/hard/crti.o
                0x000000000800a8c8                _fini
 .fini          0x000000000800a8cc        0x8 c:/st/stm32cubeide_1.7.0/stm32cubeide/plugins/com.st.stm32cube.ide.mcu.externaltools.gnu-tools-for-stm32.10.3-2021.10.win32_1.0.0.202111181127/tools/bin/../lib/gcc/arm-none-eabi/10.3.1/thumb/v7e-m+fp/hard/crtn.o
                0x000000000800a8d4                . = ALIGN (0x4)
                0x000000000800a8d4                _etext = .

.vfp11_veneer   0x000000000800a8d4        0x0
 .vfp11_veneer  0x000000000800a8d4        0x0 linker stubs

.v4_bx          0x000000000800a8d4        0x0
 .v4_bx         0x000000000800a8d4        0x0 linker stubs

.iplt           0x000000000800a8d4        0x0
 .iplt          0x000000000800a8d4        0x0 c:/st/stm32cubeide_1.7.0/stm32cubeide/plugins/com.st.stm32cube.ide.mcu.externaltools.gnu-tools-for-stm32.10.3-2021.10.win32_1.0.0.202111181127/tools/bin/../lib/gcc/arm-none-eabi/10.3.1/thumb/v7e-m+fp/hard/crtbegin.o

.rodata         0x000000000800a8d4      0x564
                0x000000000800a8d4                . = ALIGN (0x4)
 *(.rodata)
 *(.rodata*)
 .rodata.Sin_Cos_Table
                0x000000000800a8d4      0x400 ./Core/Src/DQ_PhaseLockedLoop.o
                0x000000000800a8d4                Sin_Cos_Table
 .rodata.circle_limit_table
                0x000000000800acd4      0x102 ./Core/Src/DQ_PhaseLockedLoop.o
 *fill*         0x000000000800add6        0x2 
 .rodata.APBPrescTable
                0x000000000800add8        0x8 ./Core/Src/system_stm32g4xx.o
                0x000000000800add8                APBPrescTable
 .rodata.TimerIdxToTimerId
                0x000000000800ade0       0x1c ./Drivers/STM32G4xx_HAL_Driver/Src/stm32g4xx_hal_hrtim.o
 .rodata.CSWTCH.60
                0x000000000800adfc        0x3 ./Drivers/STM32G4xx_HAL_Driver/Src/stm32g4xx_hal_uart.o
 *fill*         0x000000000800adff        0x1 
 .rodata.CSWTCH.61
                0x000000000800ae00        0xd ./Drivers/STM32G4xx_HAL_Driver/Src/stm32g4xx_hal_uart.o
 *fill*         0x000000000800ae0d        0x3 
 .rodata.UARTPrescTable
                0x000000000800ae10       0x18 ./Drivers/STM32G4xx_HAL_Driver/Src/stm32g4xx_hal_uart.o
                0x000000000800ae10                UARTPrescTable
 .rodata.denominator.0
                0x000000000800ae28        0x8 ./Drivers/STM32G4xx_HAL_Driver/Src/stm32g4xx_hal_uart_ex.o
 .rodata.numerator.1
                0x000000000800ae30        0x8 ./Drivers/STM32G4xx_HAL_Driver/Src/stm32g4xx_hal_uart_ex.o
                0x000000000800ae38                . = ALIGN (0x4)

.ARM.extab      0x000000000800ae38        0x0
                0x000000000800ae38                . = ALIGN (0x4)
 *(.ARM.extab* .gnu.linkonce.armextab.*)
                0x000000000800ae38                . = ALIGN (0x4)

.ARM            0x000000000800ae38        0x8
                0x000000000800ae38                . = ALIGN (0x4)
                0x000000000800ae38                __exidx_start = .
 *(.ARM.exidx*)
 .ARM.exidx     0x000000000800ae38        0x8 c:/st/stm32cubeide_1.7.0/stm32cubeide/plugins/com.st.stm32cube.ide.mcu.externaltools.gnu-tools-for-stm32.10.3-2021.10.win32_1.0.0.202111181127/tools/bin/../lib/gcc/arm-none-eabi/10.3.1/thumb/v7e-m+fp/hard\libgcc.a(_udivmoddi4.o)
                0x000000000800ae40                __exidx_end = .
                0x000000000800ae40                . = ALIGN (0x4)

.rel.dyn        0x000000000800ae40        0x0
 .rel.iplt      0x000000000800ae40        0x0 c:/st/stm32cubeide_1.7.0/stm32cubeide/plugins/com.st.stm32cube.ide.mcu.externaltools.gnu-tools-for-stm32.10.3-2021.10.win32_1.0.0.202111181127/tools/bin/../lib/gcc/arm-none-eabi/10.3.1/thumb/v7e-m+fp/hard/crtbegin.o

.preinit_array  0x000000000800ae40        0x0
                0x000000000800ae40                . = ALIGN (0x4)
                0x000000000800ae40                PROVIDE (__preinit_array_start = .)
 *(.preinit_array*)
                0x000000000800ae40                PROVIDE (__preinit_array_end = .)
                0x000000000800ae40                . = ALIGN (0x4)

.init_array     0x000000000800ae40        0x4
                0x000000000800ae40                . = ALIGN (0x4)
                0x000000000800ae40                PROVIDE (__init_array_start = .)
 *(SORT_BY_NAME(.init_array.*))
 *(.init_array*)
 .init_array    0x000000000800ae40        0x4 c:/st/stm32cubeide_1.7.0/stm32cubeide/plugins/com.st.stm32cube.ide.mcu.externaltools.gnu-tools-for-stm32.10.3-2021.10.win32_1.0.0.202111181127/tools/bin/../lib/gcc/arm-none-eabi/10.3.1/thumb/v7e-m+fp/hard/crtbegin.o
                0x000000000800ae44                PROVIDE (__init_array_end = .)
                0x000000000800ae44                . = ALIGN (0x4)

.fini_array     0x000000000800ae44        0x4
                0x000000000800ae44                . = ALIGN (0x4)
                [!provide]                        PROVIDE (__fini_array_start = .)
 *(SORT_BY_NAME(.fini_array.*))
 *(.fini_array*)
 .fini_array    0x000000000800ae44        0x4 c:/st/stm32cubeide_1.7.0/stm32cubeide/plugins/com.st.stm32cube.ide.mcu.externaltools.gnu-tools-for-stm32.10.3-2021.10.win32_1.0.0.202111181127/tools/bin/../lib/gcc/arm-none-eabi/10.3.1/thumb/v7e-m+fp/hard/crtbegin.o
                [!provide]                        PROVIDE (__fini_array_end = .)
                0x000000000800ae48                . = ALIGN (0x4)
                0x000000000800ae48                _sidata = LOADADDR (.data)

.data           0x0000000020000000       0x40 load address 0x000000000800ae48
                0x0000000020000000                . = ALIGN (0x4)
                0x0000000020000000                _sdata = .
 *(.data)
 *(.data*)
 .data.ActualFreq_Val
                0x0000000020000000        0x4 ./Core/Src/400WControl.o
                0x0000000020000000                ActualFreq_Val
 .data.Amplitude
                0x0000000020000004        0x2 ./Core/Src/400WControl.o
                0x0000000020000004                Amplitude
 .data.FIRST_CYCLE
                0x0000000020000006        0x1 ./Core/Src/400WControl.o
                0x0000000020000006                FIRST_CYCLE
 .data.LF_MOS_SET
                0x0000000020000007        0x1 ./Core/Src/400WControl.o
                0x0000000020000007                LF_MOS_SET
 .data.PV_Voltage_startup
                0x0000000020000008        0x2 ./Core/Src/400WControl.o
                0x0000000020000008                PV_Voltage_startup
 .data.PowerThreshold
                0x000000002000000a        0x2 ./Core/Src/400WControl.o
                0x000000002000000a                PowerThreshold
 .data.RESET_TIMER_D
                0x000000002000000c        0x1 ./Core/Src/400WControl.o
                0x000000002000000c                RESET_TIMER_D
 *fill*         0x000000002000000d        0x1 
 .data.z1       0x000000002000000e        0x2 ./Core/Src/400WControl.o
                0x000000002000000e                z1
 .data.z2       0x0000000020000010        0x2 ./Core/Src/400WControl.o
                0x0000000020000010                z2
 .data.Freq_Control
                0x0000000020000012        0x1 ./Core/Src/DQ_PhaseLockedLoop.o
                0x0000000020000012                Freq_Control
 .data.GDVoltage
                0x0000000020000013        0x1 ./Core/Src/DQ_PhaseLockedLoop.o
                0x0000000020000013                GDVoltage
 .data.VqFiltered_min
                0x0000000020000014        0x2 ./Core/Src/DQ_PhaseLockedLoop.o
                0x0000000020000014                VqFiltered_min
 .data.OVERCURRENT_MID
                0x0000000020000016        0x2 ./Core/Src/main.o
                0x0000000020000016                OVERCURRENT_MID
 .data.OVERCURRENT_THS
                0x0000000020000018        0x2 ./Core/Src/main.o
                0x0000000020000018                OVERCURRENT_THS
 *fill*         0x000000002000001a        0x2 
 .data.SystemCoreClock
                0x000000002000001c        0x4 ./Core/Src/system_stm32g4xx.o
                0x000000002000001c                SystemCoreClock
 .data.uwTickFreq
                0x0000000020000020        0x4 ./Drivers/STM32G4xx_HAL_Driver/Src/stm32g4xx_hal.o
                0x0000000020000020                uwTickFreq
 .data.uwTickPrio
                0x0000000020000024        0x4 ./Drivers/STM32G4xx_HAL_Driver/Src/stm32g4xx_hal.o
                0x0000000020000024                uwTickPrio
 .data.USER_Driver
                0x0000000020000028       0x14 ./FATFS/Target/user_diskio.o
                0x0000000020000028                USER_Driver
 .data.Stat     0x000000002000003c        0x1 ./FATFS/Target/user_diskio_spi.o
 *(.RamFunc)
 *(.RamFunc*)
                0x0000000020000040                . = ALIGN (0x4)
 *fill*         0x000000002000003d        0x3 
                0x0000000020000040                _edata = .

.igot.plt       0x0000000020000040        0x0 load address 0x000000000800ae88
 .igot.plt      0x0000000020000040        0x0 c:/st/stm32cubeide_1.7.0/stm32cubeide/plugins/com.st.stm32cube.ide.mcu.externaltools.gnu-tools-for-stm32.10.3-2021.10.win32_1.0.0.202111181127/tools/bin/../lib/gcc/arm-none-eabi/10.3.1/thumb/v7e-m+fp/hard/crtbegin.o
                0x0000000020000040                . = ALIGN (0x4)

.bss            0x0000000020000040     0x9400 load address 0x000000000800ae88
                0x0000000020000040                _sbss = .
                0x0000000020000040                __bss_start__ = _sbss
 *(.bss)
 .bss           0x0000000020000040       0x1c c:/st/stm32cubeide_1.7.0/stm32cubeide/plugins/com.st.stm32cube.ide.mcu.externaltools.gnu-tools-for-stm32.10.3-2021.10.win32_1.0.0.202111181127/tools/bin/../lib/gcc/arm-none-eabi/10.3.1/thumb/v7e-m+fp/hard/crtbegin.o
 *(.bss*)
 .bss.Active_Power_PID
                0x000000002000005c        0xc ./Core/Src/400WControl.o
                0x000000002000005c                Active_Power_PID
 .bss.Actual_QD_Power
                0x0000000020000068        0x4 ./Core/Src/400WControl.o
                0x0000000020000068                Actual_QD_Power
 .bss.BUS_Voltage_PID
                0x000000002000006c        0xc ./Core/Src/400WControl.o
                0x000000002000006c                BUS_Voltage_PID
 .bss.BusFiltered.0
                0x0000000020000078        0x2 ./Core/Src/400WControl.o
 .bss.BusOverVoltage
                0x000000002000007a        0x1 ./Core/Src/400WControl.o
                0x000000002000007a                BusOverVoltage
 *fill*         0x000000002000007b        0x1 
 .bss.Bus_Voltage
                0x000000002000007c        0x2 ./Core/Src/400WControl.o
                0x000000002000007c                Bus_Voltage
 .bss.ControlMode
                0x000000002000007e        0x1 ./Core/Src/400WControl.o
 *fill*         0x000000002000007f        0x1 
 .bss.Control_Volt_AlphaBeta
                0x0000000020000080        0x4 ./Core/Src/400WControl.o
                0x0000000020000080                Control_Volt_AlphaBeta
 .bss.CtrlParam
                0x0000000020000084       0x34 ./Core/Src/400WControl.o
 .bss.DQ_PLL_PID
                0x00000000200000b8        0xc ./Core/Src/400WControl.o
                0x00000000200000b8                DQ_PLL_PID
 .bss.Data      0x00000000200000c4       0x34 ./Core/Src/400WControl.o
 .bss.DataInitCount
                0x00000000200000f8        0x4 ./Core/Src/400WControl.o
                0x00000000200000f8                DataInitCount
 .bss.DataSensingIO
                0x00000000200000fc       0x16 ./Core/Src/400WControl.o
                0x00000000200000fc                DataSensingIO
 *fill*         0x0000000020000112        0x2 
 .bss.DataSensingOffSet
                0x0000000020000114       0x16 ./Core/Src/400WControl.o
                0x0000000020000114                DataSensingOffSet
 *fill*         0x000000002000012a        0x2 
 .bss.DataSensing_sum
                0x000000002000012c       0x2c ./Core/Src/400WControl.o
                0x000000002000012c                DataSensing_sum
 .bss.Diagnostic_Control
                0x0000000020000158        0x1 ./Core/Src/400WControl.o
                0x0000000020000158                Diagnostic_Control
 *fill*         0x0000000020000159        0x3 
 .bss.Direct_Current_PID
                0x000000002000015c        0xc ./Core/Src/400WControl.o
                0x000000002000015c                Direct_Current_PID
 .bss.Fault     0x0000000020000168        0x2 ./Core/Src/400WControl.o
 .bss.GridOutage
                0x000000002000016a        0x1 ./Core/Src/400WControl.o
                0x000000002000016a                GridOutage
 *fill*         0x000000002000016b        0x1 
 .bss.Grid_Voltage
                0x000000002000016c        0x2 ./Core/Src/400WControl.o
                0x000000002000016c                Grid_Voltage
 .bss.Grid_Voltage_max
                0x000000002000016e        0x2 ./Core/Src/400WControl.o
                0x000000002000016e                Grid_Voltage_max
 .bss.Grid_Voltage_min
                0x0000000020000170        0x2 ./Core/Src/400WControl.o
                0x0000000020000170                Grid_Voltage_min
 .bss.LF_UPDATE
                0x0000000020000172        0x1 ./Core/Src/400WControl.o
                0x0000000020000172                LF_UPDATE
 .bss.MPPT_EN   0x0000000020000173        0x1 ./Core/Src/400WControl.o
                0x0000000020000173                MPPT_EN
 .bss.MPPT_PID  0x0000000020000174        0xc ./Core/Src/400WControl.o
                0x0000000020000174                MPPT_PID
 .bss.MPPT_num  0x0000000020000180        0x1 ./Core/Src/400WControl.o
                0x0000000020000180                MPPT_num
 *fill*         0x0000000020000181        0x1 
 .bss.OC_PROT_ON
                0x0000000020000182        0x2 ./Core/Src/400WControl.o
                0x0000000020000182                OC_PROT_ON
 .bss.Output_qVd_Grid
                0x0000000020000184        0x2 ./Core/Src/400WControl.o
                0x0000000020000184                Output_qVd_Grid
 .bss.PLL_par_red_ki
                0x0000000020000186        0x1 ./Core/Src/400WControl.o
                0x0000000020000186                PLL_par_red_ki
 .bss.PLL_par_red_kp
                0x0000000020000187        0x1 ./Core/Src/400WControl.o
                0x0000000020000187                PLL_par_red_kp
 .bss.PLL_reducing
                0x0000000020000188        0x1 ./Core/Src/400WControl.o
                0x0000000020000188                PLL_reducing
 .bss.PRECHARGE_OK
                0x0000000020000189        0x1 ./Core/Src/400WControl.o
                0x0000000020000189                PRECHARGE_OK
 .bss.PV_Current
                0x000000002000018a        0x2 ./Core/Src/400WControl.o
                0x000000002000018a                PV_Current
 .bss.PV_Voltage
                0x000000002000018c        0x2 ./Core/Src/400WControl.o
                0x000000002000018c                PV_Voltage
 .bss.PV_Voltage_prev
                0x000000002000018e        0x2 ./Core/Src/400WControl.o
                0x000000002000018e                PV_Voltage_prev
 .bss.PVcurrentFiltered.1
                0x0000000020000190        0x2 ./Core/Src/400WControl.o
 .bss.PVvoltageFiltered.2
                0x0000000020000192        0x2 ./Core/Src/400WControl.o
 .bss.Quadrature_Current_PID
                0x0000000020000194        0xc ./Core/Src/400WControl.o
                0x0000000020000194                Quadrature_Current_PID
 .bss.RELAY_ON  0x00000000200001a0        0x1 ./Core/Src/400WControl.o
                0x00000000200001a0                RELAY_ON
 *fill*         0x00000000200001a1        0x3 
 .bss.Reactive_Power_PID
                0x00000000200001a4        0xc ./Core/Src/400WControl.o
                0x00000000200001a4                Reactive_Power_PID
 .bss.State     0x00000000200001b0        0x2 ./Core/Src/400WControl.o
 .bss.State_Control
                0x00000000200001b2        0x1 ./Core/Src/400WControl.o
                0x00000000200001b2                State_Control
 *fill*         0x00000000200001b3        0x1 
 .bss.StoppingCount
                0x00000000200001b4        0x4 ./Core/Src/400WControl.o
                0x00000000200001b4                StoppingCount
 .bss.Vacprot   0x00000000200001b8        0x1 ./Core/Src/400WControl.o
                0x00000000200001b8                Vacprot
 *fill*         0x00000000200001b9        0x3 
 .bss.WAIT_RELAY_STABLE
                0x00000000200001bc        0x4 ./Core/Src/400WControl.o
                0x00000000200001bc                WAIT_RELAY_STABLE
 .bss.Wait_BUS_DC_Reading
                0x00000000200001c0        0x4 ./Core/Src/400WControl.o
                0x00000000200001c0                Wait_BUS_DC_Reading
 .bss.Wait_GRID_Insertion
                0x00000000200001c4        0x4 ./Core/Src/400WControl.o
                0x00000000200001c4                Wait_GRID_Insertion
 .bss.Wait_MPPT
                0x00000000200001c8        0x2 ./Core/Src/400WControl.o
                0x00000000200001c8                Wait_MPPT
 *fill*         0x00000000200001ca        0x2 
 .bss.buffer    0x00000000200001cc     0x1ffe ./Core/Src/400WControl.o
                0x00000000200001cc                buffer
 *fill*         0x00000000200021ca        0x2 
 .bss.buffer2   0x00000000200021cc     0x1ffe ./Core/Src/400WControl.o
                0x00000000200021cc                buffer2
 .bss.bus_pre_charge
                0x00000000200041ca        0x2 ./Core/Src/400WControl.o
                0x00000000200041ca                bus_pre_charge
 .bss.calib     0x00000000200041cc        0x1 ./Core/Src/400WControl.o
                0x00000000200041cc                calib
 *fill*         0x00000000200041cd        0x1 
 .bss.count_mppt
                0x00000000200041ce        0x2 ./Core/Src/400WControl.o
                0x00000000200041ce                count_mppt
 .bss.ii        0x00000000200041d0        0x2 ./Core/Src/400WControl.o
                0x00000000200041d0                ii
 .bss.mppt_req  0x00000000200041d2        0x1 ./Core/Src/400WControl.o
                0x00000000200041d2                mppt_req
 .bss.polarity  0x00000000200041d3        0x1 ./Core/Src/400WControl.o
                0x00000000200041d3                polarity
 .bss.ptr_Pulse1_IT
                0x00000000200041d4        0x4 ./Core/Src/400WControl.o
                0x00000000200041d4                ptr_Pulse1_IT
 .bss.ptr_Pulse2_IT
                0x00000000200041d8        0x4 ./Core/Src/400WControl.o
                0x00000000200041d8                ptr_Pulse2_IT
 .bss.ptr_State_Control
                0x00000000200041dc        0x4 ./Core/Src/400WControl.o
                0x00000000200041dc                ptr_State_Control
 .bss.ptr_org_State_Control
                0x00000000200041e0        0x4 ./Core/Src/400WControl.o
                0x00000000200041e0                ptr_org_State_Control
 .bss.qIalpha_Inverter
                0x00000000200041e4        0x2 ./Core/Src/400WControl.o
                0x00000000200041e4                qIalpha_Inverter
 .bss.qIbeta_Inverter
                0x00000000200041e6        0x2 ./Core/Src/400WControl.o
                0x00000000200041e6                qIbeta_Inverter
 .bss.waiting_output_current_limit
                0x00000000200041e8        0x2 ./Core/Src/400WControl.o
                0x00000000200041e8                waiting_output_current_limit
 .bss.waiting_time
                0x00000000200041ea        0x2 ./Core/Src/400WControl.o
                0x00000000200041ea                waiting_time
 .bss.LocalDevice
                0x00000000200041ec        0xc ./Core/Src/DCAC_Inverter.o
 .bss.Pulse_Buffer
                0x00000000200041f8      0x7d0 ./Core/Src/DCAC_Inverter.o
                0x00000000200041f8                Pulse_Buffer
 .bss.iii       0x00000000200049c8        0x2 ./Core/Src/DCAC_Inverter.o
                0x00000000200049c8                iii
 *fill*         0x00000000200049ca        0x2 
 .bss.LocalDevice
                0x00000000200049cc       0x18 ./Core/Src/DCDC_Converter.o
 .bss.NEW_DCDC_PERIOD
                0x00000000200049e4        0x4 ./Core/Src/DCDC_Converter.o
                0x00000000200049e4                NEW_DCDC_PERIOD
 .bss.NEW_isoDCDC_PERDIOD
                0x00000000200049e8        0x4 ./Core/Src/DCDC_Converter.o
                0x00000000200049e8                NEW_isoDCDC_PERDIOD
 .bss.TIMD_DMA_Buffer
                0x00000000200049ec        0x4 ./Core/Src/DCDC_Converter.o
                0x00000000200049ec                TIMD_DMA_Buffer
 .bss.dutyadj   0x00000000200049f0        0x4 ./Core/Src/DCDC_Converter.o
                0x00000000200049f0                dutyadj
 .bss.frequencyinc
                0x00000000200049f4        0x4 ./Core/Src/DCDC_Converter.o
                0x00000000200049f4                frequencyinc
 .bss.AVG_Direct_Current
                0x00000000200049f8        0x2 ./Core/Src/DQ_PhaseLockedLoop.o
                0x00000000200049f8                AVG_Direct_Current
 .bss.AVG_Quadrature_Current
                0x00000000200049fa        0x2 ./Core/Src/DQ_PhaseLockedLoop.o
                0x00000000200049fa                AVG_Quadrature_Current
 .bss.BUFFER_Beta_Acquisitions
                0x00000000200049fc      0x200 ./Core/Src/DQ_PhaseLockedLoop.o
                0x00000000200049fc                BUFFER_Beta_Acquisitions
 .bss.BUFFER_Beta_Voltage
                0x0000000020004bfc      0x200 ./Core/Src/DQ_PhaseLockedLoop.o
                0x0000000020004bfc                BUFFER_Beta_Voltage
 .bss.Cos_Theta
                0x0000000020004dfc        0x2 ./Core/Src/DQ_PhaseLockedLoop.o
                0x0000000020004dfc                Cos_Theta
 .bss.Count_Beta.7
                0x0000000020004dfe        0x1 ./Core/Src/DQ_PhaseLockedLoop.o
 .bss.Count_Beta_2.39
                0x0000000020004dff        0x1 ./Core/Src/DQ_PhaseLockedLoop.o
 .bss.Delta_Theta_tmp.17
                0x0000000020004e00        0x4 ./Core/Src/DQ_PhaseLockedLoop.o
 .bss.Grid_Volt_q_d
                0x0000000020004e04        0x4 ./Core/Src/DQ_PhaseLockedLoop.o
                0x0000000020004e04                Grid_Volt_q_d
 .bss.Index_Cos
                0x0000000020004e08        0x2 ./Core/Src/DQ_PhaseLockedLoop.o
                0x0000000020004e08                Index_Cos
 .bss.Index_Sin
                0x0000000020004e0a        0x2 ./Core/Src/DQ_PhaseLockedLoop.o
                0x0000000020004e0a                Index_Sin
 .bss.Inverter_q_d
                0x0000000020004e0c        0x4 ./Core/Src/DQ_PhaseLockedLoop.o
                0x0000000020004e0c                Inverter_q_d
 .bss.Output_qId_Inverter
                0x0000000020004e10        0x2 ./Core/Src/DQ_PhaseLockedLoop.o
                0x0000000020004e10                Output_qId_Inverter
 .bss.Output_qIq_Inverter
                0x0000000020004e12        0x2 ./Core/Src/DQ_PhaseLockedLoop.o
                0x0000000020004e12                Output_qIq_Inverter
 .bss.Sin_Theta
                0x0000000020004e14        0x2 ./Core/Src/DQ_PhaseLockedLoop.o
                0x0000000020004e14                Sin_Theta
 *fill*         0x0000000020004e16        0x2 
 .bss.Sum_Direct.10
                0x0000000020004e18        0x4 ./Core/Src/DQ_PhaseLockedLoop.o
 .bss.Sum_Quadrature.11
                0x0000000020004e1c        0x4 ./Core/Src/DQ_PhaseLockedLoop.o
 .bss.Theta     0x0000000020004e20        0x2 ./Core/Src/DQ_PhaseLockedLoop.o
                0x0000000020004e20                Theta
 .bss.Theta_Grid
                0x0000000020004e22        0x2 ./Core/Src/DQ_PhaseLockedLoop.o
                0x0000000020004e22                Theta_Grid
 .bss.Theta_previous
                0x0000000020004e24        0x2 ./Core/Src/DQ_PhaseLockedLoop.o
                0x0000000020004e24                Theta_previous
 .bss.Theta_time
                0x0000000020004e26        0x2 ./Core/Src/DQ_PhaseLockedLoop.o
                0x0000000020004e26                Theta_time
 .bss.VqFiltered
                0x0000000020004e28        0x2 ./Core/Src/DQ_PhaseLockedLoop.o
                0x0000000020004e28                VqFiltered
 .bss.VqFiltered_max
                0x0000000020004e2a        0x2 ./Core/Src/DQ_PhaseLockedLoop.o
                0x0000000020004e2a                VqFiltered_max
 .bss.VqFiltered_mean
                0x0000000020004e2c        0x4 ./Core/Src/DQ_PhaseLockedLoop.o
                0x0000000020004e2c                VqFiltered_mean
 .bss.VqFiltered_prec
                0x0000000020004e30        0x2 ./Core/Src/DQ_PhaseLockedLoop.o
                0x0000000020004e30                VqFiltered_prec
 .bss.freq_monitor_time.15
                0x0000000020004e32        0x2 ./Core/Src/DQ_PhaseLockedLoop.o
 .bss.qValpha   0x0000000020004e34        0x2 ./Core/Src/DQ_PhaseLockedLoop.o
                0x0000000020004e34                qValpha
 .bss.qVbeta    0x0000000020004e36        0x2 ./Core/Src/DQ_PhaseLockedLoop.o
                0x0000000020004e36                qVbeta
 .bss.theta_total
                0x0000000020004e38     0x4000 ./Core/Src/DQ_PhaseLockedLoop.o
                0x0000000020004e38                theta_total
 .bss.tti       0x0000000020008e38        0x2 ./Core/Src/DQ_PhaseLockedLoop.o
 .bss.zero_detect
                0x0000000020008e3a        0x2 ./Core/Src/DQ_PhaseLockedLoop.o
                0x0000000020008e3a                zero_detect
 .bss.DCAC_DATA
                0x0000000020008e3c        0x6 ./Core/Src/DataSensing.o
                0x0000000020008e3c                DCAC_DATA
 *fill*         0x0000000020008e42        0x2 
 .bss.DataSensing
                0x0000000020008e44       0x14 ./Core/Src/DataSensing.o
 .bss.Pulse1_IT
                0x0000000020008e58        0x4 ./Core/Src/DataSensing.o
                0x0000000020008e58                Pulse1_IT
 .bss.Pulse2_IT
                0x0000000020008e5c        0x1 ./Core/Src/DataSensing.o
                0x0000000020008e5c                Pulse2_IT
 *fill*         0x0000000020008e5d        0x3 
 .bss.to_grid_State_Control
                0x0000000020008e60        0x6 ./Core/Src/DataSensing.o
                0x0000000020008e60                to_grid_State_Control
 *fill*         0x0000000020008e66        0x2 
 .bss.Integral_Bus_Voltage
                0x0000000020008e68        0x4 ./Core/Src/PLL_Regulator.o
 .bss.Integral_Voltage
                0x0000000020008e6c        0x4 ./Core/Src/PLL_Regulator.o
 .bss.PLL_par_red_ki_n
                0x0000000020008e70        0x2 ./Core/Src/PLL_Regulator.o
                0x0000000020008e70                PLL_par_red_ki_n
 .bss.PLL_par_red_kp_n
                0x0000000020008e72        0x2 ./Core/Src/PLL_Regulator.o
                0x0000000020008e72                PLL_par_red_kp_n
 .bss.hdma_hrtim1_d
                0x0000000020008e74       0x60 ./Core/Src/main.o
                0x0000000020008e74                hdma_hrtim1_d
 .bss.hdma_hrtim1_f
                0x0000000020008ed4       0x60 ./Core/Src/main.o
                0x0000000020008ed4                hdma_hrtim1_f
 .bss.hdma_spi3_rx
                0x0000000020008f34       0x60 ./Core/Src/main.o
                0x0000000020008f34                hdma_spi3_rx
 .bss.hdma_spi3_tx
                0x0000000020008f94       0x60 ./Core/Src/main.o
                0x0000000020008f94                hdma_spi3_tx
 .bss.hdma_spi4_rx
                0x0000000020008ff4       0x60 ./Core/Src/main.o
                0x0000000020008ff4                hdma_spi4_rx
 .bss.hdma_spi4_tx
                0x0000000020009054       0x60 ./Core/Src/main.o
                0x0000000020009054                hdma_spi4_tx
 .bss.hfdcan1   0x00000000200090b4       0x64 ./Core/Src/main.o
                0x00000000200090b4                hfdcan1
 .bss.hhrtim1   0x0000000020009118       0xfc ./Core/Src/main.o
                0x0000000020009118                hhrtim1
 .bss.hspi1     0x0000000020009214       0x64 ./Core/Src/main.o
                0x0000000020009214                hspi1
 .bss.hspi3     0x0000000020009278       0x64 ./Core/Src/main.o
                0x0000000020009278                hspi3
 .bss.hspi4     0x00000000200092dc       0x64 ./Core/Src/main.o
                0x00000000200092dc                hspi4
 .bss.htim1     0x0000000020009340       0x4c ./Core/Src/main.o
                0x0000000020009340                htim1
 .bss.huart3    0x000000002000938c       0x90 ./Core/Src/main.o
                0x000000002000938c                huart3
 .bss.uwTick    0x000000002000941c        0x4 ./Drivers/STM32G4xx_HAL_Driver/Src/stm32g4xx_hal.o
                0x000000002000941c                uwTick
 .bss.Appli_state
                0x0000000020009420        0x1 ./FATFS/App/app_fatfs.o
                0x0000000020009420                Appli_state
 *fill*         0x0000000020009421        0x3 
 .bss.USERPath  0x0000000020009424        0x4 ./FATFS/App/app_fatfs.o
                0x0000000020009424                USERPath
 .bss.CardType  0x0000000020009428        0x1 ./FATFS/Target/user_diskio_spi.o
 *fill*         0x0000000020009429        0x3 
 .bss.spiTimerTickDelay
                0x000000002000942c        0x4 ./FATFS/Target/user_diskio_spi.o
                0x000000002000942c                spiTimerTickDelay
 .bss.spiTimerTickStart
                0x0000000020009430        0x4 ./FATFS/Target/user_diskio_spi.o
                0x0000000020009430                spiTimerTickStart
 .bss.disk      0x0000000020009434        0xc ./Middlewares/Third_Party/FatFs/src/ff_gen_drv.o
                0x0000000020009434                disk
 *(COMMON)
                0x0000000020009440                . = ALIGN (0x4)
                0x0000000020009440                _ebss = .
                0x0000000020009440                __bss_end__ = _ebss

._user_heap_stack
                0x0000000020009440      0x600 load address 0x000000000800ae88
                0x0000000020009440                . = ALIGN (0x8)
                [!provide]                        PROVIDE (end = .)
                0x0000000020009440                PROVIDE (_end = .)
                0x0000000020009640                . = (. + _Min_Heap_Size)
 *fill*         0x0000000020009440      0x200 
                0x0000000020009a40                . = (. + _Min_Stack_Size)
 *fill*         0x0000000020009640      0x400 
                0x0000000020009a40                . = ALIGN (0x8)

/DISCARD/
 libc.a(*)
 libm.a(*)
 libgcc.a(*)

.ARM.attributes
                0x0000000000000000       0x30
 *(.ARM.attributes)
 .ARM.attributes
                0x0000000000000000       0x1e c:/st/stm32cubeide_1.7.0/stm32cubeide/plugins/com.st.stm32cube.ide.mcu.externaltools.gnu-tools-for-stm32.10.3-2021.10.win32_1.0.0.202111181127/tools/bin/../lib/gcc/arm-none-eabi/10.3.1/thumb/v7e-m+fp/hard/crti.o
 .ARM.attributes
                0x000000000000001e       0x34 c:/st/stm32cubeide_1.7.0/stm32cubeide/plugins/com.st.stm32cube.ide.mcu.externaltools.gnu-tools-for-stm32.10.3-2021.10.win32_1.0.0.202111181127/tools/bin/../lib/gcc/arm-none-eabi/10.3.1/thumb/v7e-m+fp/hard/crtbegin.o
 .ARM.attributes
                0x0000000000000052       0x34 ./Core/Src/400WControl.o
 .ARM.attributes
                0x0000000000000086       0x34 ./Core/Src/DCAC_Inverter.o
 .ARM.attributes
                0x00000000000000ba       0x34 ./Core/Src/DCDC_Converter.o
 .ARM.attributes
                0x00000000000000ee       0x34 ./Core/Src/DQ_PhaseLockedLoop.o
 .ARM.attributes
                0x0000000000000122       0x34 ./Core/Src/DataSensing.o
 .ARM.attributes
                0x0000000000000156       0x34 ./Core/Src/PI_Regulator.o
 .ARM.attributes
                0x000000000000018a       0x34 ./Core/Src/PLL_Regulator.o
 .ARM.attributes
                0x00000000000001be       0x34 ./Core/Src/Solar_Mul_Div.o
 .ARM.attributes
                0x00000000000001f2       0x34 ./Core/Src/main.o
 .ARM.attributes
                0x0000000000000226       0x34 ./Core/Src/stm32g4xx_hal_msp.o
 .ARM.attributes
                0x000000000000025a       0x34 ./Core/Src/stm32g4xx_it.o
 .ARM.attributes
                0x000000000000028e       0x34 ./Core/Src/system_stm32g4xx.o
 .ARM.attributes
                0x00000000000002c2       0x21 ./Core/Startup/startup_stm32g474qetx.o
 .ARM.attributes
                0x00000000000002e3       0x34 ./Drivers/STM32G4xx_HAL_Driver/Src/stm32g4xx_hal.o
 .ARM.attributes
                0x0000000000000317       0x34 ./Drivers/STM32G4xx_HAL_Driver/Src/stm32g4xx_hal_cortex.o
 .ARM.attributes
                0x000000000000034b       0x34 ./Drivers/STM32G4xx_HAL_Driver/Src/stm32g4xx_hal_dma.o
 .ARM.attributes
                0x000000000000037f       0x34 ./Drivers/STM32G4xx_HAL_Driver/Src/stm32g4xx_hal_fdcan.o
 .ARM.attributes
                0x00000000000003b3       0x34 ./Drivers/STM32G4xx_HAL_Driver/Src/stm32g4xx_hal_gpio.o
 .ARM.attributes
                0x00000000000003e7       0x34 ./Drivers/STM32G4xx_HAL_Driver/Src/stm32g4xx_hal_hrtim.o
 .ARM.attributes
                0x000000000000041b       0x34 ./Drivers/STM32G4xx_HAL_Driver/Src/stm32g4xx_hal_pwr_ex.o
 .ARM.attributes
                0x000000000000044f       0x34 ./Drivers/STM32G4xx_HAL_Driver/Src/stm32g4xx_hal_rcc.o
 .ARM.attributes
                0x0000000000000483       0x34 ./Drivers/STM32G4xx_HAL_Driver/Src/stm32g4xx_hal_spi.o
 .ARM.attributes
                0x00000000000004b7       0x34 ./Drivers/STM32G4xx_HAL_Driver/Src/stm32g4xx_hal_tim.o
 .ARM.attributes
                0x00000000000004eb       0x34 ./Drivers/STM32G4xx_HAL_Driver/Src/stm32g4xx_hal_tim_ex.o
 .ARM.attributes
                0x000000000000051f       0x34 ./Drivers/STM32G4xx_HAL_Driver/Src/stm32g4xx_hal_uart.o
 .ARM.attributes
                0x0000000000000553       0x34 ./Drivers/STM32G4xx_HAL_Driver/Src/stm32g4xx_hal_uart_ex.o
 .ARM.attributes
                0x0000000000000587       0x34 ./Drivers/STM32G4xx_HAL_Driver/Src/stm32g4xx_ll_adc.o
 .ARM.attributes
                0x00000000000005bb       0x34 ./Drivers/STM32G4xx_HAL_Driver/Src/stm32g4xx_ll_comp.o
 .ARM.attributes
                0x00000000000005ef       0x34 ./Drivers/STM32G4xx_HAL_Driver/Src/stm32g4xx_ll_dac.o
 .ARM.attributes
                0x0000000000000623       0x34 ./Drivers/STM32G4xx_HAL_Driver/Src/stm32g4xx_ll_gpio.o
 .ARM.attributes
                0x0000000000000657       0x34 ./Drivers/STM32G4xx_HAL_Driver/Src/stm32g4xx_ll_opamp.o
 .ARM.attributes
                0x000000000000068b       0x34 ./Drivers/STM32G4xx_HAL_Driver/Src/stm32g4xx_ll_tim.o
 .ARM.attributes
                0x00000000000006bf       0x34 ./Drivers/STM32G4xx_HAL_Driver/Src/stm32g4xx_ll_utils.o
 .ARM.attributes
                0x00000000000006f3       0x34 ./FATFS/App/app_fatfs.o
 .ARM.attributes
                0x0000000000000727       0x34 ./FATFS/Target/user_diskio.o
 .ARM.attributes
                0x000000000000075b       0x34 ./FATFS/Target/user_diskio_spi.o
 .ARM.attributes
                0x000000000000078f       0x34 ./Middlewares/Third_Party/FatFs/src/ff_gen_drv.o
 .ARM.attributes
                0x00000000000007c3       0x34 c:/st/stm32cubeide_1.7.0/stm32cubeide/plugins/com.st.stm32cube.ide.mcu.externaltools.gnu-tools-for-stm32.10.3-2021.10.win32_1.0.0.202111181127/tools/bin/../lib/gcc/arm-none-eabi/10.3.1/../../../../arm-none-eabi/lib/thumb/v7e-m+fp/hard\libc_nano.a(lib_a-init.o)
 .ARM.attributes
                0x00000000000007f7       0x34 c:/st/stm32cubeide_1.7.0/stm32cubeide/plugins/com.st.stm32cube.ide.mcu.externaltools.gnu-tools-for-stm32.10.3-2021.10.win32_1.0.0.202111181127/tools/bin/../lib/gcc/arm-none-eabi/10.3.1/../../../../arm-none-eabi/lib/thumb/v7e-m+fp/hard\libc_nano.a(lib_a-memset.o)
 .ARM.attributes
                0x000000000000082b       0x1e c:/st/stm32cubeide_1.7.0/stm32cubeide/plugins/com.st.stm32cube.ide.mcu.externaltools.gnu-tools-for-stm32.10.3-2021.10.win32_1.0.0.202111181127/tools/bin/../lib/gcc/arm-none-eabi/10.3.1/thumb/v7e-m+fp/hard\libgcc.a(_arm_muldf3.o)
 .ARM.attributes
                0x0000000000000849       0x1e c:/st/stm32cubeide_1.7.0/stm32cubeide/plugins/com.st.stm32cube.ide.mcu.externaltools.gnu-tools-for-stm32.10.3-2021.10.win32_1.0.0.202111181127/tools/bin/../lib/gcc/arm-none-eabi/10.3.1/thumb/v7e-m+fp/hard\libgcc.a(_arm_addsubdf3.o)
 .ARM.attributes
                0x0000000000000867       0x1e c:/st/stm32cubeide_1.7.0/stm32cubeide/plugins/com.st.stm32cube.ide.mcu.externaltools.gnu-tools-for-stm32.10.3-2021.10.win32_1.0.0.202111181127/tools/bin/../lib/gcc/arm-none-eabi/10.3.1/thumb/v7e-m+fp/hard\libgcc.a(_arm_cmpdf2.o)
 .ARM.attributes
                0x0000000000000885       0x1e c:/st/stm32cubeide_1.7.0/stm32cubeide/plugins/com.st.stm32cube.ide.mcu.externaltools.gnu-tools-for-stm32.10.3-2021.10.win32_1.0.0.202111181127/tools/bin/../lib/gcc/arm-none-eabi/10.3.1/thumb/v7e-m+fp/hard\libgcc.a(_arm_fixdfsi.o)
 .ARM.attributes
                0x00000000000008a3       0x1e c:/st/stm32cubeide_1.7.0/stm32cubeide/plugins/com.st.stm32cube.ide.mcu.externaltools.gnu-tools-for-stm32.10.3-2021.10.win32_1.0.0.202111181127/tools/bin/../lib/gcc/arm-none-eabi/10.3.1/thumb/v7e-m+fp/hard\libgcc.a(_arm_fixunsdfsi.o)
 .ARM.attributes
                0x00000000000008c1       0x1e c:/st/stm32cubeide_1.7.0/stm32cubeide/plugins/com.st.stm32cube.ide.mcu.externaltools.gnu-tools-for-stm32.10.3-2021.10.win32_1.0.0.202111181127/tools/bin/../lib/gcc/arm-none-eabi/10.3.1/thumb/v7e-m+fp/hard\libgcc.a(_aeabi_uldivmod.o)
 .ARM.attributes
                0x00000000000008df       0x34 c:/st/stm32cubeide_1.7.0/stm32cubeide/plugins/com.st.stm32cube.ide.mcu.externaltools.gnu-tools-for-stm32.10.3-2021.10.win32_1.0.0.202111181127/tools/bin/../lib/gcc/arm-none-eabi/10.3.1/thumb/v7e-m+fp/hard\libgcc.a(_udivmoddi4.o)
 .ARM.attributes
                0x0000000000000913       0x1e c:/st/stm32cubeide_1.7.0/stm32cubeide/plugins/com.st.stm32cube.ide.mcu.externaltools.gnu-tools-for-stm32.10.3-2021.10.win32_1.0.0.202111181127/tools/bin/../lib/gcc/arm-none-eabi/10.3.1/thumb/v7e-m+fp/hard\libgcc.a(_dvmd_tls.o)
 .ARM.attributes
                0x0000000000000931       0x1e c:/st/stm32cubeide_1.7.0/stm32cubeide/plugins/com.st.stm32cube.ide.mcu.externaltools.gnu-tools-for-stm32.10.3-2021.10.win32_1.0.0.202111181127/tools/bin/../lib/gcc/arm-none-eabi/10.3.1/thumb/v7e-m+fp/hard/crtn.o
OUTPUT(Microinverter_V2.0_DCDC.elf elf32-littlearm)
LOAD linker stubs