../Core/Src/DQ_PhaseLockedLoop.c:280:17:DQ_PLL_Grid	48	static
../Core/Src/DQ_PhaseLockedLoop.c:353:5:SimpleMovingAvarage_direct	8	static
../Core/Src/DQ_PhaseLockedLoop.c:408:5:SimpleMovingAvarage_quadrature	8	static
../Core/Src/DQ_PhaseLockedLoop.c:469:17:PLL_AntiTrasfPark	48	static
../Core/Src/DQ_PhaseLockedLoop.c:529:27:SOGI	8	static
../Core/Src/DQ_PhaseLockedLoop.c:571:27:SOGI_TEST	8	static
../Core/Src/DQ_PhaseLockedLoop.c:610:17:DQ_PLL_Grid_x_SOGI	48	static
../Core/Src/DQ_PhaseLockedLoop.c:673:17:DQ_Current_Inverter	48	static
../Core/Src/DQ_PhaseLockedLoop.c:715:27:Rev_Park	24	static
../Core/Src/DQ_PhaseLockedLoop.c:743:27:Rev_Park_newPLL	24	static
../Core/Src/DQ_PhaseLockedLoop.c:766:6:Calc_Theta_Grid	32	static
../Core/Src/DQ_PhaseLockedLoop.c:915:18:DQ_Power_Estimation	56	static
../Core/Src/DQ_PhaseLockedLoop.c:964:6:CrossDecoupling_Control	32	static
../Core/Src/DQ_PhaseLockedLoop.c:1029:6:RevPark_Circle_Limitation	8	static
../Core/Src/DQ_PhaseLockedLoop.c:1071:17:RevPark_Circle_Limitation_DQ_PLL	8	static
../Core/Src/DQ_PhaseLockedLoop.c:1119:5:BUS_DC_Filtering	4	static
../Core/Src/DQ_PhaseLockedLoop.c:1151:5:Current_DC_Filtering	4	static
../Core/Src/DQ_PhaseLockedLoop.c:1184:17:DQ_Filtering	32	static
../Core/Src/DQ_PhaseLockedLoop.c:1221:6:AlphaBeta_Filtering	8	static
../Core/Src/DQ_PhaseLockedLoop.c:1246:5:Generate_90Degrees_Delay	4	static
../Core/Src/DQ_PhaseLockedLoop.c:1276:6:Check_BUS_DC	0	static
../Core/Src/DQ_PhaseLockedLoop.c:1297:5:SimpleMovingAvarage_DC_BUS	8	static
