../Drivers/STM32G4xx_HAL_Driver/Src/stm32g4xx_ll_tim.c:230:13:LL_TIM_DeInit	0	static
../Drivers/STM32G4xx_HAL_Driver/Src/stm32g4xx_ll_tim.c:315:6:LL_TIM_StructInit	0	static
../Drivers/STM32G4xx_HAL_Driver/Src/stm32g4xx_ll_tim.c:334:13:LL_TIM_Init	8	static
../Drivers/STM32G4xx_HAL_Driver/Src/stm32g4xx_ll_tim.c:386:6:LL_TIM_OC_StructInit	0	static
../Drivers/STM32G4xx_HAL_Driver/Src/stm32g4xx_ll_tim.c:415:13:LL_TIM_OC_Init	8	static
../Drivers/STM32G4xx_HAL_Driver/Src/stm32g4xx_ll_tim.c:453:6:LL_TIM_IC_StructInit	0	static
../Drivers/STM32G4xx_HAL_Driver/Src/stm32g4xx_ll_tim.c:476:13:LL_TIM_IC_Init	4	static
../Drivers/STM32G4xx_HAL_Driver/Src/stm32g4xx_ll_tim.c:507:6:LL_TIM_ENCODER_StructInit	0	static
../Drivers/STM32G4xx_HAL_Driver/Src/stm32g4xx_ll_tim.c:530:13:LL_TIM_ENCODER_Init	8	static
../Drivers/STM32G4xx_HAL_Driver/Src/stm32g4xx_ll_tim.c:593:6:LL_TIM_HALLSENSOR_StructInit	0	static
../Drivers/STM32G4xx_HAL_Driver/Src/stm32g4xx_ll_tim.c:623:13:LL_TIM_HALLSENSOR_Init	8	static
../Drivers/STM32G4xx_HAL_Driver/Src/stm32g4xx_ll_tim.c:702:6:LL_TIM_BDTR_StructInit	0	static
../Drivers/STM32G4xx_HAL_Driver/Src/stm32g4xx_ll_tim.c:737:13:LL_TIM_BDTR_Init	4	static
