../Core/Src/400WControl.c:348:1:delay_cycles	24	static,ignoring_inline_asm
../Core/Src/400WControl.c:845:6:ExecControlInitParamOffSet	4	static
../Core/Src/400WControl.c:973:6:ExecControlOpenLoop	32	static
../Core/Src/400WControl.c:352:5:_write	4	static,ignoring_inline_asm
../Core/Src/400WControl.c:376:6:SetBusDCReference	0	static
../Core/Src/400WControl.c:485:5:GetControlParam	0	static
../Core/Src/400WControl.c:497:6:SetControlParam	0	static
../Core/Src/400WControl.c:508:11:GetDataLinkStruct	0	static
../Core/Src/400WControl.c:521:4:SetControlMode	8	static
../Core/Src/400WControl.c:560:4:CalibrationControl.part.0	16	static
../Core/Src/400WControl.c:560:4:CalibrationControl	0	static
../Core/Src/400WControl.c:627:14:GetStatusControl	0	static
../Core/Src/400WControl.c:638:6:GetDataParametersAddress	12	static
../Core/Src/400WControl.c:665:6:GetControlParametersAddress	12	static
../Core/Src/400WControl.c:703:6:StartControl	16	static
../Core/Src/400WControl.c:394:6:InitControl	88	static
../Core/Src/400WControl.c:772:6:StopControl	0	static
../Core/Src/400WControl.c:785:6:RefreshDisplayControlParam	0	static
../Core/Src/400WControl.c:1145:5:GetAmplitude	0	static
../Core/Src/400WControl.c:1156:6:SetAmplitude	0	static
../Core/Src/400WControl.c:1750:6:CalcAndSetACComponents	16	static
../Core/Src/400WControl.c:1169:6:ExecControl	40	static
../Core/Src/400WControl.c:1861:6:HAL_HRTIM_Fault1Callback	0	static
