../Core/Src/400WControl.c:360:1:delay_cycles	24	static,ignoring_inline_asm
../Core/Src/400WControl.c:857:6:ExecControlInitParamOffSet	4	static
../Core/Src/400WControl.c:985:6:ExecControlOpenLoop	40	static
../Core/Src/400WControl.c:364:5:_write	4	static,ignoring_inline_asm
../Core/Src/400WControl.c:388:6:SetBusDCReference	0	static
../Core/Src/400WControl.c:497:5:GetControlParam	0	static
../Core/Src/400WControl.c:509:6:SetControlParam	0	static
../Core/Src/400WControl.c:520:11:GetDataLinkStruct	0	static
../Core/Src/400WControl.c:533:4:SetControlMode	8	static
../Core/Src/400WControl.c:572:4:CalibrationControl.part.0	16	static
../Core/Src/400WControl.c:572:4:CalibrationControl	0	static
../Core/Src/400WControl.c:639:14:GetStatusControl	0	static
../Core/Src/400WControl.c:650:6:GetDataParametersAddress	12	static
../Core/Src/400WControl.c:677:6:GetControlParametersAddress	12	static
../Core/Src/400WControl.c:715:6:StartControl	16	static
../Core/Src/400WControl.c:406:6:InitControl	88	static
../Core/Src/400WControl.c:784:6:StopControl	0	static
../Core/Src/400WControl.c:797:6:RefreshDisplayControlParam	0	static
../Core/Src/400WControl.c:1311:5:GetAmplitude	0	static
../Core/Src/400WControl.c:1322:6:SetAmplitude	0	static
../Core/Src/400WControl.c:1937:6:CalcAndSetACComponents	16	static
../Core/Src/400WControl.c:1335:6:ExecControl	40	static
../Core/Src/400WControl.c:2097:6:HAL_HRTIM_Fault1Callback	0	static
