../Core/Src/DQ_PhaseLockedLoop.c:282:17:DQ_PLL_Grid	48	static
../Core/Src/DQ_PhaseLockedLoop.c:355:5:SimpleMovingAvarage_direct	8	static
../Core/Src/DQ_PhaseLockedLoop.c:410:5:SimpleMovingAvarage_quadrature	8	static
../Core/Src/DQ_PhaseLockedLoop.c:471:17:PLL_AntiTrasfPark	48	static
../Core/Src/DQ_PhaseLockedLoop.c:531:27:SOGI	8	static
../Core/Src/DQ_PhaseLockedLoop.c:573:27:SOGI_TEST	8	static
../Core/Src/DQ_PhaseLockedLoop.c:612:17:DQ_PLL_Grid_x_SOGI	48	static
../Core/Src/DQ_PhaseLockedLoop.c:675:17:DQ_Current_Inverter	48	static
../Core/Src/DQ_PhaseLockedLoop.c:717:27:Rev_Park	24	static
../Core/Src/DQ_PhaseLockedLoop.c:745:27:Rev_Park_newPLL	24	static
../Core/Src/DQ_PhaseLockedLoop.c:768:6:Calc_Theta_Grid	32	static
../Core/Src/DQ_PhaseLockedLoop.c:918:18:DQ_Power_Estimation	56	static
../Core/Src/DQ_PhaseLockedLoop.c:967:6:CrossDecoupling_Control	32	static
../Core/Src/DQ_PhaseLockedLoop.c:1032:6:RevPark_Circle_Limitation	8	static
../Core/Src/DQ_PhaseLockedLoop.c:1074:17:RevPark_Circle_Limitation_DQ_PLL	8	static
../Core/Src/DQ_PhaseLockedLoop.c:1122:5:BUS_DC_Filtering	4	static
../Core/Src/DQ_PhaseLockedLoop.c:1154:5:Current_DC_Filtering	4	static
../Core/Src/DQ_PhaseLockedLoop.c:1187:17:DQ_Filtering	32	static
../Core/Src/DQ_PhaseLockedLoop.c:1224:6:AlphaBeta_Filtering	8	static
../Core/Src/DQ_PhaseLockedLoop.c:1249:5:Generate_90Degrees_Delay	0	static
../Core/Src/DQ_PhaseLockedLoop.c:1280:5:Generate_10Degrees_Delay	4	static
../Core/Src/DQ_PhaseLockedLoop.c:1309:6:Check_BUS_DC	0	static
../Core/Src/DQ_PhaseLockedLoop.c:1330:5:SimpleMovingAvarage_DC_BUS	8	static
