../Drivers/STM32G4xx_HAL_Driver/Src/stm32g4xx_hal_hrtim.c:9605:14:HRTIM_OutputConfig	20	static
../Drivers/STM32G4xx_HAL_Driver/Src/stm32g4xx_hal_hrtim.c:9698:13:HRTIM_EventConfig	8	static
../Drivers/STM32G4xx_HAL_Driver/Src/stm32g4xx_hal_hrtim.c:9966:17:HRTIM_GetITFromOCMode	0	static
../Drivers/STM32G4xx_HAL_Driver/Src/stm32g4xx_hal_hrtim.c:10076:17:HRTIM_GetDMAFromOCMode	0	static
../Drivers/STM32G4xx_HAL_Driver/Src/stm32g4xx_hal_hrtim.c:10165:28:HRTIM_GetDMAHandleFromTimerIdx	0	static
../Drivers/STM32G4xx_HAL_Driver/Src/stm32g4xx_hal_hrtim.c:10268:13:HRTIM_ForceRegistersUpdate	0	static
../Drivers/STM32G4xx_HAL_Driver/Src/stm32g4xx_hal_hrtim.c:733:13:HAL_HRTIM_MspInit	0	static
../Drivers/STM32G4xx_HAL_Driver/Src/stm32g4xx_hal_hrtim.c:552:19:HAL_HRTIM_Init	16	static
../Drivers/STM32G4xx_HAL_Driver/Src/stm32g4xx_hal_hrtim.c:748:13:HAL_HRTIM_MspDeInit	0	static
../Drivers/STM32G4xx_HAL_Driver/Src/stm32g4xx_hal_hrtim.c:697:19:HAL_HRTIM_DeInit	8	static
../Drivers/STM32G4xx_HAL_Driver/Src/stm32g4xx_hal_hrtim.c:773:19:HAL_HRTIM_DLLCalibrationStart	0	static
../Drivers/STM32G4xx_HAL_Driver/Src/stm32g4xx_hal_hrtim.c:823:19:HAL_HRTIM_DLLCalibrationStart_IT	0	static
../Drivers/STM32G4xx_HAL_Driver/Src/stm32g4xx_hal_hrtim.c:864:19:HAL_HRTIM_PollForDLLCalibration	16	static
../Drivers/STM32G4xx_HAL_Driver/Src/stm32g4xx_hal_hrtim.c:914:19:HAL_HRTIM_TimeBaseConfig	4	static
../Drivers/STM32G4xx_HAL_Driver/Src/stm32g4xx_hal_hrtim.c:986:19:HAL_HRTIM_SimpleBaseStart	4	static
../Drivers/STM32G4xx_HAL_Driver/Src/stm32g4xx_hal_hrtim.c:1022:19:HAL_HRTIM_SimpleBaseStop	0	static
../Drivers/STM32G4xx_HAL_Driver/Src/stm32g4xx_hal_hrtim.c:1059:19:HAL_HRTIM_SimpleBaseStart_IT	8	static
../Drivers/STM32G4xx_HAL_Driver/Src/stm32g4xx_hal_hrtim.c:1106:19:HAL_HRTIM_SimpleBaseStop_IT	0	static
../Drivers/STM32G4xx_HAL_Driver/Src/stm32g4xx_hal_hrtim.c:1156:19:HAL_HRTIM_SimpleBaseStart_DMA	24	static
../Drivers/STM32G4xx_HAL_Driver/Src/stm32g4xx_hal_hrtim.c:1259:19:HAL_HRTIM_SimpleBaseStop_DMA	16	static
../Drivers/STM32G4xx_HAL_Driver/Src/stm32g4xx_hal_hrtim.c:1384:19:HAL_HRTIM_SimpleOCChannelConfig	48	static
../Drivers/STM32G4xx_HAL_Driver/Src/stm32g4xx_hal_hrtim.c:1563:19:HAL_HRTIM_SimpleOCStart	4	static
../Drivers/STM32G4xx_HAL_Driver/Src/stm32g4xx_hal_hrtim.c:1616:19:HAL_HRTIM_SimpleOCStop	4	static
../Drivers/STM32G4xx_HAL_Driver/Src/stm32g4xx_hal_hrtim.c:1674:19:HAL_HRTIM_SimpleOCStart_IT	24	static
../Drivers/STM32G4xx_HAL_Driver/Src/stm32g4xx_hal_hrtim.c:1736:19:HAL_HRTIM_SimpleOCStop_IT	24	static
../Drivers/STM32G4xx_HAL_Driver/Src/stm32g4xx_hal_hrtim.c:1806:19:HAL_HRTIM_SimpleOCStart_DMA	24	static
../Drivers/STM32G4xx_HAL_Driver/Src/stm32g4xx_hal_hrtim.c:1916:19:HAL_HRTIM_SimpleOCStop_DMA	24	static
../Drivers/STM32G4xx_HAL_Driver/Src/stm32g4xx_hal_hrtim.c:2027:19:HAL_HRTIM_SimplePWMChannelConfig	48	static
../Drivers/STM32G4xx_HAL_Driver/Src/stm32g4xx_hal_hrtim.c:2150:19:HAL_HRTIM_SimplePWMStart	4	static
../Drivers/STM32G4xx_HAL_Driver/Src/stm32g4xx_hal_hrtim.c:2203:19:HAL_HRTIM_SimplePWMStop	0	static
../Drivers/STM32G4xx_HAL_Driver/Src/stm32g4xx_hal_hrtim.c:2257:19:HAL_HRTIM_SimplePWMStart_IT	4	static
../Drivers/STM32G4xx_HAL_Driver/Src/stm32g4xx_hal_hrtim.c:2352:19:HAL_HRTIM_SimplePWMStop_IT	4	static
../Drivers/STM32G4xx_HAL_Driver/Src/stm32g4xx_hal_hrtim.c:2451:19:HAL_HRTIM_SimplePWMStart_DMA	24	static
../Drivers/STM32G4xx_HAL_Driver/Src/stm32g4xx_hal_hrtim.c:2595:19:HAL_HRTIM_SimplePWMStop_DMA	24	static
../Drivers/STM32G4xx_HAL_Driver/Src/stm32g4xx_hal_hrtim.c:2722:19:HAL_HRTIM_SimpleCaptureChannelConfig	48	static
../Drivers/STM32G4xx_HAL_Driver/Src/stm32g4xx_hal_hrtim.c:2794:19:HAL_HRTIM_SimpleCaptureStart	4	static
../Drivers/STM32G4xx_HAL_Driver/Src/stm32g4xx_hal_hrtim.c:2866:19:HAL_HRTIM_SimpleCaptureStop	4	static
../Drivers/STM32G4xx_HAL_Driver/Src/stm32g4xx_hal_hrtim.c:2949:19:HAL_HRTIM_SimpleCaptureStart_IT	4	static
../Drivers/STM32G4xx_HAL_Driver/Src/stm32g4xx_hal_hrtim.c:3028:19:HAL_HRTIM_SimpleCaptureStop_IT	4	static
../Drivers/STM32G4xx_HAL_Driver/Src/stm32g4xx_hal_hrtim.c:3122:19:HAL_HRTIM_SimpleCaptureStart_DMA	24	static
../Drivers/STM32G4xx_HAL_Driver/Src/stm32g4xx_hal_hrtim.c:3236:19:HAL_HRTIM_SimpleCaptureStop_DMA	24	static
../Drivers/STM32G4xx_HAL_Driver/Src/stm32g4xx_hal_hrtim.c:3386:19:HAL_HRTIM_SimpleOnePulseChannelConfig	80	static
../Drivers/STM32G4xx_HAL_Driver/Src/stm32g4xx_hal_hrtim.c:3527:19:HAL_HRTIM_SimpleOnePulseStart	4	static
../Drivers/STM32G4xx_HAL_Driver/Src/stm32g4xx_hal_hrtim.c:3580:19:HAL_HRTIM_SimpleOnePulseStop	0	static
../Drivers/STM32G4xx_HAL_Driver/Src/stm32g4xx_hal_hrtim.c:3634:19:HAL_HRTIM_SimpleOnePulseStart_IT	0	static
../Drivers/STM32G4xx_HAL_Driver/Src/stm32g4xx_hal_hrtim.c:3729:19:HAL_HRTIM_SimpleOnePulseStop_IT	0	static
../Drivers/STM32G4xx_HAL_Driver/Src/stm32g4xx_hal_hrtim.c:3828:19:HAL_HRTIM_BurstModeConfig	8	static
../Drivers/STM32G4xx_HAL_Driver/Src/stm32g4xx_hal_hrtim.c:3908:19:HAL_HRTIM_EventConfig	16	static
../Drivers/STM32G4xx_HAL_Driver/Src/stm32g4xx_hal_hrtim.c:3953:19:HAL_HRTIM_EventPrescalerConfig	0	static
../Drivers/STM32G4xx_HAL_Driver/Src/stm32g4xx_hal_hrtim.c:3996:19:HAL_HRTIM_FaultConfig	16	static
../Drivers/STM32G4xx_HAL_Driver/Src/stm32g4xx_hal_hrtim.c:4147:19:HAL_HRTIM_FaultPrescalerConfig	0	static
../Drivers/STM32G4xx_HAL_Driver/Src/stm32g4xx_hal_hrtim.c:4190:19:HAL_HRTIM_FaultBlankingConfigAndEnable	0	static
../Drivers/STM32G4xx_HAL_Driver/Src/stm32g4xx_hal_hrtim.c:4301:19:HAL_HRTIM_FaultCounterConfig	4	static
../Drivers/STM32G4xx_HAL_Driver/Src/stm32g4xx_hal_hrtim.c:4408:19:HAL_HRTIM_FaultCounterReset	0	static
../Drivers/STM32G4xx_HAL_Driver/Src/stm32g4xx_hal_hrtim.c:4498:6:HAL_HRTIM_FaultModeCtl	4	static
../Drivers/STM32G4xx_HAL_Driver/Src/stm32g4xx_hal_hrtim.c:4560:19:HAL_HRTIM_ADCTriggerConfig	12	static
../Drivers/STM32G4xx_HAL_Driver/Src/stm32g4xx_hal_hrtim.c:4747:19:HAL_HRTIM_ADCPostScalerConfig	4	static
../Drivers/STM32G4xx_HAL_Driver/Src/stm32g4xx_hal_hrtim.c:4870:19:HAL_HRTIM_RollOverModeConfig	0	static
../Drivers/STM32G4xx_HAL_Driver/Src/stm32g4xx_hal_hrtim.c:4959:19:HAL_HRTIM_WaveformTimerConfig	32	static
../Drivers/STM32G4xx_HAL_Driver/Src/stm32g4xx_hal_hrtim.c:5063:19:HAL_HRTIM_WaveformTimerControl	16	static
../Drivers/STM32G4xx_HAL_Driver/Src/stm32g4xx_hal_hrtim.c:5119:19:HAL_HRTIM_TimerDualChannelDacConfig	4	static
../Drivers/STM32G4xx_HAL_Driver/Src/stm32g4xx_hal_hrtim.c:5185:19:HAL_HRTIM_TimerEventFilteringConfig	8	static
../Drivers/STM32G4xx_HAL_Driver/Src/stm32g4xx_hal_hrtim.c:5321:19:HAL_HRTIM_ExtEventCounterConfig	20	static
../Drivers/STM32G4xx_HAL_Driver/Src/stm32g4xx_hal_hrtim.c:5406:19:HAL_HRTIM_ExtEventCounterEnable	4	static
../Drivers/STM32G4xx_HAL_Driver/Src/stm32g4xx_hal_hrtim.c:5458:19:HAL_HRTIM_ExtEventCounterDisable	4	static
../Drivers/STM32G4xx_HAL_Driver/Src/stm32g4xx_hal_hrtim.c:5512:19:HAL_HRTIM_ExtEventCounterReset	4	static
../Drivers/STM32G4xx_HAL_Driver/Src/stm32g4xx_hal_hrtim.c:5562:19:HAL_HRTIM_DeadTimeConfig	8	static
../Drivers/STM32G4xx_HAL_Driver/Src/stm32g4xx_hal_hrtim.c:5628:19:HAL_HRTIM_ChopperModeConfig	4	static
../Drivers/STM32G4xx_HAL_Driver/Src/stm32g4xx_hal_hrtim.c:5706:19:HAL_HRTIM_BurstDMAConfig	0	static
../Drivers/STM32G4xx_HAL_Driver/Src/stm32g4xx_hal_hrtim.c:5820:19:HAL_HRTIM_WaveformCompareConfig	8	static
../Drivers/STM32G4xx_HAL_Driver/Src/stm32g4xx_hal_hrtim.c:6022:19:HAL_HRTIM_WaveformCaptureConfig	8	static
../Drivers/STM32G4xx_HAL_Driver/Src/stm32g4xx_hal_hrtim.c:6131:19:HAL_HRTIM_WaveformOutputConfig	16	static
../Drivers/STM32G4xx_HAL_Driver/Src/stm32g4xx_hal_hrtim.c:6202:19:HAL_HRTIM_WaveformSetOutputLevel	4	static
../Drivers/STM32G4xx_HAL_Driver/Src/stm32g4xx_hal_hrtim.c:6308:19:HAL_HRTIM_WaveformOutputStart	0	static
../Drivers/STM32G4xx_HAL_Driver/Src/stm32g4xx_hal_hrtim.c:6350:19:HAL_HRTIM_WaveformOutputStop	0	static
../Drivers/STM32G4xx_HAL_Driver/Src/stm32g4xx_hal_hrtim.c:6387:19:HAL_HRTIM_WaveformCountStart	0	static
../Drivers/STM32G4xx_HAL_Driver/Src/stm32g4xx_hal_hrtim.c:6425:19:HAL_HRTIM_WaveformCountStop	0	static
../Drivers/STM32G4xx_HAL_Driver/Src/stm32g4xx_hal_hrtim.c:6466:19:HAL_HRTIM_WaveformCountStart_IT	16	static
../Drivers/STM32G4xx_HAL_Driver/Src/stm32g4xx_hal_hrtim.c:6529:19:HAL_HRTIM_WaveformCountStop_IT	24	static
../Drivers/STM32G4xx_HAL_Driver/Src/stm32g4xx_hal_hrtim.c:6602:19:HAL_HRTIM_WaveformCountStart_DMA	40	static
../Drivers/STM32G4xx_HAL_Driver/Src/stm32g4xx_hal_hrtim.c:6724:19:HAL_HRTIM_WaveformCountStop_DMA	40	static
../Drivers/STM32G4xx_HAL_Driver/Src/stm32g4xx_hal_hrtim.c:6799:19:HAL_HRTIM_BurstModeCtl	0	static
../Drivers/STM32G4xx_HAL_Driver/Src/stm32g4xx_hal_hrtim.c:6831:19:HAL_HRTIM_BurstModeSoftwareTrigger	0	static
../Drivers/STM32G4xx_HAL_Driver/Src/stm32g4xx_hal_hrtim.c:6873:19:HAL_HRTIM_SoftwareCapture	0	static
../Drivers/STM32G4xx_HAL_Driver/Src/stm32g4xx_hal_hrtim.c:6946:19:HAL_HRTIM_SoftwareUpdate	4	static
../Drivers/STM32G4xx_HAL_Driver/Src/stm32g4xx_hal_hrtim.c:6987:19:HAL_HRTIM_SwapTimerOutput	0	static
../Drivers/STM32G4xx_HAL_Driver/Src/stm32g4xx_hal_hrtim.c:7030:19:HAL_HRTIM_SoftwareReset	0	static
../Drivers/STM32G4xx_HAL_Driver/Src/stm32g4xx_hal_hrtim.c:7070:19:HAL_HRTIM_OutputSwapEnable	4	static
../Drivers/STM32G4xx_HAL_Driver/Src/stm32g4xx_hal_hrtim.c:7110:19:HAL_HRTIM_OutputSwapDisable	0	static
../Drivers/STM32G4xx_HAL_Driver/Src/stm32g4xx_hal_hrtim.c:7163:19:HAL_HRTIM_BurstDMATransfer	16	static
../Drivers/STM32G4xx_HAL_Driver/Src/stm32g4xx_hal_hrtim.c:7248:19:HAL_HRTIM_UpdateEnable	0	static
../Drivers/STM32G4xx_HAL_Driver/Src/stm32g4xx_hal_hrtim.c:7285:19:HAL_HRTIM_UpdateDisable	0	static
../Drivers/STM32G4xx_HAL_Driver/Src/stm32g4xx_hal_hrtim.c:7337:24:HAL_HRTIM_GetState	0	static
../Drivers/STM32G4xx_HAL_Driver/Src/stm32g4xx_hal_hrtim.c:7360:10:HAL_HRTIM_GetCapturedValue	0	static
../Drivers/STM32G4xx_HAL_Driver/Src/stm32g4xx_hal_hrtim.c:7418:27:HAL_HRTIM_GetCaptured	0	static
../Drivers/STM32G4xx_HAL_Driver/Src/stm32g4xx_hal_hrtim.c:7475:10:HAL_HRTIM_GetCapturedDir	0	static
../Drivers/STM32G4xx_HAL_Driver/Src/stm32g4xx_hal_hrtim.c:7536:10:HAL_HRTIM_WaveformGetOutputLevel	0	static
../Drivers/STM32G4xx_HAL_Driver/Src/stm32g4xx_hal_hrtim.c:7630:10:HAL_HRTIM_WaveformGetOutputState	0	static
../Drivers/STM32G4xx_HAL_Driver/Src/stm32g4xx_hal_hrtim.c:7784:10:HAL_HRTIM_GetDelayedProtectionStatus	0	static
../Drivers/STM32G4xx_HAL_Driver/Src/stm32g4xx_hal_hrtim.c:7860:10:HAL_HRTIM_GetBurstStatus	0	static
../Drivers/STM32G4xx_HAL_Driver/Src/stm32g4xx_hal_hrtim.c:7884:10:HAL_HRTIM_GetCurrentPushPullStatus	0	static
../Drivers/STM32G4xx_HAL_Driver/Src/stm32g4xx_hal_hrtim.c:7913:10:HAL_HRTIM_GetIdlePushPullStatus	0	static
../Drivers/STM32G4xx_HAL_Driver/Src/stm32g4xx_hal_hrtim.c:8027:13:HAL_HRTIM_Fault1Callback	0	static
../Drivers/STM32G4xx_HAL_Driver/Src/stm32g4xx_hal_hrtim.c:8042:13:HAL_HRTIM_Fault2Callback	0	static
../Drivers/STM32G4xx_HAL_Driver/Src/stm32g4xx_hal_hrtim.c:8057:13:HAL_HRTIM_Fault3Callback	0	static
../Drivers/STM32G4xx_HAL_Driver/Src/stm32g4xx_hal_hrtim.c:8072:13:HAL_HRTIM_Fault4Callback	0	static
../Drivers/STM32G4xx_HAL_Driver/Src/stm32g4xx_hal_hrtim.c:8087:13:HAL_HRTIM_Fault5Callback	0	static
../Drivers/STM32G4xx_HAL_Driver/Src/stm32g4xx_hal_hrtim.c:8102:13:HAL_HRTIM_Fault6Callback	0	static
../Drivers/STM32G4xx_HAL_Driver/Src/stm32g4xx_hal_hrtim.c:8117:13:HAL_HRTIM_SystemFaultCallback	0	static
../Drivers/STM32G4xx_HAL_Driver/Src/stm32g4xx_hal_hrtim.c:8132:13:HAL_HRTIM_DLLCalibrationReadyCallback	0	static
../Drivers/STM32G4xx_HAL_Driver/Src/stm32g4xx_hal_hrtim.c:8147:13:HAL_HRTIM_BurstModePeriodCallback	0	static
../Drivers/STM32G4xx_HAL_Driver/Src/stm32g4xx_hal_hrtim.c:8162:13:HAL_HRTIM_SynchronizationEventCallback	0	static
../Drivers/STM32G4xx_HAL_Driver/Src/stm32g4xx_hal_hrtim.c:8186:13:HAL_HRTIM_RegistersUpdateCallback	0	static
../Drivers/STM32G4xx_HAL_Driver/Src/stm32g4xx_hal_hrtim.c:8212:13:HAL_HRTIM_RepetitionEventCallback	0	static
../Drivers/STM32G4xx_HAL_Driver/Src/stm32g4xx_hal_hrtim.c:8239:13:HAL_HRTIM_Compare1EventCallback	0	static
../Drivers/STM32G4xx_HAL_Driver/Src/stm32g4xx_hal_hrtim.c:8266:13:HAL_HRTIM_Compare2EventCallback	0	static
../Drivers/STM32G4xx_HAL_Driver/Src/stm32g4xx_hal_hrtim.c:8293:13:HAL_HRTIM_Compare3EventCallback	0	static
../Drivers/STM32G4xx_HAL_Driver/Src/stm32g4xx_hal_hrtim.c:8320:13:HAL_HRTIM_Compare4EventCallback	0	static
../Drivers/STM32G4xx_HAL_Driver/Src/stm32g4xx_hal_hrtim.c:10856:13:HRTIM_DMAMasterCplt	8	static
../Drivers/STM32G4xx_HAL_Driver/Src/stm32g4xx_hal_hrtim.c:8345:13:HAL_HRTIM_Capture1EventCallback	0	static
../Drivers/STM32G4xx_HAL_Driver/Src/stm32g4xx_hal_hrtim.c:8370:13:HAL_HRTIM_Capture2EventCallback	0	static
../Drivers/STM32G4xx_HAL_Driver/Src/stm32g4xx_hal_hrtim.c:8396:13:HAL_HRTIM_DelayedProtectionCallback	0	static
../Drivers/STM32G4xx_HAL_Driver/Src/stm32g4xx_hal_hrtim.c:8422:13:HAL_HRTIM_CounterResetCallback	0	static
../Drivers/STM32G4xx_HAL_Driver/Src/stm32g4xx_hal_hrtim.c:8447:13:HAL_HRTIM_Output1SetCallback	0	static
../Drivers/STM32G4xx_HAL_Driver/Src/stm32g4xx_hal_hrtim.c:8472:13:HAL_HRTIM_Output1ResetCallback	0	static
../Drivers/STM32G4xx_HAL_Driver/Src/stm32g4xx_hal_hrtim.c:8497:13:HAL_HRTIM_Output2SetCallback	0	static
../Drivers/STM32G4xx_HAL_Driver/Src/stm32g4xx_hal_hrtim.c:8522:13:HAL_HRTIM_Output2ResetCallback	0	static
../Drivers/STM32G4xx_HAL_Driver/Src/stm32g4xx_hal_hrtim.c:10927:13:HRTIM_DMATimerxCplt	8	static
../Drivers/STM32G4xx_HAL_Driver/Src/stm32g4xx_hal_hrtim.c:8001:6:HAL_HRTIM_IRQHandler	24	static
../Drivers/STM32G4xx_HAL_Driver/Src/stm32g4xx_hal_hrtim.c:8548:13:HAL_HRTIM_BurstDMATransferCallback	0	static
../Drivers/STM32G4xx_HAL_Driver/Src/stm32g4xx_hal_hrtim.c:11076:13:HRTIM_BurstDMACplt	8	static
../Drivers/STM32G4xx_HAL_Driver/Src/stm32g4xx_hal_hrtim.c:8565:13:HAL_HRTIM_ErrorCallback	0	static
../Drivers/STM32G4xx_HAL_Driver/Src/stm32g4xx_hal_hrtim.c:11060:13:HRTIM_DMAError	8	static
