Archive member included to satisfy reference by file (symbol)

c:/st/stm32cubeide_1.7.0/stm32cubeide/plugins/com.st.stm32cube.ide.mcu.externaltools.gnu-tools-for-stm32.10.3-2021.10.win32_1.0.0.202111181127/tools/bin/../lib/gcc/arm-none-eabi/10.3.1/../../../../arm-none-eabi/lib/thumb/v7e-m+fp/hard\libc_nano.a(lib_a-errno.o)
                              ./Core/Src/syscalls.o (__errno)
c:/st/stm32cubeide_1.7.0/stm32cubeide/plugins/com.st.stm32cube.ide.mcu.externaltools.gnu-tools-for-stm32.10.3-2021.10.win32_1.0.0.202111181127/tools/bin/../lib/gcc/arm-none-eabi/10.3.1/../../../../arm-none-eabi/lib/thumb/v7e-m+fp/hard\libc_nano.a(lib_a-exit.o)
                              c:/st/stm32cubeide_1.7.0/stm32cubeide/plugins/com.st.stm32cube.ide.mcu.externaltools.gnu-tools-for-stm32.10.3-2021.10.win32_1.0.0.202111181127/tools/bin/../lib/gcc/arm-none-eabi/10.3.1/../../../../arm-none-eabi/lib/thumb/v7e-m+fp/hard/crt0.o (exit)
c:/st/stm32cubeide_1.7.0/stm32cubeide/plugins/com.st.stm32cube.ide.mcu.externaltools.gnu-tools-for-stm32.10.3-2021.10.win32_1.0.0.202111181127/tools/bin/../lib/gcc/arm-none-eabi/10.3.1/../../../../arm-none-eabi/lib/thumb/v7e-m+fp/hard\libc_nano.a(lib_a-impure.o)
                              c:/st/stm32cubeide_1.7.0/stm32cubeide/plugins/com.st.stm32cube.ide.mcu.externaltools.gnu-tools-for-stm32.10.3-2021.10.win32_1.0.0.202111181127/tools/bin/../lib/gcc/arm-none-eabi/10.3.1/../../../../arm-none-eabi/lib/thumb/v7e-m+fp/hard\libc_nano.a(lib_a-exit.o) (_global_impure_ptr)
c:/st/stm32cubeide_1.7.0/stm32cubeide/plugins/com.st.stm32cube.ide.mcu.externaltools.gnu-tools-for-stm32.10.3-2021.10.win32_1.0.0.202111181127/tools/bin/../lib/gcc/arm-none-eabi/10.3.1/../../../../arm-none-eabi/lib/thumb/v7e-m+fp/hard\libc_nano.a(lib_a-init.o)
                              c:/st/stm32cubeide_1.7.0/stm32cubeide/plugins/com.st.stm32cube.ide.mcu.externaltools.gnu-tools-for-stm32.10.3-2021.10.win32_1.0.0.202111181127/tools/bin/../lib/gcc/arm-none-eabi/10.3.1/../../../../arm-none-eabi/lib/thumb/v7e-m+fp/hard/crt0.o (__libc_init_array)
c:/st/stm32cubeide_1.7.0/stm32cubeide/plugins/com.st.stm32cube.ide.mcu.externaltools.gnu-tools-for-stm32.10.3-2021.10.win32_1.0.0.202111181127/tools/bin/../lib/gcc/arm-none-eabi/10.3.1/../../../../arm-none-eabi/lib/thumb/v7e-m+fp/hard\libc_nano.a(lib_a-memset.o)
                              c:/st/stm32cubeide_1.7.0/stm32cubeide/plugins/com.st.stm32cube.ide.mcu.externaltools.gnu-tools-for-stm32.10.3-2021.10.win32_1.0.0.202111181127/tools/bin/../lib/gcc/arm-none-eabi/10.3.1/../../../../arm-none-eabi/lib/thumb/v7e-m+fp/hard/crt0.o (memset)
c:/st/stm32cubeide_1.7.0/stm32cubeide/plugins/com.st.stm32cube.ide.mcu.externaltools.gnu-tools-for-stm32.10.3-2021.10.win32_1.0.0.202111181127/tools/bin/../lib/gcc/arm-none-eabi/10.3.1/thumb/v7e-m+fp/hard\libgcc.a(_arm_muldf3.o)
                              ./Core/Src/400WControl.o (__aeabi_dmul)
c:/st/stm32cubeide_1.7.0/stm32cubeide/plugins/com.st.stm32cube.ide.mcu.externaltools.gnu-tools-for-stm32.10.3-2021.10.win32_1.0.0.202111181127/tools/bin/../lib/gcc/arm-none-eabi/10.3.1/thumb/v7e-m+fp/hard\libgcc.a(_arm_addsubdf3.o)
                              ./Core/Src/DCDC_Converter.o (__aeabi_ui2d)
c:/st/stm32cubeide_1.7.0/stm32cubeide/plugins/com.st.stm32cube.ide.mcu.externaltools.gnu-tools-for-stm32.10.3-2021.10.win32_1.0.0.202111181127/tools/bin/../lib/gcc/arm-none-eabi/10.3.1/thumb/v7e-m+fp/hard\libgcc.a(_arm_cmpdf2.o)
                              ./Core/Src/DCDC_Converter.o (__aeabi_dcmple)
c:/st/stm32cubeide_1.7.0/stm32cubeide/plugins/com.st.stm32cube.ide.mcu.externaltools.gnu-tools-for-stm32.10.3-2021.10.win32_1.0.0.202111181127/tools/bin/../lib/gcc/arm-none-eabi/10.3.1/thumb/v7e-m+fp/hard\libgcc.a(_arm_fixdfsi.o)
                              ./Core/Src/400WControl.o (__aeabi_d2iz)
c:/st/stm32cubeide_1.7.0/stm32cubeide/plugins/com.st.stm32cube.ide.mcu.externaltools.gnu-tools-for-stm32.10.3-2021.10.win32_1.0.0.202111181127/tools/bin/../lib/gcc/arm-none-eabi/10.3.1/thumb/v7e-m+fp/hard\libgcc.a(_arm_fixunsdfsi.o)
                              ./Core/Src/DCDC_Converter.o (__aeabi_d2uiz)
c:/st/stm32cubeide_1.7.0/stm32cubeide/plugins/com.st.stm32cube.ide.mcu.externaltools.gnu-tools-for-stm32.10.3-2021.10.win32_1.0.0.202111181127/tools/bin/../lib/gcc/arm-none-eabi/10.3.1/thumb/v7e-m+fp/hard\libgcc.a(_aeabi_ldivmod.o)
                              ./Core/Src/DCDC_Converter.o (__aeabi_ldivmod)
c:/st/stm32cubeide_1.7.0/stm32cubeide/plugins/com.st.stm32cube.ide.mcu.externaltools.gnu-tools-for-stm32.10.3-2021.10.win32_1.0.0.202111181127/tools/bin/../lib/gcc/arm-none-eabi/10.3.1/thumb/v7e-m+fp/hard\libgcc.a(_aeabi_uldivmod.o)
                              ./Core/Src/DCDC_Converter.o (__aeabi_uldivmod)
c:/st/stm32cubeide_1.7.0/stm32cubeide/plugins/com.st.stm32cube.ide.mcu.externaltools.gnu-tools-for-stm32.10.3-2021.10.win32_1.0.0.202111181127/tools/bin/../lib/gcc/arm-none-eabi/10.3.1/thumb/v7e-m+fp/hard\libgcc.a(_udivmoddi4.o)
[...]
Memory Configuration

Name             Origin             Length             Attributes
RAM              0x0000000020000000 0x0000000000020000 xrw
FLASH            0x0000000008000000 0x0000000000080000 xr
*default*        0x0000000000000000 0xffffffffffffffff

Linker script and memory map

LOAD c:/st/stm32cubeide_1.7.0/stm32cubeide/plugins/com.st.stm32cube.ide.mcu.externaltools.gnu-tools-for-stm32.10.3-2021.10.win32_1.0.0.202111181127/tools/bin/../lib/gcc/arm-none-eabi/10.3.1/thumb/v7e-m+fp/hard/crti.o
LOAD c:/st/stm32cubeide_1.7.0/stm32cubeide/plugins/com.st.stm32cube.ide.mcu.externaltools.gnu-tools-for-stm32.10.3-2021.10.win32_1.0.0.202111181127/tools/bin/../lib/gcc/arm-none-eabi/10.3.1/thumb/v7e-m+fp/hard/crtbegin.o
LOAD c:/st/stm32cubeide_1.7.0/stm32cubeide/plugins/com.st.stm32cube.ide.mcu.externaltools.gnu-tools-for-stm32.10.3-2021.10.win32_1.0.0.202111181127/tools/bin/../lib/gcc/arm-none-eabi/10.3.1/../../../../arm-none-eabi/lib/thumb/v7e-m+fp/hard/crt0.o
LOAD ./Core/Src/400WControl.o
LOAD ./Core/Src/COM_Serial.o
LOAD ./Core/Src/DAC_Debug.o
LOAD ./Core/Src/DCAC_Inverter.o
LOAD ./Core/Src/DCDC_Converter.o
LOAD ./Core/Src/DQ_PhaseLockedLoop.o
LOAD ./Core/Src/DataSensing.o
LOAD ./Core/Src/FrameProtocol.o
LOAD ./Core/Src/PI_Regulator.o
LOAD ./Core/Src/PLL_Regulator.o
LOAD ./Core/Src/Solar_MPPT.o
LOAD ./Core/Src/Solar_Mul_Div.o
LOAD ./Core/Src/hw_config.o
LOAD ./Core/Src/main.o
LOAD ./Core/Src/photovSDK.o
LOAD ./Core/Src/stm32g4xx_hal_msp.o
LOAD ./Core/Src/stm32g4xx_it.o
LOAD ./Core/Src/syscalls.o
LOAD ./Core/Src/sysmem.o
LOAD ./Core/Src/system_stm32g4xx.o
LOAD ./Core/Startup/startup_stm32g474qetx.o
LOAD ./Drivers/STM32G4xx_HAL_Driver/Src/stm32g4xx_hal.o
LOAD ./Drivers/STM32G4xx_HAL_Driver/Src/stm32g4xx_hal_cortex.o
LOAD ./Drivers/STM32G4xx_HAL_Driver/Src/stm32g4xx_hal_dma.o
LOAD ./Drivers/STM32G4xx_HAL_Driver/Src/stm32g4xx_hal_dma_ex.o
LOAD ./Drivers/STM32G4xx_HAL_Driver/Src/stm32g4xx_hal_exti.o
LOAD ./Drivers/STM32G4xx_HAL_Driver/Src/stm32g4xx_hal_fdcan.o
LOAD ./Drivers/STM32G4xx_HAL_Driver/Src/stm32g4xx_hal_flash.o
LOAD ./Drivers/STM32G4xx_HAL_Driver/Src/stm32g4xx_hal_flash_ex.o
LOAD ./Drivers/STM32G4xx_HAL_Driver/Src/stm32g4xx_hal_flash_ramfunc.o
LOAD ./Drivers/STM32G4xx_HAL_Driver/Src/stm32g4xx_hal_gpio.o
LOAD ./Drivers/STM32G4xx_HAL_Driver/Src/stm32g4xx_hal_hrtim.o
LOAD ./Drivers/STM32G4xx_HAL_Driver/Src/stm32g4xx_hal_pwr.o
LOAD ./Drivers/STM32G4xx_HAL_Driver/Src/stm32g4xx_hal_pwr_ex.o
LOAD ./Drivers/STM32G4xx_HAL_Driver/Src/stm32g4xx_hal_rcc.o
LOAD ./Drivers/STM32G4xx_HAL_Driver/Src/stm32g4xx_hal_rcc_ex.o
LOAD ./Drivers/STM32G4xx_HAL_Driver/Src/stm32g4xx_hal_spi.o
LOAD ./Drivers/STM32G4xx_HAL_Driver/Src/stm32g4xx_hal_spi_ex.o
LOAD ./Drivers/STM32G4xx_HAL_Driver/Src/stm32g4xx_hal_tim.o
LOAD ./Drivers/STM32G4xx_HAL_Driver/Src/stm32g4xx_hal_tim_ex.o
LOAD ./Drivers/STM32G4xx_HAL_Driver/Src/stm32g4xx_hal_uart.o
LOAD ./Drivers/STM32G4xx_HAL_Driver/Src/stm32g4xx_hal_uart_ex.o
LOAD ./Drivers/STM32G4xx_HAL_Driver/Src/stm32g4xx_ll_adc.o
LOAD ./Drivers/STM32G4xx_HAL_Driver/Src/stm32g4xx_ll_comp.o
LOAD ./Drivers/STM32G4xx_HAL_Driver/Src/stm32g4xx_ll_dac.o
LOAD ./Drivers/STM32G4xx_HAL_Driver/Src/stm32g4xx_ll_dma.o
LOAD ./Drivers/STM32G4xx_HAL_Driver/Src/stm32g4xx_ll_exti.o
LOAD ./Drivers/STM32G4xx_HAL_Driver/Src/stm32g4xx_ll_gpio.o
LOAD ./Drivers/STM32G4xx_HAL_Driver/Src/stm32g4xx_ll_opamp.o
LOAD ./Drivers/STM32G4xx_HAL_Driver/Src/stm32g4xx_ll_rcc.o
LOAD ./Drivers/STM32G4xx_HAL_Driver/Src/stm32g4xx_ll_tim.o
LOAD ./Drivers/STM32G4xx_HAL_Driver/Src/stm32g4xx_ll_utils.o
LOAD ./FATFS/App/app_fatfs.o
LOAD ./FATFS/Target/user_diskio.o
LOAD ./FATFS/Target/user_diskio_spi.o
LOAD ./Middlewares/Third_Party/FatFs/src/diskio.o
LOAD ./Middlewares/Third_Party/FatFs/src/ff.o
LOAD ./Middlewares/Third_Party/FatFs/src/ff_gen_drv.o
LOAD ./Middlewares/Third_Party/FatFs/src/option/syscall.o
START GROUP
LOAD c:/st/stm32cubeide_1.7.0/stm32cubeide/plugins/com.st.stm32cube.ide.mcu.externaltools.gnu-tools-for-stm32.10.3-2021.10.win32_1.0.0.202111181127/tools/bin/../lib/gcc/arm-none-eabi/10.3.1/../../../../arm-none-eabi/lib/thumb/v7e-m+fp/hard\libc_nano.a
LOAD c:/st/stm32cubeide_1.7.0/stm32cubeide/plugins/com.st.stm32cube.ide.mcu.externaltools.gnu-tools-for-stm32.10.3-2021.10.win32_1.0.0.202111181127/tools/bin/../lib/gcc/arm-none-eabi/10.3.1/../../../../arm-none-eabi/lib/thumb/v7e-m+fp/hard\libm.a
END GROUP
START GROUP
LOAD c:/st/stm32cubeide_1.7.0/stm32cubeide/plugins/com.st.stm32cube.ide.mcu.externaltools.gnu-tools-for-stm32.10.3-2021.10.win32_1.0.0.202111181127/tools/bin/../lib/gcc/arm-none-eabi/10.3.1/thumb/v7e-m+fp/hard\libgcc.a
LOAD c:/st/stm32cubeide_1.7.0/stm32cubeide/plugins/com.st.stm32cube.ide.mcu.externaltools.gnu-tools-for-stm32.10.3-2021.10.win32_1.0.0.202111181127/tools/bin/../lib/gcc/arm-none-eabi/10.3.1/../../../../arm-none-eabi/lib/thumb/v7e-m+fp/hard\libc_nano.a
END GROUP
START GROUP
LOAD c:/st/stm32cubeide_1.7.0/stm32cubeide/plugins/com.st.stm32cube.ide.mcu.externaltools.gnu-tools-for-stm32.10.3-2021.10.win32_1.0.0.202111181127/tools/bin/../lib/gcc/arm-none-eabi/10.3.1/thumb/v7e-m+fp/hard\libgcc.a
LOAD c:/st/stm32cubeide_1.7.0/stm32cubeide/plugins/com.st.stm32cube.ide.mcu.externaltools.gnu-tools-for-stm32.10.3-2021.10.win32_1.0.0.202111181127/tools/bin/../lib/gcc/arm-none-eabi/10.3.1/../../../../arm-none-eabi/lib/thumb/v7e-m+fp/hard\libc_nano.a
LOAD c:/st/stm32cubeide_1.7.0/stm32cubeide/plugins/com.st.stm32cube.ide.mcu.externaltools.gnu-tools-for-stm32.10.3-2021.10.win32_1.0.0.202111181127/tools/bin/../lib/gcc/arm-none-eabi/10.3.1/../../../../arm-none-eabi/lib/thumb/v7e-m+fp/hard\libnosys.a
END GROUP
START GROUP
LOAD c:/st/stm32cubeide_1.7.0/stm32cubeide/plugins/com.st.stm32cube.ide.mcu.externaltools.gnu-tools-for-stm32.10.3-2021.10.win32_1.0.0.202111181127/tools/bin/../lib/gcc/arm-none-eabi/10.3.1/thumb/v7e-m+fp/hard\libgcc.a
LOAD c:/st/stm32cubeide_1.7.0/stm32cubeide/plugins/com.st.stm32cube.ide.mcu.externaltools.gnu-tools-for-stm32.10.3-2021.10.win32_1.0.0.202111181127/tools/bin/../lib/gcc/arm-none-eabi/10.3.1/../../../../arm-none-eabi/lib/thumb/v7e-m+fp/hard\libc_nano.a
LOAD c:/st/stm32cubeide_1.7.0/stm32cubeide/plugins/com.st.stm32cube.ide.mcu.externaltools.gnu-tools-for-stm32.10.3-2021.10.win32_1.0.0.202111181127/tools/bin/../lib/gcc/arm-none-eabi/10.3.1/../../../../arm-none-eabi/lib/thumb/v7e-m+fp/hard\libnosys.a
END GROUP
LOAD c:/st/stm32cubeide_1.7.0/stm32cubeide/plugins/com.st.stm32cube.ide.mcu.externaltools.gnu-tools-for-stm32.10.3-2021.10.win32_1.0.0.202111181127/tools/bin/../lib/gcc/arm-none-eabi/10.3.1/thumb/v7e-m+fp/hard/crtend.o
LOAD c:/st/stm32cubeide_1.7.0/stm32cubeide/plugins/com.st.stm32cube.ide.mcu.externaltools.gnu-tools-for-stm32.10.3-2021.10.win32_1.0.0.202111181127/tools/bin/../lib/gcc/arm-none-eabi/10.3.1/thumb/v7e-m+fp/hard/crtn.o
                0x0000000020020000                _estack = (ORIGIN (RAM) + LENGTH (RAM))
                0x0000000000000200                _Min_Heap_Size = 0x200
                0x0000000000000400                _Min_Stack_Size = 0x400

.isr_vector     0x0000000008000000      0x1d8
                0x0000000008000000                . = ALIGN (0x4)
 *(.isr_vector)
 .isr_vector    0x0000000008000000      0x1d8 ./Core/Startup/startup_stm32g474qetx.o
                0x0000000008000000                g_pfnVectors
                0x00000000080001d8                . = ALIGN (0x4)

.text           0x00000000080001d8     0xa684
                0x00000000080001d8                . = ALIGN (0x4)
 *(.text)
 .text          0x00000000080001d8       0x40 c:/st/stm32cubeide_1.7.0/stm32cubeide/plugins/com.st.stm32cube.ide.mcu.externaltools.gnu-tools-for-stm32.10.3-2021.10.win32_1.0.0.202111181127/tools/bin/../lib/gcc/arm-none-eabi/10.3.1/thumb/v7e-m+fp/hard/crtbegin.o
 .text          0x0000000008000218      0x254 c:/st/stm32cubeide_1.7.0/stm32cubeide/plugins/com.st.stm32cube.ide.mcu.externaltools.gnu-tools-for-stm32.10.3-2021.10.win32_1.0.0.202111181127/tools/bin/../lib/gcc/arm-none-eabi/10.3.1/thumb/v7e-m+fp/hard\libgcc.a(_arm_muldf3.o)
                0x0000000008000218                __muldf3
                0x0000000008000218                __aeabi_dmul
 .text          0x000000000800046c      0x378 c:/st/stm32cubeide_1.7.0/stm32cubeide/plugins/com.st.stm32cube.ide.mcu.externaltools.gnu-tools-for-stm32.10.3-2021.10.win32_1.0.0.202111181127/tools/bin/../lib/gcc/arm-none-eabi/10.3.1/thumb/v7e-m+fp/hard\libgcc.a(_arm_addsubdf3.o)
                0x000000000800046c                __aeabi_drsub
                0x0000000008000474                __aeabi_dsub
                0x0000000008000474                __subdf3
                0x0000000008000478                __aeabi_dadd
                0x0000000008000478                __adddf3
                0x00000000080006f0                __floatunsidf
                0x00000000080006f0                __aeabi_ui2d
                0x0000000008000710                __floatsidf
                0x0000000008000710                __aeabi_i2d
                0x0000000008000734                __aeabi_f2d
                0x0000000008000734                __extendsfdf2
                0x0000000008000778                __floatundidf
                0x0000000008000778                __aeabi_ul2d
                0x0000000008000788                __floatdidf
                0x0000000008000788                __aeabi_l2d
 .text          0x00000000080007e4      0x110 c:/st/stm32cubeide_1.7.0/stm32cubeide/plugins/com.st.stm32cube.ide.mcu.externaltools.gnu-tools-for-stm32.10.3-2021.10.win32_1.0.0.202111181127/tools/bin/../lib/gcc/arm-none-eabi/10.3.1/thumb/v7e-m+fp/hard\libgcc.a(_arm_cmpdf2.o)
                0x00000000080007e4                __gtdf2
                0x00000000080007e4                __gedf2
                0x00000000080007ec                __ltdf2
                0x00000000080007ec                __ledf2
                0x00000000080007f4                __nedf2
                0x00000000080007f4                __eqdf2
                0x00000000080007f4                __cmpdf2
                0x0000000008000870                __aeabi_cdrcmple
                0x0000000008000880                __aeabi_cdcmpeq
                0x0000000008000880                __aeabi_cdcmple
                0x0000000008000890                __aeabi_dcmpeq
                0x00000000080008a4                __aeabi_dcmplt
                0x00000000080008b8                __aeabi_dcmple
                0x00000000080008cc                __aeabi_dcmpge
                0x00000000080008e0                __aeabi_dcmpgt
 .text          0x00000000080008f4       0x50 c:/st/stm32cubeide_1.7.0/stm32cubeide/plugins/com.st.stm32cube.ide.mcu.externaltools.gnu-tools-for-stm32.10.3-2021.10.win32_1.0.0.202111181127/tools/bin/../lib/gcc/arm-none-eabi/10.3.1/thumb/v7e-m+fp/hard\libgcc.a(_arm_fixdfsi.o)
                0x00000000080008f4                __aeabi_d2iz
                0x00000000080008f4                __fixdfsi
 .text          0x0000000008000944       0x40 c:/st/stm32cubeide_1.7.0/stm32cubeide/plugins/com.st.stm32cube.ide.mcu.externaltools.gnu-tools-for-stm32.10.3-2021.10.win32_1.0.0.202111181127/tools/bin/../lib/gcc/arm-none-eabi/10.3.1/thumb/v7e-m+fp/hard\libgcc.a(_arm_fixunsdfsi.o)
                0x0000000008000944                __aeabi_d2uiz
                0x0000000008000944                __fixunsdfsi
 .text          0x0000000008000984       0x30 c:/st/stm32cubeide_1.7.0/stm32cubeide/plugins/com.st.stm32cube.ide.mcu.externaltools.gnu-tools-for-stm32.10.3-2021.10.win32_1.0.0.202111181127/tools/bin/../lib/gcc/arm-none-eabi/10.3.1/thumb/v7e-m+fp/hard\libgcc.a(_aeabi_uldivmod.o)
                0x0000000008000984                __aeabi_uldivmod
 .text          0x00000000080009b4      0x2d0 c:/st/stm32cubeide_1.7.0/stm32cubeide/plugins/com.st.stm32cube.ide.mcu.externaltools.gnu-tools-for-stm32.10.3-2021.10.win32_1.0.0.202111181127/tools/bin/../lib/gcc/arm-none-eabi/10.3.1/thumb/v7e-m+fp/hard\libgcc.a(_udivmoddi4.o)
                0x00000000080009b4                __udivmoddi4
 .text          0x0000000008000c84        0x4 c:/st/stm32cubeide_1.7.0/stm32cubeide/plugins/com.st.stm32cube.ide.mcu.externaltools.gnu-tools-for-stm32.10.3-2021.10.win32_1.0.0.202111181127/tools/bin/../lib/gcc/arm-none-eabi/10.3.1/thumb/v7e-m+fp/hard\libgcc.a(_dvmd_tls.o)
                0x0000000008000c84                __aeabi_idiv0
                0x0000000008000c84                __aeabi_ldiv0
 *(.text*)
 .text.delay_cycles
                0x0000000008000c88       0x2c ./Core/Src/400WControl.o
                0x0000000008000c88                delay_cycles
 .text.ExecControlInitParamOffSet
                0x0000000008000cb4       0xbc ./Core/Src/400WControl.o
                0x0000000008000cb4                ExecControlInitParamOffSet
 .text.ExecControlOpenLoop
                0x0000000008000d70      0x264 ./Core/Src/400WControl.o
                0x0000000008000d70                ExecControlOpenLoop
 .text.SetControlMode
                0x0000000008000fd4       0x50 ./Core/Src/400WControl.o
                0x0000000008000fd4                SetControlMode
 .text.CalibrationControl.part.0
                0x0000000008001024      0x124 ./Core/Src/400WControl.o
 .text.StartControl
                0x0000000008001148       0xd8 ./Core/Src/400WControl.o
                0x0000000008001148                StartControl
 .text.InitControl
                0x0000000008001220      0x1b0 ./Core/Src/400WControl.o
                0x0000000008001220                InitControl
 .text.CalcAndSetACComponents
                0x00000000080013d0      0x180 ./Core/Src/400WControl.o
                0x00000000080013d0                CalcAndSetACComponents
 .text.ExecControl
                0x0000000008001550      0x6d0 ./Core/Src/400WControl.o
                0x0000000008001550                ExecControl
 .text.DCAC_Init
                0x0000000008001c20       0x48 ./Core/Src/DCAC_Inverter.o
                0x0000000008001c20                DCAC_Init
 .text.DCAC_SendCommand
                0x0000000008001c68       0x98 ./Core/Src/DCAC_Inverter.o
                0x0000000008001c68                DCAC_SendCommand
 .text.DCAC_SetPulse
                0x0000000008001d00       0x3c ./Core/Src/DCAC_Inverter.o
                0x0000000008001d00                DCAC_SetPulse
 .text.DCAC_GetStatus
                0x0000000008001d3c        0xc ./Core/Src/DCAC_Inverter.o
                0x0000000008001d3c                DCAC_GetStatus
 .text.HRTIM_TIMD_DMA_START
                0x0000000008001d48       0x10 ./Core/Src/DCDC_Converter.o
                0x0000000008001d48                HRTIM_TIMD_DMA_START
 .text.HRTIM_TIMD_DMA_STOP
                0x0000000008001d58        0x4 ./Core/Src/DCDC_Converter.o
                0x0000000008001d58                HRTIM_TIMD_DMA_STOP
 .text.HRTIM_TIMF_DMA_START
                0x0000000008001d5c       0x10 ./Core/Src/DCDC_Converter.o
                0x0000000008001d5c                HRTIM_TIMF_DMA_START
 .text.DCDC_SendCommand
                0x0000000008001d6c       0xc4 ./Core/Src/DCDC_Converter.o
                0x0000000008001d6c                DCDC_SendCommand
 .text.DCDC_GetPeriod
                0x0000000008001e30        0xc ./Core/Src/DCDC_Converter.o
                0x0000000008001e30                DCDC_GetPeriod
 .text.DCDC_GetFrequency
                0x0000000008001e3c        0xc ./Core/Src/DCDC_Converter.o
                0x0000000008001e3c                DCDC_GetFrequency
 .text.DCDC_GetPhaseShift
                0x0000000008001e48        0xc ./Core/Src/DCDC_Converter.o
                0x0000000008001e48                DCDC_GetPhaseShift
 .text.DCDC_SetPhaseShift
                0x0000000008001e54       0x28 ./Core/Src/DCDC_Converter.o
                0x0000000008001e54                DCDC_SetPhaseShift
 *fill*         0x0000000008001e7c        0x4 
 .text.DCDC_SetFrequency
                0x0000000008001e80      0x2ac ./Core/Src/DCDC_Converter.o
                0x0000000008001e80                DCDC_SetFrequency
 .text.DCDC_TIMx_Configuration
                0x000000000800212c      0x9a4 ./Core/Src/DCDC_Converter.o
                0x000000000800212c                DCDC_TIMx_Configuration
 .text.DCDC_Init
                0x0000000008002ad0       0x34 ./Core/Src/DCDC_Converter.o
                0x0000000008002ad0                DCDC_Init
 .text.DQ_PLL_Grid
                0x0000000008002b04      0x10c ./Core/Src/DQ_PhaseLockedLoop.o
                0x0000000008002b04                DQ_PLL_Grid
 .text.DQ_Current_Inverter
                0x0000000008002c10       0xa0 ./Core/Src/DQ_PhaseLockedLoop.o
                0x0000000008002c10                DQ_Current_Inverter
 .text.Rev_Park
                0x0000000008002cb0       0x54 ./Core/Src/DQ_PhaseLockedLoop.o
                0x0000000008002cb0                Rev_Park
 .text.Calc_Theta_Grid
                0x0000000008002d04      0x22c ./Core/Src/DQ_PhaseLockedLoop.o
                0x0000000008002d04                Calc_Theta_Grid
 .text.DQ_Power_Estimation
                0x0000000008002f30       0x98 ./Core/Src/DQ_PhaseLockedLoop.o
                0x0000000008002f30                DQ_Power_Estimation
 .text.CrossDecoupling_Control
                0x0000000008002fc8       0x60 ./Core/Src/DQ_PhaseLockedLoop.o
                0x0000000008002fc8                CrossDecoupling_Control
 .text.RevPark_Circle_Limitation
                0x0000000008003028       0x6c ./Core/Src/DQ_PhaseLockedLoop.o
                0x0000000008003028                RevPark_Circle_Limitation
 .text.DQ_Filtering
                0x0000000008003094       0x70 ./Core/Src/DQ_PhaseLockedLoop.o
                0x0000000008003094                DQ_Filtering
 .text.Generate_90Degrees_Delay
                0x0000000008003104       0x2c ./Core/Src/DQ_PhaseLockedLoop.o
                0x0000000008003104                Generate_90Degrees_Delay
 .text.DS_ADC_EnableAndCalibrate
                0x0000000008003130       0xb4 ./Core/Src/DataSensing.o
 .text.DS_Init  0x00000000080031e4       0xac ./Core/Src/DataSensing.o
                0x00000000080031e4                DS_Init
 .text.DS_SetAcquistionEvent
                0x0000000008003290        0xc ./Core/Src/DataSensing.o
                0x0000000008003290                DS_SetAcquistionEvent
 .text.DS_SendCommand
                0x000000000800329c      0x434 ./Core/Src/DataSensing.o
                0x000000000800329c                DS_SendCommand
 .text.DMA1_Channel2_IRQHandler
                0x00000000080036d0       0xfc ./Core/Src/DataSensing.o
                0x00000000080036d0                DMA1_Channel2_IRQHandler
 .text.PID_Init
                0x00000000080037cc       0x90 ./Core/Src/PI_Regulator.o
                0x00000000080037cc                PID_Init
 .text.PID_DirectCurrent
                0x000000000800385c       0x44 ./Core/Src/PI_Regulator.o
                0x000000000800385c                PID_DirectCurrent
 .text.PID_QuadratureCurrent
                0x00000000080038a0       0x44 ./Core/Src/PI_Regulator.o
                0x00000000080038a0                PID_QuadratureCurrent
 .text.PID_Reactive_Power
                0x00000000080038e4       0x48 ./Core/Src/PI_Regulator.o
                0x00000000080038e4                PID_Reactive_Power
 .text.PID_Init_Integral_Part
                0x000000000800392c       0x14 ./Core/Src/PLL_Regulator.o
                0x000000000800392c                PID_Init_Integral_Part
 .text.PLL_PID_Regulator
                0x0000000008003940      0x168 ./Core/Src/PLL_Regulator.o
                0x0000000008003940                PLL_PID_Regulator
 .text.PID_Bus_Voltage
                0x0000000008003aa8       0x94 ./Core/Src/PLL_Regulator.o
                0x0000000008003aa8                PID_Bus_Voltage
 .text.mul_q15_q15_q31
                0x0000000008003b3c       0x14 ./Core/Src/Solar_Mul_Div.o
                0x0000000008003b3c                mul_q15_q15_q31
 .text.SystemClock_Config
                0x0000000008003b50      0x108 ./Core/Src/main.o
                0x0000000008003b50                SystemClock_Config
 .text.startup.main
                0x0000000008003c58     0x13e8 ./Core/Src/main.o
                0x0000000008003c58                main
 .text.delay_us
                0x0000000008005040       0x30 ./Core/Src/main.o
                0x0000000008005040                delay_us
 .text.Error_Handler
                0x0000000008005070        0x4 ./Core/Src/main.o
                0x0000000008005070                Error_Handler
 .text.HAL_MspInit
                0x0000000008005074       0x34 ./Core/Src/stm32g4xx_hal_msp.o
                0x0000000008005074                HAL_MspInit
 .text.HAL_FDCAN_MspInit
                0x00000000080050a8       0x78 ./Core/Src/stm32g4xx_hal_msp.o
                0x00000000080050a8                HAL_FDCAN_MspInit
 .text.HAL_HRTIM_MspInit
                0x0000000008005120       0xfc ./Core/Src/stm32g4xx_hal_msp.o
                0x0000000008005120                HAL_HRTIM_MspInit
 .text.HAL_HRTIM_MspPostInit
                0x000000000800521c       0xc4 ./Core/Src/stm32g4xx_hal_msp.o
                0x000000000800521c                HAL_HRTIM_MspPostInit
 .text.HAL_SPI_MspInit
                0x00000000080052e0      0x21c ./Core/Src/stm32g4xx_hal_msp.o
                0x00000000080052e0                HAL_SPI_MspInit
 .text.HAL_TIM_Base_MspInit
                0x00000000080054fc       0x6c ./Core/Src/stm32g4xx_hal_msp.o
                0x00000000080054fc                HAL_TIM_Base_MspInit
 .text.HAL_TIM_MspPostInit
                0x0000000008005568       0x58 ./Core/Src/stm32g4xx_hal_msp.o
                0x0000000008005568                HAL_TIM_MspPostInit
 .text.HAL_UART_MspInit
                0x00000000080055c0       0x78 ./Core/Src/stm32g4xx_hal_msp.o
                0x00000000080055c0                HAL_UART_MspInit
 .text.NMI_Handler
                0x0000000008005638        0x4 ./Core/Src/stm32g4xx_it.o
                0x0000000008005638                NMI_Handler
 .text.HardFault_Handler
                0x000000000800563c        0x4 ./Core/Src/stm32g4xx_it.o
                0x000000000800563c                HardFault_Handler
 .text.MemManage_Handler
                0x0000000008005640        0x4 ./Core/Src/stm32g4xx_it.o
                0x0000000008005640                MemManage_Handler
 .text.BusFault_Handler
                0x0000000008005644        0x4 ./Core/Src/stm32g4xx_it.o
                0x0000000008005644                BusFault_Handler
 .text.UsageFault_Handler
                0x0000000008005648        0x4 ./Core/Src/stm32g4xx_it.o
                0x0000000008005648                UsageFault_Handler
 .text.SVC_Handler
                0x000000000800564c        0x4 ./Core/Src/stm32g4xx_it.o
                0x000000000800564c                SVC_Handler
 .text.DebugMon_Handler
                0x0000000008005650        0x4 ./Core/Src/stm32g4xx_it.o
                0x0000000008005650                DebugMon_Handler
 .text.PendSV_Handler
                0x0000000008005654        0x4 ./Core/Src/stm32g4xx_it.o
                0x0000000008005654                PendSV_Handler
 .text.SysTick_Handler
                0x0000000008005658        0x4 ./Core/Src/stm32g4xx_it.o
                0x0000000008005658                SysTick_Handler
 .text.SystemInit
                0x000000000800565c       0x14 ./Core/Src/system_stm32g4xx.o
                0x000000000800565c                SystemInit
 .text.Reset_Handler
                0x0000000008005670       0x50 ./Core/Startup/startup_stm32g474qetx.o
                0x0000000008005670                Reset_Handler
 .text.Default_Handler
                0x00000000080056c0        0x2 ./Core/Startup/startup_stm32g474qetx.o
                0x00000000080056c0                RTC_Alarm_IRQHandler
                0x00000000080056c0                EXTI2_IRQHandler
                0x00000000080056c0                TIM8_TRG_COM_IRQHandler
                0x00000000080056c0                TIM8_CC_IRQHandler
                0x00000000080056c0                HRTIM1_Master_IRQHandler
                0x00000000080056c0                SPI4_IRQHandler
                0x00000000080056c0                FDCAN3_IT0_IRQHandler
                0x00000000080056c0                TIM1_CC_IRQHandler
                0x00000000080056c0                HRTIM1_FLT_IRQHandler
                0x00000000080056c0                HRTIM1_TIMF_IRQHandler
                0x00000000080056c0                USB_HP_IRQHandler
                0x00000000080056c0                CORDIC_IRQHandler
                0x00000000080056c0                HRTIM1_TIMD_IRQHandler
                0x00000000080056c0                DMA2_Channel8_IRQHandler
                0x00000000080056c0                EXTI3_IRQHandler
                0x00000000080056c0                I2C3_ER_IRQHandler
                0x00000000080056c0                EXTI0_IRQHandler
                0x00000000080056c0                I2C2_EV_IRQHandler
                0x00000000080056c0                FPU_IRQHandler
                0x00000000080056c0                FDCAN1_IT1_IRQHandler
                0x00000000080056c0                TIM1_UP_TIM16_IRQHandler
                0x00000000080056c0                ADC1_2_IRQHandler
                0x00000000080056c0                HRTIM1_TIME_IRQHandler
                0x00000000080056c0                SPI1_IRQHandler
                0x00000000080056c0                TIM6_DAC_IRQHandler
                0x00000000080056c0                HRTIM1_TIMC_IRQHandler
                0x00000000080056c0                TIM8_UP_IRQHandler
                0x00000000080056c0                DMA2_Channel2_IRQHandler
                0x00000000080056c0                DMA1_Channel4_IRQHandler
                0x00000000080056c0                TIM20_TRG_COM_IRQHandler
                0x00000000080056c0                USART3_IRQHandler
                0x00000000080056c0                DMA1_Channel7_IRQHandler
                0x00000000080056c0                UART5_IRQHandler
                0x00000000080056c0                ADC3_IRQHandler
                0x00000000080056c0                TIM4_IRQHandler
                0x00000000080056c0                DMA2_Channel1_IRQHandler
                0x00000000080056c0                QUADSPI_IRQHandler
                0x00000000080056c0                I2C1_EV_IRQHandler
                0x00000000080056c0                DMA1_Channel6_IRQHandler
                0x00000000080056c0                UART4_IRQHandler
                0x00000000080056c0                DMA2_Channel4_IRQHandler
                0x00000000080056c0                TIM3_IRQHandler
                0x00000000080056c0                RCC_IRQHandler
                0x00000000080056c0                TIM20_UP_IRQHandler
                0x00000000080056c0                DMA1_Channel1_IRQHandler
                0x00000000080056c0                Default_Handler
                0x00000000080056c0                DMA2_Channel7_IRQHandler
                0x00000000080056c0                RTC_TAMP_LSECSS_IRQHandler
                0x00000000080056c0                FMAC_IRQHandler
                0x00000000080056c0                EXTI15_10_IRQHandler
                0x00000000080056c0                DMA1_Channel8_IRQHandler
                0x00000000080056c0                HRTIM1_TIMA_IRQHandler
                0x00000000080056c0                TIM7_DAC_IRQHandler
                0x00000000080056c0                FDCAN3_IT1_IRQHandler
                0x00000000080056c0                TIM5_IRQHandler
                0x00000000080056c0                UCPD1_IRQHandler
                0x00000000080056c0                I2C3_EV_IRQHandler
                0x00000000080056c0                EXTI9_5_IRQHandler
                0x00000000080056c0                RTC_WKUP_IRQHandler
                0x00000000080056c0                PVD_PVM_IRQHandler
                0x00000000080056c0                SPI2_IRQHandler
                0x00000000080056c0                ADC5_IRQHandler
                0x00000000080056c0                DMA2_Channel5_IRQHandler
                0x00000000080056c0                CRS_IRQHandler
                0x00000000080056c0                DMA1_Channel5_IRQHandler
                0x00000000080056c0                USB_LP_IRQHandler
                0x00000000080056c0                EXTI4_IRQHandler
                0x00000000080056c0                RNG_IRQHandler
                0x00000000080056c0                HRTIM1_TIMB_IRQHandler
                0x00000000080056c0                TIM1_TRG_COM_TIM17_IRQHandler
                0x00000000080056c0                FDCAN2_IT1_IRQHandler
                0x00000000080056c0                DMA1_Channel3_IRQHandler
                0x00000000080056c0                ADC4_IRQHandler
                0x00000000080056c0                WWDG_IRQHandler
                0x00000000080056c0                I2C4_EV_IRQHandler
                0x00000000080056c0                FDCAN2_IT0_IRQHandler
                0x00000000080056c0                LPUART1_IRQHandler
                0x00000000080056c0                DMA2_Channel6_IRQHandler
                0x00000000080056c0                FDCAN1_IT0_IRQHandler
                0x00000000080056c0                TIM2_IRQHandler
                0x00000000080056c0                COMP7_IRQHandler
                0x00000000080056c0                COMP1_2_3_IRQHandler
                0x00000000080056c0                EXTI1_IRQHandler
                0x00000000080056c0                USART2_IRQHandler
                0x00000000080056c0                COMP4_5_6_IRQHandler
                0x00000000080056c0                TIM20_BRK_IRQHandler
                0x00000000080056c0                I2C2_ER_IRQHandler
                0x00000000080056c0                TIM8_BRK_IRQHandler
                0x00000000080056c0                FLASH_IRQHandler
                0x00000000080056c0                TIM20_CC_IRQHandler
                0x00000000080056c0                USART1_IRQHandler
                0x00000000080056c0                SPI3_IRQHandler
                0x00000000080056c0                I2C1_ER_IRQHandler
                0x00000000080056c0                FMC_IRQHandler
                0x00000000080056c0                LPTIM1_IRQHandler
                0x00000000080056c0                DMAMUX_OVR_IRQHandler
                0x00000000080056c0                I2C4_ER_IRQHandler
                0x00000000080056c0                USBWakeUp_IRQHandler
                0x00000000080056c0                SAI1_IRQHandler
                0x00000000080056c0                DMA2_Channel3_IRQHandler
                0x00000000080056c0                TIM1_BRK_TIM15_IRQHandler
 *fill*         0x00000000080056c2        0x2 
 .text.HAL_InitTick
                0x00000000080056c4       0x4c ./Drivers/STM32G4xx_HAL_Driver/Src/stm32g4xx_hal.o
                0x00000000080056c4                HAL_InitTick
 .text.HAL_Init
                0x0000000008005710       0x20 ./Drivers/STM32G4xx_HAL_Driver/Src/stm32g4xx_hal.o
                0x0000000008005710                HAL_Init
 .text.HAL_IncTick
                0x0000000008005730       0x18 ./Drivers/STM32G4xx_HAL_Driver/Src/stm32g4xx_hal.o
                0x0000000008005730                HAL_IncTick
 .text.HAL_GetTick
                0x0000000008005748        0xc ./Drivers/STM32G4xx_HAL_Driver/Src/stm32g4xx_hal.o
                0x0000000008005748                HAL_GetTick
 .text.HAL_NVIC_SetPriorityGrouping
                0x0000000008005754       0x24 ./Drivers/STM32G4xx_HAL_Driver/Src/stm32g4xx_hal_cortex.o
                0x0000000008005754                HAL_NVIC_SetPriorityGrouping
 .text.HAL_NVIC_SetPriority
                0x0000000008005778       0x7c ./Drivers/STM32G4xx_HAL_Driver/Src/stm32g4xx_hal_cortex.o
                0x0000000008005778                HAL_NVIC_SetPriority
 .text.HAL_NVIC_EnableIRQ
                0x00000000080057f4       0x1c ./Drivers/STM32G4xx_HAL_Driver/Src/stm32g4xx_hal_cortex.o
                0x00000000080057f4                HAL_NVIC_EnableIRQ
 .text.HAL_SYSTICK_Config
                0x0000000008005810       0x34 ./Drivers/STM32G4xx_HAL_Driver/Src/stm32g4xx_hal_cortex.o
                0x0000000008005810                HAL_SYSTICK_Config
 .text.HAL_DMA_Init
                0x0000000008005844      0x130 ./Drivers/STM32G4xx_HAL_Driver/Src/stm32g4xx_hal_dma.o
                0x0000000008005844                HAL_DMA_Init
 .text.HAL_DMA_Start_IT
                0x0000000008005974       0xb4 ./Drivers/STM32G4xx_HAL_Driver/Src/stm32g4xx_hal_dma.o
                0x0000000008005974                HAL_DMA_Start_IT
 .text.HAL_DMA_Abort
                0x0000000008005a28       0x74 ./Drivers/STM32G4xx_HAL_Driver/Src/stm32g4xx_hal_dma.o
                0x0000000008005a28                HAL_DMA_Abort
 .text.HAL_FDCAN_Init
                0x0000000008005a9c      0x274 ./Drivers/STM32G4xx_HAL_Driver/Src/stm32g4xx_hal_fdcan.o
                0x0000000008005a9c                HAL_FDCAN_Init
 .text.HAL_GPIO_Init
                0x0000000008005d10      0x1f0 ./Drivers/STM32G4xx_HAL_Driver/Src/stm32g4xx_hal_gpio.o
                0x0000000008005d10                HAL_GPIO_Init
 .text.HAL_GPIO_WritePin
                0x0000000008005f00        0xc ./Drivers/STM32G4xx_HAL_Driver/Src/stm32g4xx_hal_gpio.o
                0x0000000008005f00                HAL_GPIO_WritePin
 .text.HRTIM_OutputConfig
                0x0000000008005f0c       0xe4 ./Drivers/STM32G4xx_HAL_Driver/Src/stm32g4xx_hal_hrtim.o
 .text.HRTIM_EventConfig
                0x0000000008005ff0      0x264 ./Drivers/STM32G4xx_HAL_Driver/Src/stm32g4xx_hal_hrtim.o
 .text.HRTIM_GetDMAHandleFromTimerIdx
                0x0000000008006254       0x40 ./Drivers/STM32G4xx_HAL_Driver/Src/stm32g4xx_hal_hrtim.o
 .text.HRTIM_ForceRegistersUpdate
                0x0000000008006294       0x80 ./Drivers/STM32G4xx_HAL_Driver/Src/stm32g4xx_hal_hrtim.o
 .text.HAL_HRTIM_Init
                0x0000000008006314       0xb4 ./Drivers/STM32G4xx_HAL_Driver/Src/stm32g4xx_hal_hrtim.o
                0x0000000008006314                HAL_HRTIM_Init
 .text.HAL_HRTIM_DLLCalibrationStart
                0x00000000080063c8       0x70 ./Drivers/STM32G4xx_HAL_Driver/Src/stm32g4xx_hal_hrtim.o
                0x00000000080063c8                HAL_HRTIM_DLLCalibrationStart
 .text.HAL_HRTIM_PollForDLLCalibration
                0x0000000008006438       0x44 ./Drivers/STM32G4xx_HAL_Driver/Src/stm32g4xx_hal_hrtim.o
                0x0000000008006438                HAL_HRTIM_PollForDLLCalibration
 .text.HAL_HRTIM_TimeBaseConfig
                0x000000000800647c       0x78 ./Drivers/STM32G4xx_HAL_Driver/Src/stm32g4xx_hal_hrtim.o
                0x000000000800647c                HAL_HRTIM_TimeBaseConfig
 .text.HAL_HRTIM_EventConfig
                0x00000000080064f4       0x40 ./Drivers/STM32G4xx_HAL_Driver/Src/stm32g4xx_hal_hrtim.o
                0x00000000080064f4                HAL_HRTIM_EventConfig
 .text.HAL_HRTIM_EventPrescalerConfig
                0x0000000008006534       0x48 ./Drivers/STM32G4xx_HAL_Driver/Src/stm32g4xx_hal_hrtim.o
                0x0000000008006534                HAL_HRTIM_EventPrescalerConfig
 .text.HAL_HRTIM_FaultConfig
                0x000000000800657c      0x1f0 ./Drivers/STM32G4xx_HAL_Driver/Src/stm32g4xx_hal_hrtim.o
                0x000000000800657c                HAL_HRTIM_FaultConfig
 .text.HAL_HRTIM_FaultPrescalerConfig
                0x000000000800676c       0x48 ./Drivers/STM32G4xx_HAL_Driver/Src/stm32g4xx_hal_hrtim.o
                0x000000000800676c                HAL_HRTIM_FaultPrescalerConfig
 .text.HAL_HRTIM_FaultBlankingConfigAndEnable
                0x00000000080067b4      0x124 ./Drivers/STM32G4xx_HAL_Driver/Src/stm32g4xx_hal_hrtim.o
                0x00000000080067b4                HAL_HRTIM_FaultBlankingConfigAndEnable
 .text.HAL_HRTIM_FaultCounterConfig
                0x00000000080068d8      0x13c ./Drivers/STM32G4xx_HAL_Driver/Src/stm32g4xx_hal_hrtim.o
                0x00000000080068d8                HAL_HRTIM_FaultCounterConfig
 .text.HAL_HRTIM_FaultModeCtl
                0x0000000008006a14       0xac ./Drivers/STM32G4xx_HAL_Driver/Src/stm32g4xx_hal_hrtim.o
                0x0000000008006a14                HAL_HRTIM_FaultModeCtl
 .text.HAL_HRTIM_ADCTriggerConfig
                0x0000000008006ac0      0x24c ./Drivers/STM32G4xx_HAL_Driver/Src/stm32g4xx_hal_hrtim.o
                0x0000000008006ac0                HAL_HRTIM_ADCTriggerConfig
 .text.HAL_HRTIM_ADCPostScalerConfig
                0x0000000008006d0c      0x198 ./Drivers/STM32G4xx_HAL_Driver/Src/stm32g4xx_hal_hrtim.o
                0x0000000008006d0c                HAL_HRTIM_ADCPostScalerConfig
 .text.HAL_HRTIM_RollOverModeConfig
                0x0000000008006ea4       0x5c ./Drivers/STM32G4xx_HAL_Driver/Src/stm32g4xx_hal_hrtim.o
                0x0000000008006ea4                HAL_HRTIM_RollOverModeConfig
 .text.HAL_HRTIM_WaveformTimerConfig
                0x0000000008006f00      0x2bc ./Drivers/STM32G4xx_HAL_Driver/Src/stm32g4xx_hal_hrtim.o
                0x0000000008006f00                HAL_HRTIM_WaveformTimerConfig
 .text.HAL_HRTIM_WaveformTimerControl
                0x00000000080071bc       0x8c ./Drivers/STM32G4xx_HAL_Driver/Src/stm32g4xx_hal_hrtim.o
                0x00000000080071bc                HAL_HRTIM_WaveformTimerControl
 .text.HAL_HRTIM_TimerEventFilteringConfig
                0x0000000008007248      0x1b4 ./Drivers/STM32G4xx_HAL_Driver/Src/stm32g4xx_hal_hrtim.o
                0x0000000008007248                HAL_HRTIM_TimerEventFilteringConfig
 .text.HAL_HRTIM_DeadTimeConfig
                0x00000000080073fc       0xa8 ./Drivers/STM32G4xx_HAL_Driver/Src/stm32g4xx_hal_hrtim.o
                0x00000000080073fc                HAL_HRTIM_DeadTimeConfig
 .text.HAL_HRTIM_WaveformCompareConfig
                0x00000000080074a4      0x178 ./Drivers/STM32G4xx_HAL_Driver/Src/stm32g4xx_hal_hrtim.o
                0x00000000080074a4                HAL_HRTIM_WaveformCompareConfig
 .text.HAL_HRTIM_WaveformOutputConfig
                0x000000000800761c       0x44 ./Drivers/STM32G4xx_HAL_Driver/Src/stm32g4xx_hal_hrtim.o
                0x000000000800761c                HAL_HRTIM_WaveformOutputConfig
 .text.HAL_HRTIM_WaveformCountStart_DMA
                0x0000000008007660      0x110 ./Drivers/STM32G4xx_HAL_Driver/Src/stm32g4xx_hal_hrtim.o
                0x0000000008007660                HAL_HRTIM_WaveformCountStart_DMA
 .text.HAL_HRTIM_SynchronizationEventCallback
                0x0000000008007770        0x4 ./Drivers/STM32G4xx_HAL_Driver/Src/stm32g4xx_hal_hrtim.o
                0x0000000008007770                HAL_HRTIM_SynchronizationEventCallback
 .text.HAL_HRTIM_RegistersUpdateCallback
                0x0000000008007774        0x4 ./Drivers/STM32G4xx_HAL_Driver/Src/stm32g4xx_hal_hrtim.o
                0x0000000008007774                HAL_HRTIM_RegistersUpdateCallback
 .text.HAL_HRTIM_RepetitionEventCallback
                0x0000000008007778        0x4 ./Drivers/STM32G4xx_HAL_Driver/Src/stm32g4xx_hal_hrtim.o
                0x0000000008007778                HAL_HRTIM_RepetitionEventCallback
 .text.HAL_HRTIM_Compare1EventCallback
                0x000000000800777c        0x4 ./Drivers/STM32G4xx_HAL_Driver/Src/stm32g4xx_hal_hrtim.o
                0x000000000800777c                HAL_HRTIM_Compare1EventCallback
 .text.HAL_HRTIM_Compare2EventCallback
                0x0000000008007780        0x4 ./Drivers/STM32G4xx_HAL_Driver/Src/stm32g4xx_hal_hrtim.o
                0x0000000008007780                HAL_HRTIM_Compare2EventCallback
 .text.HAL_HRTIM_Compare3EventCallback
                0x0000000008007784        0x4 ./Drivers/STM32G4xx_HAL_Driver/Src/stm32g4xx_hal_hrtim.o
                0x0000000008007784                HAL_HRTIM_Compare3EventCallback
 .text.HAL_HRTIM_Compare4EventCallback
                0x0000000008007788        0x4 ./Drivers/STM32G4xx_HAL_Driver/Src/stm32g4xx_hal_hrtim.o
                0x0000000008007788                HAL_HRTIM_Compare4EventCallback
 .text.HRTIM_DMAMasterCplt
                0x000000000800778c       0x68 ./Drivers/STM32G4xx_HAL_Driver/Src/stm32g4xx_hal_hrtim.o
 .text.HAL_HRTIM_Capture1EventCallback
                0x00000000080077f4        0x4 ./Drivers/STM32G4xx_HAL_Driver/Src/stm32g4xx_hal_hrtim.o
                0x00000000080077f4                HAL_HRTIM_Capture1EventCallback
 .text.HAL_HRTIM_Capture2EventCallback
                0x00000000080077f8        0x4 ./Drivers/STM32G4xx_HAL_Driver/Src/stm32g4xx_hal_hrtim.o
                0x00000000080077f8                HAL_HRTIM_Capture2EventCallback
 .text.HAL_HRTIM_DelayedProtectionCallback
                0x00000000080077fc        0x4 ./Drivers/STM32G4xx_HAL_Driver/Src/stm32g4xx_hal_hrtim.o
                0x00000000080077fc                HAL_HRTIM_DelayedProtectionCallback
 .text.HAL_HRTIM_CounterResetCallback
                0x0000000008007800        0x4 ./Drivers/STM32G4xx_HAL_Driver/Src/stm32g4xx_hal_hrtim.o
                0x0000000008007800                HAL_HRTIM_CounterResetCallback
 .text.HAL_HRTIM_Output1SetCallback
                0x0000000008007804        0x4 ./Drivers/STM32G4xx_HAL_Driver/Src/stm32g4xx_hal_hrtim.o
                0x0000000008007804                HAL_HRTIM_Output1SetCallback
 .text.HAL_HRTIM_Output1ResetCallback
                0x0000000008007808        0x4 ./Drivers/STM32G4xx_HAL_Driver/Src/stm32g4xx_hal_hrtim.o
                0x0000000008007808                HAL_HRTIM_Output1ResetCallback
 .text.HAL_HRTIM_Output2SetCallback
                0x000000000800780c        0x4 ./Drivers/STM32G4xx_HAL_Driver/Src/stm32g4xx_hal_hrtim.o
                0x000000000800780c                HAL_HRTIM_Output2SetCallback
 .text.HAL_HRTIM_Output2ResetCallback
                0x0000000008007810        0x4 ./Drivers/STM32G4xx_HAL_Driver/Src/stm32g4xx_hal_hrtim.o
                0x0000000008007810                HAL_HRTIM_Output2ResetCallback
 .text.HRTIM_DMATimerxCplt
                0x0000000008007814      0x14c ./Drivers/STM32G4xx_HAL_Driver/Src/stm32g4xx_hal_hrtim.o
 .text.HAL_HRTIM_ErrorCallback
                0x0000000008007960        0x4 ./Drivers/STM32G4xx_HAL_Driver/Src/stm32g4xx_hal_hrtim.o
                0x0000000008007960                HAL_HRTIM_ErrorCallback
 .text.HRTIM_DMAError
                0x0000000008007964        0xc ./Drivers/STM32G4xx_HAL_Driver/Src/stm32g4xx_hal_hrtim.o
 .text.HAL_PWREx_DisableUCPDDeadBattery
                0x0000000008007970       0x10 ./Drivers/STM32G4xx_HAL_Driver/Src/stm32g4xx_hal_pwr_ex.o
                0x0000000008007970                HAL_PWREx_DisableUCPDDeadBattery
 .text.HAL_RCC_GetSysClockFreq
                0x0000000008007980       0x70 ./Drivers/STM32G4xx_HAL_Driver/Src/stm32g4xx_hal_rcc.o
                0x0000000008007980                HAL_RCC_GetSysClockFreq
 .text.HAL_RCC_GetPCLK1Freq
                0x00000000080079f0       0x24 ./Drivers/STM32G4xx_HAL_Driver/Src/stm32g4xx_hal_rcc.o
                0x00000000080079f0                HAL_RCC_GetPCLK1Freq
 .text.HAL_RCC_GetPCLK2Freq
                0x0000000008007a14       0x24 ./Drivers/STM32G4xx_HAL_Driver/Src/stm32g4xx_hal_rcc.o
                0x0000000008007a14                HAL_RCC_GetPCLK2Freq
 .text.SPI_WaitFifoStateUntilTimeout.constprop.0
                0x0000000008007a38       0xe8 ./Drivers/STM32G4xx_HAL_Driver/Src/stm32g4xx_hal_spi.o
 .text.SPI_WaitFlagStateUntilTimeout.constprop.0
                0x0000000008007b20       0xb0 ./Drivers/STM32G4xx_HAL_Driver/Src/stm32g4xx_hal_spi.o
 .text.SPI_EndRxTxTransaction
                0x0000000008007bd0       0x40 ./Drivers/STM32G4xx_HAL_Driver/Src/stm32g4xx_hal_spi.o
 .text.HAL_SPI_Init
                0x0000000008007c10       0xfc ./Drivers/STM32G4xx_HAL_Driver/Src/stm32g4xx_hal_spi.o
                0x0000000008007c10                HAL_SPI_Init
 .text.HAL_SPI_TransmitReceive
                0x0000000008007d0c      0x2a0 ./Drivers/STM32G4xx_HAL_Driver/Src/stm32g4xx_hal_spi.o
                0x0000000008007d0c                HAL_SPI_TransmitReceive
 .text.HAL_SPI_DMAStop
                0x0000000008007fac       0x44 ./Drivers/STM32G4xx_HAL_Driver/Src/stm32g4xx_hal_spi.o
                0x0000000008007fac                HAL_SPI_DMAStop
 .text.TIM_OC1_SetConfig
                0x0000000008007ff0       0x80 ./Drivers/STM32G4xx_HAL_Driver/Src/stm32g4xx_hal_tim.o
 .text.TIM_OC3_SetConfig
                0x0000000008008070       0xa0 ./Drivers/STM32G4xx_HAL_Driver/Src/stm32g4xx_hal_tim.o
 .text.TIM_OC4_SetConfig
                0x0000000008008110       0xa4 ./Drivers/STM32G4xx_HAL_Driver/Src/stm32g4xx_hal_tim.o
 .text.TIM_OC5_SetConfig
                0x00000000080081b4       0x70 ./Drivers/STM32G4xx_HAL_Driver/Src/stm32g4xx_hal_tim.o
 .text.TIM_OC6_SetConfig
                0x0000000008008224       0x74 ./Drivers/STM32G4xx_HAL_Driver/Src/stm32g4xx_hal_tim.o
 .text.HAL_TIM_PWM_MspInit
                0x0000000008008298        0x4 ./Drivers/STM32G4xx_HAL_Driver/Src/stm32g4xx_hal_tim.o
                0x0000000008008298                HAL_TIM_PWM_MspInit
 .text.HAL_TIM_OnePulse_MspInit
                0x000000000800829c        0x4 ./Drivers/STM32G4xx_HAL_Driver/Src/stm32g4xx_hal_tim.o
                0x000000000800829c                HAL_TIM_OnePulse_MspInit
 .text.HAL_TIM_OnePulse_Stop
                0x00000000080082a0       0xa0 ./Drivers/STM32G4xx_HAL_Driver/Src/stm32g4xx_hal_tim.o
                0x00000000080082a0                HAL_TIM_OnePulse_Stop
 .text.HAL_TIM_ConfigClockSource
                0x0000000008008340      0x1c8 ./Drivers/STM32G4xx_HAL_Driver/Src/stm32g4xx_hal_tim.o
                0x0000000008008340                HAL_TIM_ConfigClockSource
 .text.TIM_Base_SetConfig
                0x0000000008008508       0xf4 ./Drivers/STM32G4xx_HAL_Driver/Src/stm32g4xx_hal_tim.o
                0x0000000008008508                TIM_Base_SetConfig
 .text.HAL_TIM_Base_Init
                0x00000000080085fc       0x64 ./Drivers/STM32G4xx_HAL_Driver/Src/stm32g4xx_hal_tim.o
                0x00000000080085fc                HAL_TIM_Base_Init
 .text.HAL_TIM_PWM_Init
                0x0000000008008660       0x64 ./Drivers/STM32G4xx_HAL_Driver/Src/stm32g4xx_hal_tim.o
                0x0000000008008660                HAL_TIM_PWM_Init
 .text.HAL_TIM_OnePulse_Init
                0x00000000080086c4       0x60 ./Drivers/STM32G4xx_HAL_Driver/Src/stm32g4xx_hal_tim.o
                0x00000000080086c4                HAL_TIM_OnePulse_Init
 .text.TIM_OC2_SetConfig
                0x0000000008008724       0xa4 ./Drivers/STM32G4xx_HAL_Driver/Src/stm32g4xx_hal_tim.o
                0x0000000008008724                TIM_OC2_SetConfig
 .text.HAL_TIM_PWM_ConfigChannel
                0x00000000080087c8      0x120 ./Drivers/STM32G4xx_HAL_Driver/Src/stm32g4xx_hal_tim.o
                0x00000000080087c8                HAL_TIM_PWM_ConfigChannel
 .text.TIM_CCxChannelCmd
                0x00000000080088e8       0x20 ./Drivers/STM32G4xx_HAL_Driver/Src/stm32g4xx_hal_tim.o
                0x00000000080088e8                TIM_CCxChannelCmd
 .text.HAL_TIMEx_OnePulseN_Stop
                0x0000000008008908       0x80 ./Drivers/STM32G4xx_HAL_Driver/Src/stm32g4xx_hal_tim_ex.o
                0x0000000008008908                HAL_TIMEx_OnePulseN_Stop
 .text.HAL_TIMEx_MasterConfigSynchronization
                0x0000000008008988       0xb8 ./Drivers/STM32G4xx_HAL_Driver/Src/stm32g4xx_hal_tim_ex.o
                0x0000000008008988                HAL_TIMEx_MasterConfigSynchronization
 .text.HAL_TIMEx_ConfigBreakDeadTime
                0x0000000008008a40       0xa4 ./Drivers/STM32G4xx_HAL_Driver/Src/stm32g4xx_hal_tim_ex.o
                0x0000000008008a40                HAL_TIMEx_ConfigBreakDeadTime
 .text.HAL_TIMEx_ConfigBreakInput
                0x0000000008008ae4      0x134 ./Drivers/STM32G4xx_HAL_Driver/Src/stm32g4xx_hal_tim_ex.o
                0x0000000008008ae4                HAL_TIMEx_ConfigBreakInput
 .text.HAL_TIMEx_EnableDeadTimePreload
                0x0000000008008c18       0x10 ./Drivers/STM32G4xx_HAL_Driver/Src/stm32g4xx_hal_tim_ex.o
                0x0000000008008c18                HAL_TIMEx_EnableDeadTimePreload
 .text.UART_SetConfig
                0x0000000008008c28      0x310 ./Drivers/STM32G4xx_HAL_Driver/Src/stm32g4xx_hal_uart.o
                0x0000000008008c28                UART_SetConfig
 .text.UART_AdvFeatureConfig
                0x0000000008008f38       0xb0 ./Drivers/STM32G4xx_HAL_Driver/Src/stm32g4xx_hal_uart.o
                0x0000000008008f38                UART_AdvFeatureConfig
 .text.UART_WaitOnFlagUntilTimeout
                0x0000000008008fe8       0xdc ./Drivers/STM32G4xx_HAL_Driver/Src/stm32g4xx_hal_uart.o
                0x0000000008008fe8                UART_WaitOnFlagUntilTimeout
 .text.UART_CheckIdleState
                0x00000000080090c4       0x74 ./Drivers/STM32G4xx_HAL_Driver/Src/stm32g4xx_hal_uart.o
                0x00000000080090c4                UART_CheckIdleState
 .text.HAL_UART_Init
                0x0000000008009138       0x68 ./Drivers/STM32G4xx_HAL_Driver/Src/stm32g4xx_hal_uart.o
                0x0000000008009138                HAL_UART_Init
 .text.UARTEx_SetNbDataToProcess.part.0
                0x00000000080091a0       0x40 ./Drivers/STM32G4xx_HAL_Driver/Src/stm32g4xx_hal_uart_ex.o
 .text.HAL_UARTEx_DisableFifoMode
                0x00000000080091e0       0x3c ./Drivers/STM32G4xx_HAL_Driver/Src/stm32g4xx_hal_uart_ex.o
                0x00000000080091e0                HAL_UARTEx_DisableFifoMode
 .text.HAL_UARTEx_SetTxFifoThreshold
                0x000000000800921c       0x54 ./Drivers/STM32G4xx_HAL_Driver/Src/stm32g4xx_hal_uart_ex.o
                0x000000000800921c                HAL_UARTEx_SetTxFifoThreshold
 .text.HAL_UARTEx_SetRxFifoThreshold
                0x0000000008009270       0x54 ./Drivers/STM32G4xx_HAL_Driver/Src/stm32g4xx_hal_uart_ex.o
                0x0000000008009270                HAL_UARTEx_SetRxFifoThreshold
 .text.LL_ADC_CommonInit
                0x00000000080092c4       0x84 ./Drivers/STM32G4xx_HAL_Driver/Src/stm32g4xx_ll_adc.o
                0x00000000080092c4                LL_ADC_CommonInit
 .text.LL_ADC_Init
                0x0000000008009348       0x34 ./Drivers/STM32G4xx_HAL_Driver/Src/stm32g4xx_ll_adc.o
                0x0000000008009348                LL_ADC_Init
 .text.LL_ADC_REG_Init
                0x000000000800937c       0x60 ./Drivers/STM32G4xx_HAL_Driver/Src/stm32g4xx_ll_adc.o
                0x000000000800937c                LL_ADC_REG_Init
 .text.LL_COMP_Init
                0x00000000080093dc       0x34 ./Drivers/STM32G4xx_HAL_Driver/Src/stm32g4xx_ll_comp.o
                0x00000000080093dc                LL_COMP_Init
 .text.LL_DAC_Init
                0x0000000008009410       0xb4 ./Drivers/STM32G4xx_HAL_Driver/Src/stm32g4xx_ll_dac.o
                0x0000000008009410                LL_DAC_Init
 .text.LL_GPIO_Init
                0x00000000080094c4      0x1c0 ./Drivers/STM32G4xx_HAL_Driver/Src/stm32g4xx_ll_gpio.o
                0x00000000080094c4                LL_GPIO_Init
 .text.LL_OPAMP_Init
                0x0000000008009684       0x54 ./Drivers/STM32G4xx_HAL_Driver/Src/stm32g4xx_ll_opamp.o
                0x0000000008009684                LL_OPAMP_Init
 .text.LL_TIM_Init
                0x00000000080096d8       0xcc ./Drivers/STM32G4xx_HAL_Driver/Src/stm32g4xx_ll_tim.o
                0x00000000080096d8                LL_TIM_Init
 .text.LL_TIM_OC_Init
                0x00000000080097a4      0x388 ./Drivers/STM32G4xx_HAL_Driver/Src/stm32g4xx_ll_tim.o
                0x00000000080097a4                LL_TIM_OC_Init
 .text.LL_TIM_BDTR_Init
                0x0000000008009b2c       0x84 ./Drivers/STM32G4xx_HAL_Driver/Src/stm32g4xx_ll_tim.o
                0x0000000008009b2c                LL_TIM_BDTR_Init
 .text.LL_SetSystemCoreClock
                0x0000000008009bb0        0xc ./Drivers/STM32G4xx_HAL_Driver/Src/stm32g4xx_ll_utils.o
                0x0000000008009bb0                LL_SetSystemCoreClock
 .text.MX_FATFS_Init
                0x0000000008009bbc       0x28 ./FATFS/App/app_fatfs.o
                0x0000000008009bbc                MX_FATFS_Init
 .text.USER_initialize
                0x0000000008009be4        0x4 ./FATFS/Target/user_diskio.o
                0x0000000008009be4                USER_initialize
 .text.USER_status
                0x0000000008009be8        0x4 ./FATFS/Target/user_diskio.o
                0x0000000008009be8                USER_status
 .text.USER_read
                0x0000000008009bec        0x4 ./FATFS/Target/user_diskio.o
                0x0000000008009bec                USER_read
 .text.USER_write
                0x0000000008009bf0        0x4 ./FATFS/Target/user_diskio.o
                0x0000000008009bf0                USER_write
 .text.USER_ioctl
                0x0000000008009bf4        0x4 ./FATFS/Target/user_diskio.o
                0x0000000008009bf4                USER_ioctl
 .text.rcvr_datablock
                0x0000000008009bf8       0xcc ./FATFS/Target/user_diskio_spi.o
 .text.send_cmd
                0x0000000008009cc4      0x1dc ./FATFS/Target/user_diskio_spi.o
 .text.USER_SPI_initialize
                0x0000000008009ea0      0x210 ./FATFS/Target/user_diskio_spi.o
                0x0000000008009ea0                USER_SPI_initialize
 .text.USER_SPI_status
                0x000000000800a0b0       0x14 ./FATFS/Target/user_diskio_spi.o
                0x000000000800a0b0                USER_SPI_status
 .text.USER_SPI_read
                0x000000000800a0c4       0xc0 ./FATFS/Target/user_diskio_spi.o
                0x000000000800a0c4                USER_SPI_read
 .text.USER_SPI_write
                0x000000000800a184      0x2c8 ./FATFS/Target/user_diskio_spi.o
                0x000000000800a184                USER_SPI_write
 .text.USER_SPI_ioctl
                0x000000000800a44c      0x358 ./FATFS/Target/user_diskio_spi.o
                0x000000000800a44c                USER_SPI_ioctl
 .text.FATFS_LinkDriver
                0x000000000800a7a4       0x48 ./Middlewares/Third_Party/FatFs/src/ff_gen_drv.o
                0x000000000800a7a4                FATFS_LinkDriver
 .text.__libc_init_array
                0x000000000800a7ec       0x48 c:/st/stm32cubeide_1.7.0/stm32cubeide/plugins/com.st.stm32cube.ide.mcu.externaltools.gnu-tools-for-stm32.10.3-2021.10.win32_1.0.0.202111181127/tools/bin/../lib/gcc/arm-none-eabi/10.3.1/../../../../arm-none-eabi/lib/thumb/v7e-m+fp/hard\libc_nano.a(lib_a-init.o)
                0x000000000800a7ec                __libc_init_array
 .text.memset   0x000000000800a834       0x10 c:/st/stm32cubeide_1.7.0/stm32cubeide/plugins/com.st.stm32cube.ide.mcu.externaltools.gnu-tools-for-stm32.10.3-2021.10.win32_1.0.0.202111181127/tools/bin/../lib/gcc/arm-none-eabi/10.3.1/../../../../arm-none-eabi/lib/thumb/v7e-m+fp/hard\libc_nano.a(lib_a-memset.o)
                0x000000000800a834                memset
 *(.glue_7)
 .glue_7        0x000000000800a844        0x0 linker stubs
 *(.glue_7t)
 .glue_7t       0x000000000800a844        0x0 linker stubs
 *(.eh_frame)
 .eh_frame      0x000000000800a844        0x0 c:/st/stm32cubeide_1.7.0/stm32cubeide/plugins/com.st.stm32cube.ide.mcu.externaltools.gnu-tools-for-stm32.10.3-2021.10.win32_1.0.0.202111181127/tools/bin/../lib/gcc/arm-none-eabi/10.3.1/thumb/v7e-m+fp/hard/crtbegin.o
 *(.init)
 .init          0x000000000800a844        0x4 c:/st/stm32cubeide_1.7.0/stm32cubeide/plugins/com.st.stm32cube.ide.mcu.externaltools.gnu-tools-for-stm32.10.3-2021.10.win32_1.0.0.202111181127/tools/bin/../lib/gcc/arm-none-eabi/10.3.1/thumb/v7e-m+fp/hard/crti.o
                0x000000000800a844                _init
 .init          0x000000000800a848        0x8 c:/st/stm32cubeide_1.7.0/stm32cubeide/plugins/com.st.stm32cube.ide.mcu.externaltools.gnu-tools-for-stm32.10.3-2021.10.win32_1.0.0.202111181127/tools/bin/../lib/gcc/arm-none-eabi/10.3.1/thumb/v7e-m+fp/hard/crtn.o
 *(.fini)
 .fini          0x000000000800a850        0x4 c:/st/stm32cubeide_1.7.0/stm32cubeide/plugins/com.st.stm32cube.ide.mcu.externaltools.gnu-tools-for-stm32.10.3-2021.10.win32_1.0.0.202111181127/tools/bin/../lib/gcc/arm-none-eabi/10.3.1/thumb/v7e-m+fp/hard/crti.o
                0x000000000800a850                _fini
 .fini          0x000000000800a854        0x8 c:/st/stm32cubeide_1.7.0/stm32cubeide/plugins/com.st.stm32cube.ide.mcu.externaltools.gnu-tools-for-stm32.10.3-2021.10.win32_1.0.0.202111181127/tools/bin/../lib/gcc/arm-none-eabi/10.3.1/thumb/v7e-m+fp/hard/crtn.o
                0x000000000800a85c                . = ALIGN (0x4)
                0x000000000800a85c                _etext = .

.vfp11_veneer   0x000000000800a85c        0x0
 .vfp11_veneer  0x000000000800a85c        0x0 linker stubs

.v4_bx          0x000000000800a85c        0x0
 .v4_bx         0x000000000800a85c        0x0 linker stubs

.iplt           0x000000000800a85c        0x0
 .iplt          0x000000000800a85c        0x0 c:/st/stm32cubeide_1.7.0/stm32cubeide/plugins/com.st.stm32cube.ide.mcu.externaltools.gnu-tools-for-stm32.10.3-2021.10.win32_1.0.0.202111181127/tools/bin/../lib/gcc/arm-none-eabi/10.3.1/thumb/v7e-m+fp/hard/crtbegin.o

.rodata         0x000000000800a85c      0x564
                0x000000000800a85c                . = ALIGN (0x4)
 *(.rodata)
 *(.rodata*)
 .rodata.Sin_Cos_Table
                0x000000000800a85c      0x400 ./Core/Src/DQ_PhaseLockedLoop.o
                0x000000000800a85c                Sin_Cos_Table
 .rodata.circle_limit_table
                0x000000000800ac5c      0x102 ./Core/Src/DQ_PhaseLockedLoop.o
 *fill*         0x000000000800ad5e        0x2 
 .rodata.APBPrescTable
                0x000000000800ad60        0x8 ./Core/Src/system_stm32g4xx.o
                0x000000000800ad60                APBPrescTable
 .rodata.TimerIdxToTimerId
                0x000000000800ad68       0x1c ./Drivers/STM32G4xx_HAL_Driver/Src/stm32g4xx_hal_hrtim.o
 .rodata.CSWTCH.60
                0x000000000800ad84        0x3 ./Drivers/STM32G4xx_HAL_Driver/Src/stm32g4xx_hal_uart.o
 *fill*         0x000000000800ad87        0x1 
 .rodata.CSWTCH.61
                0x000000000800ad88        0xd ./Drivers/STM32G4xx_HAL_Driver/Src/stm32g4xx_hal_uart.o
 *fill*         0x000000000800ad95        0x3 
 .rodata.UARTPrescTable
                0x000000000800ad98       0x18 ./Drivers/STM32G4xx_HAL_Driver/Src/stm32g4xx_hal_uart.o
                0x000000000800ad98                UARTPrescTable
 .rodata.denominator.0
                0x000000000800adb0        0x8 ./Drivers/STM32G4xx_HAL_Driver/Src/stm32g4xx_hal_uart_ex.o
 .rodata.numerator.1
                0x000000000800adb8        0x8 ./Drivers/STM32G4xx_HAL_Driver/Src/stm32g4xx_hal_uart_ex.o
                0x000000000800adc0                . = ALIGN (0x4)

.ARM.extab      0x000000000800adc0        0x0
                0x000000000800adc0                . = ALIGN (0x4)
 *(.ARM.extab* .gnu.linkonce.armextab.*)
                0x000000000800adc0                . = ALIGN (0x4)

.ARM            0x000000000800adc0        0x8
                0x000000000800adc0                . = ALIGN (0x4)
                0x000000000800adc0                __exidx_start = .
 *(.ARM.exidx*)
 .ARM.exidx     0x000000000800adc0        0x8 c:/st/stm32cubeide_1.7.0/stm32cubeide/plugins/com.st.stm32cube.ide.mcu.externaltools.gnu-tools-for-stm32.10.3-2021.10.win32_1.0.0.202111181127/tools/bin/../lib/gcc/arm-none-eabi/10.3.1/thumb/v7e-m+fp/hard\libgcc.a(_udivmoddi4.o)
                0x000000000800adc8                __exidx_end = .
                0x000000000800adc8                . = ALIGN (0x4)

.rel.dyn        0x000000000800adc8        0x0
 .rel.iplt      0x000000000800adc8        0x0 c:/st/stm32cubeide_1.7.0/stm32cubeide/plugins/com.st.stm32cube.ide.mcu.externaltools.gnu-tools-for-stm32.10.3-2021.10.win32_1.0.0.202111181127/tools/bin/../lib/gcc/arm-none-eabi/10.3.1/thumb/v7e-m+fp/hard/crtbegin.o

.preinit_array  0x000000000800adc8        0x0
                0x000000000800adc8                . = ALIGN (0x4)
                0x000000000800adc8                PROVIDE (__preinit_array_start = .)
 *(.preinit_array*)
                0x000000000800adc8                PROVIDE (__preinit_array_end = .)
                0x000000000800adc8                . = ALIGN (0x4)

.init_array     0x000000000800adc8        0x4
                0x000000000800adc8                . = ALIGN (0x4)
                0x000000000800adc8                PROVIDE (__init_array_start = .)
 *(SORT_BY_NAME(.init_array.*))
 *(.init_array*)
 .init_array    0x000000000800adc8        0x4 c:/st/stm32cubeide_1.7.0/stm32cubeide/plugins/com.st.stm32cube.ide.mcu.externaltools.gnu-tools-for-stm32.10.3-2021.10.win32_1.0.0.202111181127/tools/bin/../lib/gcc/arm-none-eabi/10.3.1/thumb/v7e-m+fp/hard/crtbegin.o
                0x000000000800adcc                PROVIDE (__init_array_end = .)
                0x000000000800adcc                . = ALIGN (0x4)

.fini_array     0x000000000800adcc        0x4
                0x000000000800adcc                . = ALIGN (0x4)
                [!provide]                        PROVIDE (__fini_array_start = .)
 *(SORT_BY_NAME(.fini_array.*))
 *(.fini_array*)
 .fini_array    0x000000000800adcc        0x4 c:/st/stm32cubeide_1.7.0/stm32cubeide/plugins/com.st.stm32cube.ide.mcu.externaltools.gnu-tools-for-stm32.10.3-2021.10.win32_1.0.0.202111181127/tools/bin/../lib/gcc/arm-none-eabi/10.3.1/thumb/v7e-m+fp/hard/crtbegin.o
                [!provide]                        PROVIDE (__fini_array_end = .)
                0x000000000800add0                . = ALIGN (0x4)
                0x000000000800add0                _sidata = LOADADDR (.data)

.data           0x0000000020000000       0x40 load address 0x000000000800add0
                0x0000000020000000                . = ALIGN (0x4)
                0x0000000020000000                _sdata = .
 *(.data)
 *(.data*)
 .data.ActualFreq_Val
                0x0000000020000000        0x4 ./Core/Src/400WControl.o
                0x0000000020000000                ActualFreq_Val
 .data.Amplitude
                0x0000000020000004        0x2 ./Core/Src/400WControl.o
                0x0000000020000004                Amplitude
 .data.FIRST_CYCLE
                0x0000000020000006        0x1 ./Core/Src/400WControl.o
                0x0000000020000006                FIRST_CYCLE
 .data.LF_MOS_SET
                0x0000000020000007        0x1 ./Core/Src/400WControl.o
                0x0000000020000007                LF_MOS_SET
 .data.PV_Voltage_startup
                0x0000000020000008        0x2 ./Core/Src/400WControl.o
                0x0000000020000008                PV_Voltage_startup
 .data.PowerThreshold
                0x000000002000000a        0x2 ./Core/Src/400WControl.o
                0x000000002000000a                PowerThreshold
 .data.RESET_TIMER_D
                0x000000002000000c        0x1 ./Core/Src/400WControl.o
                0x000000002000000c                RESET_TIMER_D
 *fill*         0x000000002000000d        0x1 
 .data.z1       0x000000002000000e        0x2 ./Core/Src/400WControl.o
                0x000000002000000e                z1
 .data.z2       0x0000000020000010        0x2 ./Core/Src/400WControl.o
                0x0000000020000010                z2
 .data.Freq_Control
                0x0000000020000012        0x1 ./Core/Src/DQ_PhaseLockedLoop.o
                0x0000000020000012                Freq_Control
 .data.GDVoltage
                0x0000000020000013        0x1 ./Core/Src/DQ_PhaseLockedLoop.o
                0x0000000020000013                GDVoltage
 .data.VqFiltered_min
                0x0000000020000014        0x2 ./Core/Src/DQ_PhaseLockedLoop.o
                0x0000000020000014                VqFiltered_min
 .data.OVERCURRENT_MID
                0x0000000020000016        0x2 ./Core/Src/main.o
                0x0000000020000016                OVERCURRENT_MID
 .data.OVERCURRENT_THS
                0x0000000020000018        0x2 ./Core/Src/main.o
                0x0000000020000018                OVERCURRENT_THS
 *fill*         0x000000002000001a        0x2 
 .data.SystemCoreClock
                0x000000002000001c        0x4 ./Core/Src/system_stm32g4xx.o
                0x000000002000001c                SystemCoreClock
 .data.uwTickFreq
                0x0000000020000020        0x4 ./Drivers/STM32G4xx_HAL_Driver/Src/stm32g4xx_hal.o
                0x0000000020000020                uwTickFreq
 .data.uwTickPrio
                0x0000000020000024        0x4 ./Drivers/STM32G4xx_HAL_Driver/Src/stm32g4xx_hal.o
                0x0000000020000024                uwTickPrio
 .data.USER_Driver
                0x0000000020000028       0x14 ./FATFS/Target/user_diskio.o
                0x0000000020000028                USER_Driver
 .data.Stat     0x000000002000003c        0x1 ./FATFS/Target/user_diskio_spi.o
 *(.RamFunc)
 *(.RamFunc*)
                0x0000000020000040                . = ALIGN (0x4)
 *fill*         0x000000002000003d        0x3 
                0x0000000020000040                _edata = .

.igot.plt       0x0000000020000040        0x0 load address 0x000000000800ae10
 .igot.plt      0x0000000020000040        0x0 c:/st/stm32cubeide_1.7.0/stm32cubeide/plugins/com.st.stm32cube.ide.mcu.externaltools.gnu-tools-for-stm32.10.3-2021.10.win32_1.0.0.202111181127/tools/bin/../lib/gcc/arm-none-eabi/10.3.1/thumb/v7e-m+fp/hard/crtbegin.o
                0x0000000020000040                . = ALIGN (0x4)

.bss            0x0000000020000040     0x9408 load address 0x000000000800ae10
                0x0000000020000040                _sbss = .
                0x0000000020000040                __bss_start__ = _sbss
 *(.bss)
 .bss           0x0000000020000040       0x1c c:/st/stm32cubeide_1.7.0/stm32cubeide/plugins/com.st.stm32cube.ide.mcu.externaltools.gnu-tools-for-stm32.10.3-2021.10.win32_1.0.0.202111181127/tools/bin/../lib/gcc/arm-none-eabi/10.3.1/thumb/v7e-m+fp/hard/crtbegin.o
 *(.bss*)
 .bss.Active_Power_PID
                0x000000002000005c        0xc ./Core/Src/400WControl.o
                0x000000002000005c                Active_Power_PID
 .bss.Actual_QD_Power
                0x0000000020000068        0x4 ./Core/Src/400WControl.o
                0x0000000020000068                Actual_QD_Power
 .bss.BUS_Voltage_PID
                0x000000002000006c        0xc ./Core/Src/400WControl.o
                0x000000002000006c                BUS_Voltage_PID
 .bss.BusFiltered.0
                0x0000000020000078        0x2 ./Core/Src/400WControl.o
 .bss.BusOverVoltage
                0x000000002000007a        0x1 ./Core/Src/400WControl.o
                0x000000002000007a                BusOverVoltage
 *fill*         0x000000002000007b        0x1 
 .bss.Bus_Voltage
                0x000000002000007c        0x2 ./Core/Src/400WControl.o
                0x000000002000007c                Bus_Voltage
 .bss.ControlMode
                0x000000002000007e        0x1 ./Core/Src/400WControl.o
 *fill*         0x000000002000007f        0x1 
 .bss.Control_Volt_AlphaBeta
                0x0000000020000080        0x4 ./Core/Src/400WControl.o
                0x0000000020000080                Control_Volt_AlphaBeta
 .bss.CtrlParam
                0x0000000020000084       0x34 ./Core/Src/400WControl.o
 .bss.DQ_PLL_PID
                0x00000000200000b8        0xc ./Core/Src/400WControl.o
                0x00000000200000b8                DQ_PLL_PID
 .bss.Data      0x00000000200000c4       0x34 ./Core/Src/400WControl.o
 .bss.DataInitCount
                0x00000000200000f8        0x4 ./Core/Src/400WControl.o
                0x00000000200000f8                DataInitCount
 .bss.DataSensingIO
                0x00000000200000fc       0x16 ./Core/Src/400WControl.o
                0x00000000200000fc                DataSensingIO
 *fill*         0x0000000020000112        0x2 
 .bss.DataSensingOffSet
                0x0000000020000114       0x16 ./Core/Src/400WControl.o
                0x0000000020000114                DataSensingOffSet
 *fill*         0x000000002000012a        0x2 
 .bss.DataSensing_sum
                0x000000002000012c       0x2c ./Core/Src/400WControl.o
                0x000000002000012c                DataSensing_sum
 .bss.Diagnostic_Control
                0x0000000020000158        0x1 ./Core/Src/400WControl.o
                0x0000000020000158                Diagnostic_Control
 *fill*         0x0000000020000159        0x3 
 .bss.Direct_Current_PID
                0x000000002000015c        0xc ./Core/Src/400WControl.o
                0x000000002000015c                Direct_Current_PID
 .bss.Fault     0x0000000020000168        0x2 ./Core/Src/400WControl.o
 .bss.GridOutage
                0x000000002000016a        0x1 ./Core/Src/400WControl.o
                0x000000002000016a                GridOutage
 *fill*         0x000000002000016b        0x1 
 .bss.Grid_Voltage
                0x000000002000016c        0x2 ./Core/Src/400WControl.o
                0x000000002000016c                Grid_Voltage
 .bss.Grid_Voltage_max
                0x000000002000016e        0x2 ./Core/Src/400WControl.o
                0x000000002000016e                Grid_Voltage_max
 .bss.Grid_Voltage_min
                0x0000000020000170        0x2 ./Core/Src/400WControl.o
                0x0000000020000170                Grid_Voltage_min
 .bss.LF_UPDATE
                0x0000000020000172        0x1 ./Core/Src/400WControl.o
                0x0000000020000172                LF_UPDATE
 .bss.MPPT_EN   0x0000000020000173        0x1 ./Core/Src/400WControl.o
                0x0000000020000173                MPPT_EN
 .bss.MPPT_PID  0x0000000020000174        0xc ./Core/Src/400WControl.o
                0x0000000020000174                MPPT_PID
 .bss.MPPT_num  0x0000000020000180        0x1 ./Core/Src/400WControl.o
                0x0000000020000180                MPPT_num
 *fill*         0x0000000020000181        0x1 
 .bss.OC_PROT_ON
                0x0000000020000182        0x2 ./Core/Src/400WControl.o
                0x0000000020000182                OC_PROT_ON
 .bss.Output_qVd_Grid
                0x0000000020000184        0x2 ./Core/Src/400WControl.o
                0x0000000020000184                Output_qVd_Grid
 .bss.PLL_par_red_ki
                0x0000000020000186        0x1 ./Core/Src/400WControl.o
                0x0000000020000186                PLL_par_red_ki
 .bss.PLL_par_red_kp
                0x0000000020000187        0x1 ./Core/Src/400WControl.o
                0x0000000020000187                PLL_par_red_kp
 .bss.PLL_reducing
                0x0000000020000188        0x1 ./Core/Src/400WControl.o
                0x0000000020000188                PLL_reducing
 .bss.PRECHARGE_OK
                0x0000000020000189        0x1 ./Core/Src/400WControl.o
                0x0000000020000189                PRECHARGE_OK
 .bss.PV_Current
                0x000000002000018a        0x2 ./Core/Src/400WControl.o
                0x000000002000018a                PV_Current
 .bss.PV_Voltage
                0x000000002000018c        0x2 ./Core/Src/400WControl.o
                0x000000002000018c                PV_Voltage
 .bss.PV_Voltage_prev
                0x000000002000018e        0x2 ./Core/Src/400WControl.o
                0x000000002000018e                PV_Voltage_prev
 .bss.PVcurrentFiltered.1
                0x0000000020000190        0x2 ./Core/Src/400WControl.o
 .bss.PVvoltageFiltered.2
                0x0000000020000192        0x2 ./Core/Src/400WControl.o
 .bss.Pulse1    0x0000000020000194        0x4 ./Core/Src/400WControl.o
 .bss.Quadrature_Current_PID
                0x0000000020000198        0xc ./Core/Src/400WControl.o
                0x0000000020000198                Quadrature_Current_PID
 .bss.RELAY_ON  0x00000000200001a4        0x1 ./Core/Src/400WControl.o
                0x00000000200001a4                RELAY_ON
 *fill*         0x00000000200001a5        0x3 
 .bss.Reactive_Power_PID
                0x00000000200001a8        0xc ./Core/Src/400WControl.o
                0x00000000200001a8                Reactive_Power_PID
 .bss.State     0x00000000200001b4        0x2 ./Core/Src/400WControl.o
 .bss.State_Control
                0x00000000200001b6        0x1 ./Core/Src/400WControl.o
                0x00000000200001b6                State_Control
 *fill*         0x00000000200001b7        0x1 
 .bss.StoppingCount
                0x00000000200001b8        0x4 ./Core/Src/400WControl.o
                0x00000000200001b8                StoppingCount
 .bss.Vacprot   0x00000000200001bc        0x1 ./Core/Src/400WControl.o
                0x00000000200001bc                Vacprot
 *fill*         0x00000000200001bd        0x3 
 .bss.WAIT_RELAY_STABLE
                0x00000000200001c0        0x4 ./Core/Src/400WControl.o
                0x00000000200001c0                WAIT_RELAY_STABLE
 .bss.Wait_BUS_DC_Reading
                0x00000000200001c4        0x4 ./Core/Src/400WControl.o
                0x00000000200001c4                Wait_BUS_DC_Reading
 .bss.Wait_GRID_Insertion
                0x00000000200001c8        0x4 ./Core/Src/400WControl.o
                0x00000000200001c8                Wait_GRID_Insertion
 .bss.Wait_MPPT
                0x00000000200001cc        0x2 ./Core/Src/400WControl.o
                0x00000000200001cc                Wait_MPPT
 *fill*         0x00000000200001ce        0x2 
 .bss.buffer    0x00000000200001d0     0x1ffe ./Core/Src/400WControl.o
                0x00000000200001d0                buffer
 *fill*         0x00000000200021ce        0x2 
 .bss.buffer2   0x00000000200021d0     0x1ffe ./Core/Src/400WControl.o
                0x00000000200021d0                buffer2
 .bss.bus_pre_charge
                0x00000000200041ce        0x2 ./Core/Src/400WControl.o
                0x00000000200041ce                bus_pre_charge
 .bss.calib     0x00000000200041d0        0x1 ./Core/Src/400WControl.o
                0x00000000200041d0                calib
 *fill*         0x00000000200041d1        0x1 
 .bss.count_mppt
                0x00000000200041d2        0x2 ./Core/Src/400WControl.o
                0x00000000200041d2                count_mppt
 .bss.ii        0x00000000200041d4        0x2 ./Core/Src/400WControl.o
                0x00000000200041d4                ii
 .bss.mppt_req  0x00000000200041d6        0x1 ./Core/Src/400WControl.o
                0x00000000200041d6                mppt_req
 .bss.polarity  0x00000000200041d7        0x1 ./Core/Src/400WControl.o
                0x00000000200041d7                polarity
 .bss.ptr_Pulse1_IT
                0x00000000200041d8        0x4 ./Core/Src/400WControl.o
                0x00000000200041d8                ptr_Pulse1_IT
 .bss.ptr_Pulse2_IT
                0x00000000200041dc        0x4 ./Core/Src/400WControl.o
                0x00000000200041dc                ptr_Pulse2_IT
 .bss.ptr_State_Control
                0x00000000200041e0        0x4 ./Core/Src/400WControl.o
                0x00000000200041e0                ptr_State_Control
 .bss.ptr_org_State_Control
                0x00000000200041e4        0x4 ./Core/Src/400WControl.o
                0x00000000200041e4                ptr_org_State_Control
 .bss.qIalpha_Inverter
                0x00000000200041e8        0x2 ./Core/Src/400WControl.o
                0x00000000200041e8                qIalpha_Inverter
 .bss.qIbeta_Inverter
                0x00000000200041ea        0x2 ./Core/Src/400WControl.o
                0x00000000200041ea                qIbeta_Inverter
 .bss.update_i  0x00000000200041ec        0x1 ./Core/Src/400WControl.o
                0x00000000200041ec                update_i
 *fill*         0x00000000200041ed        0x1 
 .bss.waiting_output_current_limit
                0x00000000200041ee        0x2 ./Core/Src/400WControl.o
                0x00000000200041ee                waiting_output_current_limit
 .bss.waiting_time
                0x00000000200041f0        0x2 ./Core/Src/400WControl.o
                0x00000000200041f0                waiting_time
 *fill*         0x00000000200041f2        0x2 
 .bss.LocalDevice
                0x00000000200041f4        0xc ./Core/Src/DCAC_Inverter.o
 .bss.Pulse_Buffer
                0x0000000020004200      0x7d0 ./Core/Src/DCAC_Inverter.o
                0x0000000020004200                Pulse_Buffer
 .bss.iii       0x00000000200049d0        0x2 ./Core/Src/DCAC_Inverter.o
                0x00000000200049d0                iii
 *fill*         0x00000000200049d2        0x2 
 .bss.LocalDevice
                0x00000000200049d4       0x18 ./Core/Src/DCDC_Converter.o
 .bss.NEW_DCDC_PERIOD
                0x00000000200049ec        0x4 ./Core/Src/DCDC_Converter.o
                0x00000000200049ec                NEW_DCDC_PERIOD
 .bss.NEW_isoDCDC_PERDIOD
                0x00000000200049f0        0x4 ./Core/Src/DCDC_Converter.o
                0x00000000200049f0                NEW_isoDCDC_PERDIOD
 .bss.TIMD_DMA_Buffer
                0x00000000200049f4        0x4 ./Core/Src/DCDC_Converter.o
                0x00000000200049f4                TIMD_DMA_Buffer
 .bss.dutyadj   0x00000000200049f8        0x4 ./Core/Src/DCDC_Converter.o
                0x00000000200049f8                dutyadj
 .bss.frequencyinc
                0x00000000200049fc        0x4 ./Core/Src/DCDC_Converter.o
                0x00000000200049fc                frequencyinc
 .bss.AVG_Direct_Current
                0x0000000020004a00        0x2 ./Core/Src/DQ_PhaseLockedLoop.o
                0x0000000020004a00                AVG_Direct_Current
 .bss.AVG_Quadrature_Current
                0x0000000020004a02        0x2 ./Core/Src/DQ_PhaseLockedLoop.o
                0x0000000020004a02                AVG_Quadrature_Current
 .bss.BUFFER_Beta_Acquisitions
                0x0000000020004a04      0x200 ./Core/Src/DQ_PhaseLockedLoop.o
                0x0000000020004a04                BUFFER_Beta_Acquisitions
 .bss.BUFFER_Beta_Voltage
                0x0000000020004c04      0x200 ./Core/Src/DQ_PhaseLockedLoop.o
                0x0000000020004c04                BUFFER_Beta_Voltage
 .bss.Cos_Theta
                0x0000000020004e04        0x2 ./Core/Src/DQ_PhaseLockedLoop.o
                0x0000000020004e04                Cos_Theta
 .bss.Count_Beta.7
                0x0000000020004e06        0x1 ./Core/Src/DQ_PhaseLockedLoop.o
 .bss.Count_Beta_2.39
                0x0000000020004e07        0x1 ./Core/Src/DQ_PhaseLockedLoop.o
 .bss.Delta_Theta_tmp.17
                0x0000000020004e08        0x4 ./Core/Src/DQ_PhaseLockedLoop.o
 .bss.Grid_Volt_q_d
                0x0000000020004e0c        0x4 ./Core/Src/DQ_PhaseLockedLoop.o
                0x0000000020004e0c                Grid_Volt_q_d
 .bss.Index_Cos
                0x0000000020004e10        0x2 ./Core/Src/DQ_PhaseLockedLoop.o
                0x0000000020004e10                Index_Cos
 .bss.Index_Sin
                0x0000000020004e12        0x2 ./Core/Src/DQ_PhaseLockedLoop.o
                0x0000000020004e12                Index_Sin
 .bss.Inverter_q_d
                0x0000000020004e14        0x4 ./Core/Src/DQ_PhaseLockedLoop.o
                0x0000000020004e14                Inverter_q_d
 .bss.Output_qId_Inverter
                0x0000000020004e18        0x2 ./Core/Src/DQ_PhaseLockedLoop.o
                0x0000000020004e18                Output_qId_Inverter
 .bss.Output_qIq_Inverter
                0x0000000020004e1a        0x2 ./Core/Src/DQ_PhaseLockedLoop.o
                0x0000000020004e1a                Output_qIq_Inverter
 .bss.Sin_Theta
                0x0000000020004e1c        0x2 ./Core/Src/DQ_PhaseLockedLoop.o
                0x0000000020004e1c                Sin_Theta
 *fill*         0x0000000020004e1e        0x2 
 .bss.Sum_Direct.10
                0x0000000020004e20        0x4 ./Core/Src/DQ_PhaseLockedLoop.o
 .bss.Sum_Quadrature.11
                0x0000000020004e24        0x4 ./Core/Src/DQ_PhaseLockedLoop.o
 .bss.Theta     0x0000000020004e28        0x2 ./Core/Src/DQ_PhaseLockedLoop.o
                0x0000000020004e28                Theta
 .bss.Theta_Grid
                0x0000000020004e2a        0x2 ./Core/Src/DQ_PhaseLockedLoop.o
                0x0000000020004e2a                Theta_Grid
 .bss.Theta_previous
                0x0000000020004e2c        0x2 ./Core/Src/DQ_PhaseLockedLoop.o
                0x0000000020004e2c                Theta_previous
 .bss.Theta_time
                0x0000000020004e2e        0x2 ./Core/Src/DQ_PhaseLockedLoop.o
                0x0000000020004e2e                Theta_time
 .bss.VqFiltered
                0x0000000020004e30        0x2 ./Core/Src/DQ_PhaseLockedLoop.o
                0x0000000020004e30                VqFiltered
 .bss.VqFiltered_max
                0x0000000020004e32        0x2 ./Core/Src/DQ_PhaseLockedLoop.o
                0x0000000020004e32                VqFiltered_max
 .bss.VqFiltered_mean
                0x0000000020004e34        0x4 ./Core/Src/DQ_PhaseLockedLoop.o
                0x0000000020004e34                VqFiltered_mean
 .bss.VqFiltered_prec
                0x0000000020004e38        0x2 ./Core/Src/DQ_PhaseLockedLoop.o
                0x0000000020004e38                VqFiltered_prec
 .bss.freq_monitor_time.15
                0x0000000020004e3a        0x2 ./Core/Src/DQ_PhaseLockedLoop.o
 .bss.qValpha   0x0000000020004e3c        0x2 ./Core/Src/DQ_PhaseLockedLoop.o
                0x0000000020004e3c                qValpha
 .bss.qVbeta    0x0000000020004e3e        0x2 ./Core/Src/DQ_PhaseLockedLoop.o
                0x0000000020004e3e                qVbeta
 .bss.theta_total
                0x0000000020004e40     0x4000 ./Core/Src/DQ_PhaseLockedLoop.o
                0x0000000020004e40                theta_total
 .bss.tti       0x0000000020008e40        0x2 ./Core/Src/DQ_PhaseLockedLoop.o
 .bss.zero_detect
                0x0000000020008e42        0x2 ./Core/Src/DQ_PhaseLockedLoop.o
                0x0000000020008e42                zero_detect
 .bss.DCAC_DATA
                0x0000000020008e44        0x6 ./Core/Src/DataSensing.o
                0x0000000020008e44                DCAC_DATA
 *fill*         0x0000000020008e4a        0x2 
 .bss.DataSensing
                0x0000000020008e4c       0x14 ./Core/Src/DataSensing.o
 .bss.Pulse1_IT
                0x0000000020008e60        0x4 ./Core/Src/DataSensing.o
                0x0000000020008e60                Pulse1_IT
 .bss.Pulse2_IT
                0x0000000020008e64        0x1 ./Core/Src/DataSensing.o
                0x0000000020008e64                Pulse2_IT
 *fill*         0x0000000020008e65        0x3 
 .bss.to_grid_State_Control
                0x0000000020008e68        0x6 ./Core/Src/DataSensing.o
                0x0000000020008e68                to_grid_State_Control
 *fill*         0x0000000020008e6e        0x2 
 .bss.Integral_Bus_Voltage
                0x0000000020008e70        0x4 ./Core/Src/PLL_Regulator.o
 .bss.Integral_Voltage
                0x0000000020008e74        0x4 ./Core/Src/PLL_Regulator.o
 .bss.PLL_par_red_ki_n
                0x0000000020008e78        0x2 ./Core/Src/PLL_Regulator.o
                0x0000000020008e78                PLL_par_red_ki_n
 .bss.PLL_par_red_kp_n
                0x0000000020008e7a        0x2 ./Core/Src/PLL_Regulator.o
                0x0000000020008e7a                PLL_par_red_kp_n
 .bss.hdma_hrtim1_d
                0x0000000020008e7c       0x60 ./Core/Src/main.o
                0x0000000020008e7c                hdma_hrtim1_d
 .bss.hdma_hrtim1_f
                0x0000000020008edc       0x60 ./Core/Src/main.o
                0x0000000020008edc                hdma_hrtim1_f
 .bss.hdma_spi3_rx
                0x0000000020008f3c       0x60 ./Core/Src/main.o
                0x0000000020008f3c                hdma_spi3_rx
 .bss.hdma_spi3_tx
                0x0000000020008f9c       0x60 ./Core/Src/main.o
                0x0000000020008f9c                hdma_spi3_tx
 .bss.hdma_spi4_rx
                0x0000000020008ffc       0x60 ./Core/Src/main.o
                0x0000000020008ffc                hdma_spi4_rx
 .bss.hdma_spi4_tx
                0x000000002000905c       0x60 ./Core/Src/main.o
                0x000000002000905c                hdma_spi4_tx
 .bss.hfdcan1   0x00000000200090bc       0x64 ./Core/Src/main.o
                0x00000000200090bc                hfdcan1
 .bss.hhrtim1   0x0000000020009120       0xfc ./Core/Src/main.o
                0x0000000020009120                hhrtim1
 .bss.hspi1     0x000000002000921c       0x64 ./Core/Src/main.o
                0x000000002000921c                hspi1
 .bss.hspi3     0x0000000020009280       0x64 ./Core/Src/main.o
                0x0000000020009280                hspi3
 .bss.hspi4     0x00000000200092e4       0x64 ./Core/Src/main.o
                0x00000000200092e4                hspi4
 .bss.htim1     0x0000000020009348       0x4c ./Core/Src/main.o
                0x0000000020009348                htim1
 .bss.huart3    0x0000000020009394       0x90 ./Core/Src/main.o
                0x0000000020009394                huart3
 .bss.uwTick    0x0000000020009424        0x4 ./Drivers/STM32G4xx_HAL_Driver/Src/stm32g4xx_hal.o
                0x0000000020009424                uwTick
 .bss.Appli_state
                0x0000000020009428        0x1 ./FATFS/App/app_fatfs.o
                0x0000000020009428                Appli_state
 *fill*         0x0000000020009429        0x3 
 .bss.USERPath  0x000000002000942c        0x4 ./FATFS/App/app_fatfs.o
                0x000000002000942c                USERPath
 .bss.CardType  0x0000000020009430        0x1 ./FATFS/Target/user_diskio_spi.o
 *fill*         0x0000000020009431        0x3 
 .bss.spiTimerTickDelay
                0x0000000020009434        0x4 ./FATFS/Target/user_diskio_spi.o
                0x0000000020009434                spiTimerTickDelay
 .bss.spiTimerTickStart
                0x0000000020009438        0x4 ./FATFS/Target/user_diskio_spi.o
                0x0000000020009438                spiTimerTickStart
 .bss.disk      0x000000002000943c        0xc ./Middlewares/Third_Party/FatFs/src/ff_gen_drv.o
                0x000000002000943c                disk
 *(COMMON)
                0x0000000020009448                . = ALIGN (0x4)
                0x0000000020009448                _ebss = .
                0x0000000020009448                __bss_end__ = _ebss

._user_heap_stack
                0x0000000020009448      0x600 load address 0x000000000800ae10
                0x0000000020009448                . = ALIGN (0x8)
                [!provide]                        PROVIDE (end = .)
                0x0000000020009448                PROVIDE (_end = .)
                0x0000000020009648                . = (. + _Min_Heap_Size)
 *fill*         0x0000000020009448      0x200 
                0x0000000020009a48                . = (. + _Min_Stack_Size)
 *fill*         0x0000000020009648      0x400 
                0x0000000020009a48                . = ALIGN (0x8)

/DISCARD/
 libc.a(*)
 libm.a(*)
 libgcc.a(*)

.ARM.attributes
                0x0000000000000000       0x30
 *(.ARM.attributes)
 .ARM.attributes
                0x0000000000000000       0x1e c:/st/stm32cubeide_1.7.0/stm32cubeide/plugins/com.st.stm32cube.ide.mcu.externaltools.gnu-tools-for-stm32.10.3-2021.10.win32_1.0.0.202111181127/tools/bin/../lib/gcc/arm-none-eabi/10.3.1/thumb/v7e-m+fp/hard/crti.o
 .ARM.attributes
                0x000000000000001e       0x34 c:/st/stm32cubeide_1.7.0/stm32cubeide/plugins/com.st.stm32cube.ide.mcu.externaltools.gnu-tools-for-stm32.10.3-2021.10.win32_1.0.0.202111181127/tools/bin/../lib/gcc/arm-none-eabi/10.3.1/thumb/v7e-m+fp/hard/crtbegin.o
 .ARM.attributes
                0x0000000000000052       0x34 ./Core/Src/400WControl.o
 .ARM.attributes
                0x0000000000000086       0x34 ./Core/Src/DCAC_Inverter.o
 .ARM.attributes
                0x00000000000000ba       0x34 ./Core/Src/DCDC_Converter.o
 .ARM.attributes
                0x00000000000000ee       0x34 ./Core/Src/DQ_PhaseLockedLoop.o
 .ARM.attributes
                0x0000000000000122       0x34 ./Core/Src/DataSensing.o
 .ARM.attributes
                0x0000000000000156       0x34 ./Core/Src/PI_Regulator.o
 .ARM.attributes
                0x000000000000018a       0x34 ./Core/Src/PLL_Regulator.o
 .ARM.attributes
                0x00000000000001be       0x34 ./Core/Src/Solar_Mul_Div.o
 .ARM.attributes
                0x00000000000001f2       0x34 ./Core/Src/main.o
 .ARM.attributes
                0x0000000000000226       0x34 ./Core/Src/stm32g4xx_hal_msp.o
 .ARM.attributes
                0x000000000000025a       0x34 ./Core/Src/stm32g4xx_it.o
 .ARM.attributes
                0x000000000000028e       0x34 ./Core/Src/system_stm32g4xx.o
 .ARM.attributes
                0x00000000000002c2       0x21 ./Core/Startup/startup_stm32g474qetx.o
 .ARM.attributes
                0x00000000000002e3       0x34 ./Drivers/STM32G4xx_HAL_Driver/Src/stm32g4xx_hal.o
 .ARM.attributes
                0x0000000000000317       0x34 ./Drivers/STM32G4xx_HAL_Driver/Src/stm32g4xx_hal_cortex.o
 .ARM.attributes
                0x000000000000034b       0x34 ./Drivers/STM32G4xx_HAL_Driver/Src/stm32g4xx_hal_dma.o
 .ARM.attributes
                0x000000000000037f       0x34 ./Drivers/STM32G4xx_HAL_Driver/Src/stm32g4xx_hal_fdcan.o
 .ARM.attributes
                0x00000000000003b3       0x34 ./Drivers/STM32G4xx_HAL_Driver/Src/stm32g4xx_hal_gpio.o
 .ARM.attributes
                0x00000000000003e7       0x34 ./Drivers/STM32G4xx_HAL_Driver/Src/stm32g4xx_hal_hrtim.o
 .ARM.attributes
                0x000000000000041b       0x34 ./Drivers/STM32G4xx_HAL_Driver/Src/stm32g4xx_hal_pwr_ex.o
 .ARM.attributes
                0x000000000000044f       0x34 ./Drivers/STM32G4xx_HAL_Driver/Src/stm32g4xx_hal_rcc.o
 .ARM.attributes
                0x0000000000000483       0x34 ./Drivers/STM32G4xx_HAL_Driver/Src/stm32g4xx_hal_spi.o
 .ARM.attributes
                0x00000000000004b7       0x34 ./Drivers/STM32G4xx_HAL_Driver/Src/stm32g4xx_hal_tim.o
 .ARM.attributes
                0x00000000000004eb       0x34 ./Drivers/STM32G4xx_HAL_Driver/Src/stm32g4xx_hal_tim_ex.o
 .ARM.attributes
                0x000000000000051f       0x34 ./Drivers/STM32G4xx_HAL_Driver/Src/stm32g4xx_hal_uart.o
 .ARM.attributes
                0x0000000000000553       0x34 ./Drivers/STM32G4xx_HAL_Driver/Src/stm32g4xx_hal_uart_ex.o
 .ARM.attributes
                0x0000000000000587       0x34 ./Drivers/STM32G4xx_HAL_Driver/Src/stm32g4xx_ll_adc.o
 .ARM.attributes
                0x00000000000005bb       0x34 ./Drivers/STM32G4xx_HAL_Driver/Src/stm32g4xx_ll_comp.o
 .ARM.attributes
                0x00000000000005ef       0x34 ./Drivers/STM32G4xx_HAL_Driver/Src/stm32g4xx_ll_dac.o
 .ARM.attributes
                0x0000000000000623       0x34 ./Drivers/STM32G4xx_HAL_Driver/Src/stm32g4xx_ll_gpio.o
 .ARM.attributes
                0x0000000000000657       0x34 ./Drivers/STM32G4xx_HAL_Driver/Src/stm32g4xx_ll_opamp.o
 .ARM.attributes
                0x000000000000068b       0x34 ./Drivers/STM32G4xx_HAL_Driver/Src/stm32g4xx_ll_tim.o
 .ARM.attributes
                0x00000000000006bf       0x34 ./Drivers/STM32G4xx_HAL_Driver/Src/stm32g4xx_ll_utils.o
 .ARM.attributes
                0x00000000000006f3       0x34 ./FATFS/App/app_fatfs.o
 .ARM.attributes
                0x0000000000000727       0x34 ./FATFS/Target/user_diskio.o
 .ARM.attributes
                0x000000000000075b       0x34 ./FATFS/Target/user_diskio_spi.o
 .ARM.attributes
                0x000000000000078f       0x34 ./Middlewares/Third_Party/FatFs/src/ff_gen_drv.o
 .ARM.attributes
                0x00000000000007c3       0x34 c:/st/stm32cubeide_1.7.0/stm32cubeide/plugins/com.st.stm32cube.ide.mcu.externaltools.gnu-tools-for-stm32.10.3-2021.10.win32_1.0.0.202111181127/tools/bin/../lib/gcc/arm-none-eabi/10.3.1/../../../../arm-none-eabi/lib/thumb/v7e-m+fp/hard\libc_nano.a(lib_a-init.o)
 .ARM.attributes
                0x00000000000007f7       0x34 c:/st/stm32cubeide_1.7.0/stm32cubeide/plugins/com.st.stm32cube.ide.mcu.externaltools.gnu-tools-for-stm32.10.3-2021.10.win32_1.0.0.202111181127/tools/bin/../lib/gcc/arm-none-eabi/10.3.1/../../../../arm-none-eabi/lib/thumb/v7e-m+fp/hard\libc_nano.a(lib_a-memset.o)
 .ARM.attributes
                0x000000000000082b       0x1e c:/st/stm32cubeide_1.7.0/stm32cubeide/plugins/com.st.stm32cube.ide.mcu.externaltools.gnu-tools-for-stm32.10.3-2021.10.win32_1.0.0.202111181127/tools/bin/../lib/gcc/arm-none-eabi/10.3.1/thumb/v7e-m+fp/hard\libgcc.a(_arm_muldf3.o)
 .ARM.attributes
                0x0000000000000849       0x1e c:/st/stm32cubeide_1.7.0/stm32cubeide/plugins/com.st.stm32cube.ide.mcu.externaltools.gnu-tools-for-stm32.10.3-2021.10.win32_1.0.0.202111181127/tools/bin/../lib/gcc/arm-none-eabi/10.3.1/thumb/v7e-m+fp/hard\libgcc.a(_arm_addsubdf3.o)
 .ARM.attributes
                0x0000000000000867       0x1e c:/st/stm32cubeide_1.7.0/stm32cubeide/plugins/com.st.stm32cube.ide.mcu.externaltools.gnu-tools-for-stm32.10.3-2021.10.win32_1.0.0.202111181127/tools/bin/../lib/gcc/arm-none-eabi/10.3.1/thumb/v7e-m+fp/hard\libgcc.a(_arm_cmpdf2.o)
 .ARM.attributes
                0x0000000000000885       0x1e c:/st/stm32cubeide_1.7.0/stm32cubeide/plugins/com.st.stm32cube.ide.mcu.externaltools.gnu-tools-for-stm32.10.3-2021.10.win32_1.0.0.202111181127/tools/bin/../lib/gcc/arm-none-eabi/10.3.1/thumb/v7e-m+fp/hard\libgcc.a(_arm_fixdfsi.o)
 .ARM.attributes
                0x00000000000008a3       0x1e c:/st/stm32cubeide_1.7.0/stm32cubeide/plugins/com.st.stm32cube.ide.mcu.externaltools.gnu-tools-for-stm32.10.3-2021.10.win32_1.0.0.202111181127/tools/bin/../lib/gcc/arm-none-eabi/10.3.1/thumb/v7e-m+fp/hard\libgcc.a(_arm_fixunsdfsi.o)
 .ARM.attributes
                0x00000000000008c1       0x1e c:/st/stm32cubeide_1.7.0/stm32cubeide/plugins/com.st.stm32cube.ide.mcu.externaltools.gnu-tools-for-stm32.10.3-2021.10.win32_1.0.0.202111181127/tools/bin/../lib/gcc/arm-none-eabi/10.3.1/thumb/v7e-m+fp/hard\libgcc.a(_aeabi_uldivmod.o)
 .ARM.attributes
                0x00000000000008df       0x34 c:/st/stm32cubeide_1.7.0/stm32cubeide/plugins/com.st.stm32cube.ide.mcu.externaltools.gnu-tools-for-stm32.10.3-2021.10.win32_1.0.0.202111181127/tools/bin/../lib/gcc/arm-none-eabi/10.3.1/thumb/v7e-m+fp/hard\libgcc.a(_udivmoddi4.o)
 .ARM.attributes
                0x0000000000000913       0x1e c:/st/stm32cubeide_1.7.0/stm32cubeide/plugins/com.st.stm32cube.ide.mcu.externaltools.gnu-tools-for-stm32.10.3-2021.10.win32_1.0.0.202111181127/tools/bin/../lib/gcc/arm-none-eabi/10.3.1/thumb/v7e-m+fp/hard\libgcc.a(_dvmd_tls.o)
 .ARM.attributes