fatfs_sd.c:133:13:SD_PowerOff	0	static
fatfs_sd.c:139:16:SD_CheckPower	0	static
fatfs_sd.c:50:13:SPI_TxBuffer	8	static
fatfs_sd.c:43:13:SPI_TxByte	16	static
fatfs_sd.c:29:13:SELECT	8	static
fatfs_sd.c:36:13:DESELECT	8	static
fatfs_sd.c:57:16:SPI_RxByte	24	static
fatfs_sd.c:95:13:SD_PowerOn	16	static
fatfs_sd.c:79:16:SD_ReadyWait	8	static
fatfs_sd.c:216:13:SD_SendCmd	16	static
fatfs_sd.c:69:13:SPI_RxBytePtr	8	static
fatfs_sd.c:145:13:SD_RxDataBlock	16	static
fatfs_sd.c:174:13:SD_TxDataBlock	16	static
fatfs_sd.c:255:9:SD_disk_initialize	24	static
fatfs_sd.c:355:9:SD_disk_status	0	static
fatfs_sd.c:362:9:SD_disk_read	16	static
fatfs_sd.c:404:9:SD_disk_write	16	static
fatfs_sd.c:459:9:SD_disk_ioctl	40	static
